Jul 10 12:19:53 server sshd[92]: Received disconnect from Nanon: disconnected by user
Jul 10 12:19:59 server sshd[92]: Connection closed by 50.199.231.113 [preauth]
Jul 10 12:20:02 server sshd[9990]: Disconnecting: Too many authentication failures for joomla [preauth]
Jul 10 12:20:07 server sshd[9990]: Connection closed by 178.60.39.61 [preauth]
Jul 10 12:20:07 server sshd[5943]: Accepted publickey for Lurleen from 70.188.108.11 port 4507 ssh2: RSA f6:64:60:fe:ea:71:ef:9d:78:a7:3:f6:f0:ae:8:1
Jul 10 12:20:10 server sshd[3351]: Failed password for invalid user qwerty1qaz from 202.151.175.6 port 6105 ssh2
Jul 10 12:20:10 server sshd[5943]: pam_unix(sshd:session): session opened for user Lurleen by (uid=0)
Jul 10 12:20:36 server sshd[3351]: Disconnecting: Too many authentication failures for qwerty1qaz [preauth]
Jul 10 12:20:49 server sshd[5943]: Received disconnect from Lurleen: disconnected by user
Jul 10 12:20:50 server sshd[3351]: Connection closed by 202.151.175.6 [preauth]
Jul 10 12:20:58 server sshd[8437]: Failed password for invalid user piyush from 197.13.2.196 port 107 ssh2
Jul 10 12:20:59 server sshd[8437]: Disconnecting: Too many authentication failures for piyush [preauth]
Jul 10 12:21:00 server sshd[2779]: Failed password for invalid user awharton from 120.198.151.8 port 1323 ssh2
Jul 10 12:21:03 server sshd[5943]: Connection closed by 70.188.108.11 [preauth]
Jul 10 12:21:06 server sshd[8437]: Connection closed by 197.13.2.196 [preauth]
Jul 10 12:21:14 server sshd[5212]: Failed password for invalid user parol from 193.104.205.177 port 8096 ssh2
Jul 10 12:21:20 server sshd[2779]: Disconnecting: Too many authentication failures for awharton [preauth]
Jul 10 12:21:30 server sshd[5212]: Disconnecting: Too many authentication failures for parol [preauth]
Jul 10 12:21:33 server sshd[5212]: Connection closed by 193.104.205.177 [preauth]
Jul 10 12:21:34 server sshd[2779]: Connection closed by 120.198.151.8 [preauth]
Jul 10 12:21:36 server sshd[2899]: Accepted publickey for Harris from 59.181.129.54 port 3751 ssh2: RSA f6:20:8:fe:ea:49:ef:9d:78:a7:76:f6:f0:ae:20:90
Jul 10 12:21:47 server sshd[2899]: pam_unix(sshd:session): session opened for user Harris by (uid=0)
Jul 10 12:21:48 server sshd[2899]: Received disconnect from Harris: disconnected by user
Jul 10 12:21:50 server sshd[1421]: Accepted publickey for Rochell from 42.112.17.145 port 8096 ssh2: RSA f6:47:42:fe:ea:23:ef:9d:78:a7:51:f6:f0:ae:61:72
Jul 10 12:22:08 server sshd[2899]: Connection closed by 59.181.129.54 [preauth]
Jul 10 12:22:13 server sshd[3798]: Failed password for invalid user trash from 34.184.138.61 port 1362 ssh2
Jul 10 12:22:17 server sshd[3798]: Disconnecting: Too many authentication failures for trash [preauth]
Jul 10 12:22:22 server sshd[3798]: Connection closed by 34.184.138.61 [preauth]
Jul 10 12:22:26 server sshd[1421]: pam_unix(sshd:session): session opened for user Rochell by (uid=0)
Jul 10 12:22:32 server sshd[8180]: Accepted publickey for Reinhold from 51.254.223.9 port 8689 ssh2: RSA f6:73:30:fe:ea:27:ef:9d:78:a7:61:f6:f0:ae:88:4
Jul 10 12:22:37 server sshd[8180]: pam_unix(sshd:session): session opened for user Reinhold by (uid=0)
Jul 10 12:22:46 server sshd[1421]: Received disconnect from Rochell: disconnected by user
Jul 10 12:22:57 server sshd[1421]: Connection closed by 42.112.17.145 [preauth]
Jul 10 12:23:03 server sshd[5222]: Accepted publickey for Michaella from 5.255.78.94 port 2808 ssh2: RSA f6:27:34:fe:ea:96:ef:9d:78:a7:90:f6:f0:ae:71:63
Jul 10 12:23:04 server sshd[5222]: pam_unix(sshd:session): session opened for user Michaella by (uid=0)
Jul 10 12:23:04 server sshd[5222]: Received disconnect from Michaella: disconnected by user
Jul 10 12:23:15 server sshd[5222]: Connection closed by 5.255.78.94 [preauth]
Jul 10 12:23:23 server sshd[8180]: Received disconnect from Reinhold: disconnected by user
Jul 10 12:23:28 server sshd[4447]: Failed password for invalid user brayden from 122.144.200.135 port 5284 ssh2
Jul 10 12:23:35 server sshd[4447]: Disconnecting: Too many authentication failures for brayden [preauth]
Jul 10 12:23:38 server sshd[4447]: Connection closed by 122.144.200.135 [preauth]
Jul 10 12:23:43 server sshd[8180]: Connection closed by 51.254.223.9 [preauth]
Jul 10 12:23:43 server sshd[2628]: Failed password for invalid user tonglink from 27.17.7.194 port 2324 ssh2
Jul 10 12:23:56 server sshd[6003]: Failed password for invalid user qazwsx from 201.116.46.11 port 469 ssh2
Jul 10 12:24:06 server sshd[2628]: Disconnecting: Too many authentication failures for tonglink [preauth]
Jul 10 12:24:07 server sshd[6003]: Disconnecting: Too many authentication failures for qazwsx [preauth]
Jul 10 12:24:09 server sshd[6003]: Connection closed by 201.116.46.11 [preauth]
Jul 10 12:24:13 server sshd[2628]: Connection closed by 27.17.7.194 [preauth]
Jul 10 12:24:34 server sshd[6030]: Failed password for invalid user core from 124.88.64.210 port 9504 ssh2
Jul 10 12:24:37 server sshd[6030]: Disconnecting: Too many authentication failures for core [preauth]
Jul 10 12:24:53 server sshd[253]: Failed password for invalid user austin from 119.97.184.165 port 2419 ssh2
Jul 10 12:24:55 server sshd[253]: Disconnecting: Too many authentication failures for austin [preauth]
Jul 10 12:24:55 server sshd[4679]: Failed password for invalid user milad from 185.126.216.30 port 6227 ssh2
Jul 10 12:25:13 server sshd[6030]: Connection closed by 124.88.64.210 [preauth]
Jul 10 12:25:13 server sshd[4679]: Disconnecting: Too many authentication failures for milad [preauth]
Jul 10 12:25:16 server sshd[253]: Connection closed by 119.97.184.165 [preauth]
Jul 10 12:25:17 server sshd[4679]: Connection closed by 185.126.216.30 [preauth]
Jul 10 12:25:24 server sshd[2381]: Accepted publickey for Barnie from 45.77.165.32 port 18 ssh2: RSA f6:11:14:fe:ea:40:ef:9d:78:a7:56:f6:f0:ae:39:80
Jul 10 12:25:32 server sshd[8508]: Failed password for invalid user sg from 213.30.96.251 port 5530 ssh2
Jul 10 12:25:36 server sshd[8508]: Disconnecting: Too many authentication failures for sg [preauth]
Jul 10 12:25:36 server sshd[7376]: Failed password for invalid user midgear from 185.107.94.40 port 5002 ssh2
Jul 10 12:25:40 server sshd[8508]: Connection closed by 213.30.96.251 [preauth]
Jul 10 12:25:41 server sshd[2381]: pam_unix(sshd:session): session opened for user Barnie by (uid=0)
Jul 10 12:25:43 server sshd[2381]: Received disconnect from Barnie: disconnected by user
Jul 10 12:25:47 server sshd[5574]: Accepted publickey for Avivah from 62.102.148.67 port 5632 ssh2: RSA f6:92:34:fe:ea:35:ef:9d:78:a7:40:f6:f0:ae:23:3
Jul 10 12:26:02 server sshd[5574]: pam_unix(sshd:session): session opened for user Avivah by (uid=0)
Jul 10 12:26:13 server sshd[7376]: Disconnecting: Too many authentication failures for midgear [preauth]
Jul 10 12:26:14 server sshd[5574]: Received disconnect from Avivah: disconnected by user
Jul 10 12:26:16 server sshd[5574]: Connection closed by 62.102.148.67 [preauth]
Jul 10 12:26:32 server sshd[7376]: Connection closed by 185.107.94.40 [preauth]
Jul 10 12:26:43 server sshd[2381]: Connection closed by 45.77.165.32 [preauth]
Jul 10 12:26:49 server sshd[4014]: Accepted publickey for Francene from 94.102.49.193 port 1385 ssh2: RSA f6:54:97:fe:ea:83:ef:9d:78:a7:70:f6:f0:ae:43:77
Jul 10 12:27:03 server sshd[4014]: pam_unix(sshd:session): session opened for user Francene by (uid=0)
Jul 10 12:27:11 server sshd[9008]: Accepted publickey for Juliette from 41.213.14.114 port 5812 ssh2: RSA f6:58:50:fe:ea:13:ef:9d:78:a7:65:f6:f0:ae:7:30
Jul 10 12:27:15 server sshd[4014]: Received disconnect from Francene: disconnected by user
Jul 10 12:27:18 server sshd[98]: Failed password for invalid user cmdb from 123.59.204.147 port 6899 ssh2
Jul 10 12:27:22 server sshd[4014]: Connection closed by 94.102.49.193 [preauth]
Jul 10 12:27:31 server sshd[98]: Disconnecting: Too many authentication failures for cmdb [preauth]
Jul 10 12:27:38 server sshd[9008]: pam_unix(sshd:session): session opened for user Juliette by (uid=0)
Jul 10 12:27:42 server sshd[9008]: Received disconnect from Juliette: disconnected by user
Jul 10 12:27:43 server sshd[9008]: Connection closed by 41.213.14.114 [preauth]
Jul 10 12:27:48 server sshd[98]: Connection closed by 123.59.204.147 [preauth]
Jul 10 12:27:53 server sshd[5506]: Failed password for invalid user anthony from 192.97.51.132 port 5486 ssh2
Jul 10 12:27:53 server sshd[6148]: Failed password for invalid user pass from 193.15.16.4 port 7184 ssh2
Jul 10 12:27:57 server sshd[5506]: Disconnecting: Too many authentication failures for anthony [preauth]
Jul 10 12:28:07 server sshd[6148]: Disconnecting: Too many authentication failures for pass [preauth]
Jul 10 12:28:11 server sshd[6964]: Failed password for invalid user train1 from 31.186.3.51 port 7456 ssh2
Jul 10 12:28:13 server sshd[5506]: Connection closed by 192.97.51.132 [preauth]
Jul 10 12:28:23 server sshd[6964]: Disconnecting: Too many authentication failures for train1 [preauth]
Jul 10 12:28:27 server sshd[6148]: Connection closed by 193.15.16.4 [preauth]
Jul 10 12:28:31 server sshd[6964]: Connection closed by 31.186.3.51 [preauth]
Jul 10 12:28:32 server sshd[4189]: Failed password for invalid user hamburg from 168.0.114.130 port 4958 ssh2
Jul 10 12:28:33 server sshd[5175]: Accepted publickey for Simona from 51.15.195.27 port 7568 ssh2: RSA f6:10:62:fe:ea:70:ef:9d:78:a7:4:f6:f0:ae:26:34
Jul 10 12:28:35 server sshd[4189]: Disconnecting: Too many authentication failures for hamburg [preauth]
Jul 10 12:28:43 server sshd[5175]: pam_unix(sshd:session): session opened for user Simona by (uid=0)
Jul 10 12:28:44 server sshd[4189]: Connection closed by 168.0.114.130 [preauth]
Jul 10 12:28:55 server sshd[5175]: Received disconnect from Simona: disconnected by user
Jul 10 12:29:01 server sshd[5175]: Connection closed by 51.15.195.27 [preauth]
Jul 10 12:29:01 server sshd[6208]: Failed password for invalid user super from 221.194.47.233 port 5788 ssh2
Jul 10 12:29:01 server sshd[7027]: Failed password for invalid user 22 from 106.2.1.26 port 733 ssh2
Jul 10 12:29:05 server sshd[6208]: Disconnecting: Too many authentication failures for super [preauth]
Jul 10 12:29:13 server sshd[2185]: Failed password for invalid user openfiler from 190.52.129.141 port 6531 ssh2
Jul 10 12:29:15 server sshd[6208]: Connection closed by 221.194.47.233 [preauth]
Jul 10 12:29:18 server sshd[7027]: Disconnecting: Too many authentication failures for 22 [preauth]
Jul 10 12:29:19 server sshd[2185]: Disconnecting: Too many authentication failures for openfiler [preauth]
Jul 10 12:29:20 server sshd[7027]: Connection closed by 106.2.1.26 [preauth]
Jul 10 12:29:21 server sshd[498]: Failed password for invalid user roberto from 209.126.136.6 port 4779 ssh2
Jul 10 12:29:29 server sshd[2185]: Connection closed by 190.52.129.141 [preauth]
Jul 10 12:29:41 server sshd[498]: Disconnecting: Too many authentication failures for roberto [preauth]
Jul 10 12:29:48 server sshd[3656]: Accepted publickey for Becky from 5.45.127.163 port 4156 ssh2: RSA f6:60:55:fe:ea:54:ef:9d:78:a7:34:f6:f0:ae:24:69
Jul 10 12:29:50 server sshd[498]: Connection closed by 209.126.136.6 [preauth]
Jul 10 12:29:59 server sshd[8155]: Failed password for invalid user qwerty from 202.100.241.50 port 5819 ssh2
Jul 10 12:30:03 server sshd[7178]: Failed password for invalid user redhat from 203.199.255.76 port 957 ssh2
Jul 10 12:30:08 server sshd[8155]: Disconnecting: Too many authentication failures for qwerty [preauth]
Jul 10 12:30:14 server sshd[8155]: Connection closed by 202.100.241.50 [preauth]
Jul 10 12:30:19 server sshd[3656]: pam_unix(sshd:session): session opened for user Becky by (uid=0)
Jul 10 12:30:45 server sshd[7178]: Disconnecting: Too many authentication failures for redhat [preauth]
Jul 10 12:30:47 server sshd[3656]: Received disconnect from Becky: disconnected by user
Jul 10 12:30:54 server sshd[3656]: Connection closed by 5.45.127.163 [preauth]
Jul 10 12:30:57 server sshd[4743]: Failed password for invalid user Multi from 111.200.54.218 port 8172 ssh2
Jul 10 12:30:59 server sshd[7178]: Connection closed by 203.199.255.76 [preauth]
Jul 10 12:31:07 server sshd[4743]: Disconnecting: Too many authentication failures for Multi [preauth]
Jul 10 12:31:15 server sshd[4743]: Connection closed by 111.200.54.218 [preauth]
Jul 10 12:31:20 server sshd[5993]: Failed password for invalid user banco from 121.15.252.110 port 2730 ssh2
Jul 10 12:31:23 server sshd[9709]: Accepted publickey for Cozmo from 73.4.214.177 port 5192 ssh2: RSA f6:97:43:fe:ea:35:ef:9d:78:a7:51:f6:f0:ae:28:26
Jul 10 12:31:40 server sshd[2659]: Failed password for invalid user tmax from 254.29.189.179 port 4699 ssh2
Jul 10 12:31:41 server sshd[2659]: Disconnecting: Too many authentication failures for tmax [preauth]
Jul 10 12:31:44 server sshd[9709]: pam_unix(sshd:session): session opened for user Cozmo by (uid=0)
Jul 10 12:31:48 server sshd[9709]: Received disconnect from Cozmo: disconnected by user
Jul 10 12:31:56 server sshd[5993]: Disconnecting: Too many authentication failures for banco [preauth]
Jul 10 12:31:59 server sshd[5993]: Connection closed by 121.15.252.110 [preauth]
Jul 10 12:32:04 server sshd[2659]: Connection closed by 254.29.189.179 [preauth]
Jul 10 12:32:08 server sshd[9709]: Connection closed by 73.4.214.177 [preauth]
Jul 10 12:32:15 server sshd[192]: Failed password for invalid user loop from 181.48.175.118 port 5908 ssh2
Jul 10 12:32:36 server sshd[192]: Disconnecting: Too many authentication failures for loop [preauth]
Jul 10 12:32:41 server sshd[4070]: Failed password for invalid user default from 13.94.40.100 port 6848 ssh2
Jul 10 12:32:43 server sshd[4070]: Disconnecting: Too many authentication failures for default [preauth]
Jul 10 12:32:59 server sshd[4070]: Connection closed by 13.94.40.100 [preauth]
Jul 10 12:32:59 server sshd[6479]: Accepted publickey for Malchy from 36.81.203.227 port 9306 ssh2: RSA f6:64:92:fe:ea:39:ef:9d:78:a7:53:f6:f0:ae:58:40
Jul 10 12:33:00 server sshd[6479]: pam_unix(sshd:session): session opened for user Malchy by (uid=0)
Jul 10 12:33:03 server sshd[192]: Connection closed by 181.48.175.118 [preauth]
Jul 10 12:33:22 server sshd[6479]: Received disconnect from Malchy: disconnected by user
Jul 10 12:33:29 server sshd[6479]: Connection closed by 36.81.203.227 [preauth]
Jul 10 12:33:32 server sshd[2349]: Accepted publickey for Giulio from 45.25.255.166 port 7538 ssh2: RSA f6:53:30:fe:ea:30:ef:9d:78:a7:14:f6:f0:ae:53:35
Jul 10 12:33:33 server sshd[3309]: Accepted publickey for Darb from 96.81.178.35 port 1540 ssh2: RSA f6:93:7:fe:ea:32:ef:9d:78:a7:14:f6:f0:ae:70:15
Jul 10 12:33:34 server sshd[2349]: pam_unix(sshd:session): session opened for user Giulio by (uid=0)
Jul 10 12:33:44 server sshd[2349]: Received disconnect from Giulio: disconnected by user
Jul 10 12:33:46 server sshd[2349]: Connection closed by 45.25.255.166 [preauth]
Jul 10 12:33:55 server sshd[5712]: Accepted publickey for Lannie from 87.235.101.138 port 5609 ssh2: RSA f6:59:87:fe:ea:4:ef:9d:78:a7:95:f6:f0:ae:53:47
Jul 10 12:33:59 server sshd[7184]: Accepted publickey for Danit from 51.140.27.221 port 2594 ssh2: RSA f6:58:69:fe:ea:91:ef:9d:78:a7:84:f6:f0:ae:1:97
Jul 10 12:34:04 server sshd[7184]: pam_unix(sshd:session): session opened for user Danit by (uid=0)
Jul 10 12:34:18 server sshd[5712]: pam_unix(sshd:session): session opened for user Lannie by (uid=0)
Jul 10 12:34:18 server sshd[5712]: Received disconnect from Lannie: disconnected by user
Jul 10 12:34:21 server sshd[5712]: Connection closed by 87.235.101.138 [preauth]
Jul 10 12:34:24 server sshd[7184]: Received disconnect from Danit: disconnected by user
Jul 10 12:34:31 server sshd[7184]: Connection closed by 51.140.27.221 [preauth]
Jul 10 12:34:44 server sshd[3309]: pam_unix(sshd:session): session opened for user Darb by (uid=0)
Jul 10 12:34:48 server sshd[9373]: Failed password for invalid user lenovo from 180.76.162.231 port 2555 ssh2
Jul 10 12:34:54 server sshd[3309]: Received disconnect from Darb: disconnected by user
Jul 10 12:35:00 server sshd[3309]: Connection closed by 96.81.178.35 [preauth]
Jul 10 12:35:01 server sshd[2410]: Failed password for invalid user t7inst from 222.221.253.183 port 1011 ssh2
Jul 10 12:35:02 server sshd[2410]: Disconnecting: Too many authentication failures for t7inst [preauth]
Jul 10 12:35:03 server sshd[2410]: Connection closed by 222.221.253.183 [preauth]
Jul 10 12:35:04 server sshd[9373]: Disconnecting: Too many authentication failures for lenovo [preauth]
Jul 10 12:35:08 server sshd[3566]: Accepted publickey for Cassandry from 72.227.97.87 port 2719 ssh2: RSA f6:17:5:fe:ea:13:ef:9d:78:a7:47:f6:f0:ae:14:75
Jul 10 12:35:16 server sshd[3566]: pam_unix(sshd:session): session opened for user Cassandry by (uid=0)
Jul 10 12:35:19 server sshd[3566]: Received disconnect from Cassandry: disconnected by user
Jul 10 12:35:23 server sshd[9373]: Connection closed by 180.76.162.231 [preauth]
Jul 10 12:35:24 server sshd[5301]: Failed password for invalid user jocelyn from 178.219.174.77 port 7346 ssh2
Jul 10 12:35:25 server sshd[5301]: Disconnecting: Too many authentication failures for jocelyn [preauth]
Jul 10 12:35:25 server sshd[3566]: Connection closed by 72.227.97.87 [preauth]
Jul 10 12:35:29 server sshd[8659]: Accepted publickey for Konstance from 58.213.74.134 port 922 ssh2: RSA f6:28:80:fe:ea:38:ef:9d:78:a7:34:f6:f0:ae:45:92
Jul 10 12:35:34 server sshd[3820]: Failed password for invalid user cisco123 from 123.207.56.211 port 3604 ssh2
Jul 10 12:35:38 server sshd[3820]: Disconnecting: Too many authentication failures for cisco123 [preauth]
Jul 10 12:35:47 server sshd[8659]: pam_unix(sshd:session): session opened for user Konstance by (uid=0)
Jul 10 12:35:50 server sshd[5301]: Connection closed by 178.219.174.77 [preauth]
Jul 10 12:35:51 server sshd[3820]: Connection closed by 123.207.56.211 [preauth]
Jul 10 12:36:02 server sshd[8659]: Received disconnect from Konstance: disconnected by user
Jul 10 12:36:06 server sshd[2344]: Failed password for invalid user sinusbot from 217.170.197.83 port 8147 ssh2
Jul 10 12:36:06 server sshd[8659]: Connection closed by 58.213.74.134 [preauth]
Jul 10 12:36:15 server sshd[363]: Accepted publickey for Rhett from 42.227.123.36 port 7525 ssh2: RSA f6:80:3:fe:ea:81:ef:9d:78:a7:56:f6:f0:ae:32:98
Jul 10 12:36:15 server sshd[2344]: Disconnecting: Too many authentication failures for sinusbot [preauth]
Jul 10 12:36:51 server sshd[6526]: Failed password for invalid user qawsed from 200.71.34.59 port 2564 ssh2
Jul 10 12:36:57 server sshd[363]: pam_unix(sshd:session): session opened for user Rhett by (uid=0)
Jul 10 12:37:04 server sshd[363]: Received disconnect from Rhett: disconnected by user
Jul 10 12:37:12 server sshd[363]: Connection closed by 42.227.123.36 [preauth]
Jul 10 12:37:17 server sshd[2344]: Connection closed by 217.170.197.83 [preauth]
Jul 10 12:37:23 server sshd[6526]: Disconnecting: Too many authentication failures for qawsed [preauth]
Jul 10 12:37:24 server sshd[2670]: Accepted publickey for Moyna from 5.29.166.135 port 7671 ssh2: RSA f6:33:68:fe:ea:67:ef:9d:78:a7:18:f6:f0:ae:63:44
Jul 10 12:37:31 server sshd[8870]: Failed password for invalid user c from 123.122.238.131 port 4652 ssh2
Jul 10 12:37:35 server sshd[6526]: Connection closed by 200.71.34.59 [preauth]
Jul 10 12:37:58 server sshd[2670]: pam_unix(sshd:session): session opened for user Moyna by (uid=0)
Jul 10 12:38:01 server sshd[2670]: Received disconnect from Moyna: disconnected by user
Jul 10 12:38:02 server sshd[8870]: Disconnecting: Too many authentication failures for c [preauth]
Jul 10 12:38:10 server sshd[2670]: Connection closed by 5.29.166.135 [preauth]
Jul 10 12:38:10 server sshd[4860]: Failed password for invalid user halt from 192.168.152.23 port 1234 ssh2
Jul 10 12:38:21 server sshd[8870]: Connection closed by 123.122.238.131 [preauth]
Jul 10 12:38:29 server sshd[4860]: Disconnecting: Too many authentication failures for halt [preauth]
Jul 10 12:38:30 server sshd[4860]: Connection closed by 192.168.152.23 [preauth]
Jul 10 12:38:43 server sshd[9825]: Accepted publickey for Benita from 52.168.79.20 port 9209 ssh2: RSA f6:75:11:fe:ea:50:ef:9d:78:a7:35:f6:f0:ae:69:80
Jul 10 12:38:49 server sshd[9825]: pam_unix(sshd:session): session opened for user Benita by (uid=0)
Jul 10 12:38:52 server sshd[9825]: Received disconnect from Benita: disconnected by user
Jul 10 12:39:00 server sshd[2200]: Failed password for invalid user bestyrer from 121.18.238.28 port 7465 ssh2
Jul 10 12:39:07 server sshd[2956]: Failed password for invalid user police from 198.16.82.98 port 7687 ssh2
Jul 10 12:39:12 server sshd[2956]: Disconnecting: Too many authentication failures for police [preauth]
Jul 10 12:39:15 server sshd[9825]: Connection closed by 52.168.79.20 [preauth]
Jul 10 12:39:16 server sshd[2956]: Connection closed by 198.16.82.98 [preauth]
Jul 10 12:39:18 server sshd[2200]: Disconnecting: Too many authentication failures for bestyrer [preauth]
Jul 10 12:39:24 server sshd[2200]: Connection closed by 121.18.238.28 [preauth]
Jul 10 12:39:24 server sshd[702]: Failed password for invalid user ohh from 190.171.205.89 port 166 ssh2
Jul 10 12:39:25 server sshd[702]: Disconnecting: Too many authentication failures for ohh [preauth]
Jul 10 12:39:29 server sshd[1825]: Failed password for invalid user noreply from 190.110.88.152 port 2481 ssh2
Jul 10 12:39:45 server sshd[8797]: Failed password for invalid user ftpsecure from 158.85.81.114 port 3540 ssh2
Jul 10 12:40:12 server sshd[702]: Connection closed by 190.171.205.89 [preauth]
Jul 10 12:40:16 server sshd[1825]: Disconnecting: Too many authentication failures for noreply [preauth]
Jul 10 12:40:18 server sshd[1825]: Connection closed by 190.110.88.152 [preauth]
Jul 10 12:40:21 server sshd[178]: Accepted publickey for Ludovika from 192.250.103.86 port 9943 ssh2: RSA f6:96:79:fe:ea:30:ef:9d:78:a7:93:f6:f0:ae:60:57
Jul 10 12:40:27 server sshd[8797]: Disconnecting: Too many authentication failures for ftpsecure [preauth]
Jul 10 12:40:35 server sshd[8797]: Connection closed by 158.85.81.114 [preauth]
Jul 10 12:40:43 server sshd[178]: pam_unix(sshd:session): session opened for user Ludovika by (uid=0)
Jul 10 12:40:46 server sshd[178]: Received disconnect from Ludovika: disconnected by user
Jul 10 12:40:53 server sshd[178]: Connection closed by 192.250.103.86 [preauth]
Jul 10 12:41:04 server sshd[7999]: Failed password for invalid user m from 182.100.67.40 port 38 ssh2
Jul 10 12:41:05 server sshd[7999]: Disconnecting: Too many authentication failures for m [preauth]
Jul 10 12:41:06 server sshd[9143]: Failed password for invalid user mny from 185.165.29.77 port 3047 ssh2
Jul 10 12:41:08 server sshd[9143]: Disconnecting: Too many authentication failures for mny [preauth]
Jul 10 12:41:11 server sshd[9143]: Connection closed by 185.165.29.77 [preauth]
Jul 10 12:41:11 server sshd[7999]: Connection closed by 182.100.67.40 [preauth]
Jul 10 12:41:24 server sshd[8083]: Accepted publickey for Thomas from 91.189.1.46 port 5994 ssh2: RSA f6:24:14:fe:ea:74:ef:9d:78:a7:5:f6:f0:ae:74:16
Jul 10 12:41:39 server sshd[5530]: Failed password for invalid user orange from 191.124.0.164 port 9961 ssh2
Jul 10 12:41:39 server sshd[8276]: Failed password for invalid user missionimposible from 185.165.29.197 port 95 ssh2
Jul 10 12:41:58 server sshd[8276]: Disconnecting: Too many authentication failures for missionimposible [preauth]
Jul 10 12:42:01 server sshd[5530]: Disconnecting: Too many authentication failures for orange [preauth]
Jul 10 12:42:01 server sshd[8083]: pam_unix(sshd:session): session opened for user Thomas by (uid=0)
Jul 10 12:42:02 server sshd[8083]: Received disconnect from Thomas: disconnected by user
Jul 10 12:42:06 server sshd[5530]: Connection closed by 191.124.0.164 [preauth]
Jul 10 12:42:13 server sshd[8083]: Connection closed by 91.189.1.46 [preauth]
Jul 10 12:42:13 server sshd[8276]: Connection closed by 185.165.29.197 [preauth]
Jul 10 12:42:20 server sshd[6896]: Failed password for invalid user guest from 165.227.185.215 port 9203 ssh2
Jul 10 12:42:22 server sshd[6896]: Disconnecting: Too many authentication failures for guest [preauth]
Jul 10 12:42:25 server sshd[6896]: Connection closed by 165.227.185.215 [preauth]
Jul 10 12:42:26 server sshd[3071]: Accepted publickey for Orton from 61.143.139.10 port 3215 ssh2: RSA f6:3:88:fe:ea:72:ef:9d:78:a7:82:f6:f0:ae:34:90
Jul 10 12:42:27 server sshd[4145]: Failed password for invalid user Password from 112.217.161.178 port 3308 ssh2
Jul 10 12:42:27 server sshd[3071]: pam_unix(sshd:session): session opened for user Orton by (uid=0)
Jul 10 12:42:47 server sshd[4145]: Disconnecting: Too many authentication failures for Password [preauth]
Jul 10 12:42:50 server sshd[3071]: Received disconnect from Orton: disconnected by user
Jul 10 12:42:52 server sshd[4145]: Connection closed by 112.217.161.178 [preauth]
Jul 10 12:42:57 server sshd[3071]: Connection closed by 61.143.139.10 [preauth]
Jul 10 12:43:01 server sshd[8858]: Failed password for invalid user ll from 181.143.237.45 port 9161 ssh2
Jul 10 12:43:01 server sshd[5163]: Failed password for invalid user l from 180.171.254.158 port 1351 ssh2
Jul 10 12:43:08 server sshd[338]: Failed password for invalid user rootroot from 211.104.172.236 port 9198 ssh2
Jul 10 12:43:08 server sshd[5163]: Disconnecting: Too many authentication failures for l [preauth]
Jul 10 12:43:29 server sshd[338]: Disconnecting: Too many authentication failures for rootroot [preauth]
Jul 10 12:43:33 server sshd[8858]: Disconnecting: Too many authentication failures for ll [preauth]
Jul 10 12:43:59 server sshd[5163]: Connection closed by 180.171.254.158 [preauth]
Jul 10 12:44:18 server sshd[8858]: Connection closed by 181.143.237.45 [preauth]
Jul 10 12:44:21 server sshd[5925]: Accepted publickey for Clary from 58.221.239.46 port 6458 ssh2: RSA f6:17:19:fe:ea:61:ef:9d:78:a7:75:f6:f0:ae:51:66
Jul 10 12:44:23 server sshd[338]: Connection closed by 211.104.172.236 [preauth]
Jul 10 12:44:28 server sshd[5925]: pam_unix(sshd:session): session opened for user Clary by (uid=0)
Jul 10 12:44:30 server sshd[5925]: Received disconnect from Clary: disconnected by user
Jul 10 12:44:37 server sshd[5925]: Connection closed by 58.221.239.46 [preauth]
Jul 10 12:44:39 server sshd[7735]: Failed password for invalid user test02 from 223.223.176.202 port 8713 ssh2
Jul 10 12:44:41 server sshd[7735]: Disconnecting: Too many authentication failures for test02 [preauth]
Jul 10 12:44:45 server sshd[7735]: Connection closed by 223.223.176.202 [preauth]
Jul 10 12:44:46 server sshd[6002]: Accepted publickey for Udall from 45.4.148.12 port 2378 ssh2: RSA f6:56:43:fe:ea:64:ef:9d:78:a7:11:f6:f0:ae:1:17
Jul 10 12:44:49 server sshd[5608]: Failed password for invalid user eleve from 140.207.115.230 port 1465 ssh2
Jul 10 12:45:16 server sshd[5608]: Disconnecting: Too many authentication failures for eleve [preauth]
Jul 10 12:45:18 server sshd[6002]: pam_unix(sshd:session): session opened for user Udall by (uid=0)
Jul 10 12:45:22 server sshd[6002]: Received disconnect from Udall: disconnected by user
Jul 10 12:45:23 server sshd[5608]: Connection closed by 140.207.115.230 [preauth]
Jul 10 12:45:24 server sshd[4318]: Accepted publickey for Reese from 5.186.77.66 port 5555 ssh2: RSA f6:6:18:fe:ea:65:ef:9d:78:a7:88:f6:f0:ae:36:13
Jul 10 12:45:49 server sshd[4318]: pam_unix(sshd:session): session opened for user Reese by (uid=0)
Jul 10 12:45:53 server sshd[4318]: Received disconnect from Reese: disconnected by user
Jul 10 12:46:26 server sshd[7114]: Failed password for invalid user at from 119.79.225.226 port 8012 ssh2
Jul 10 12:46:26 server sshd[6002]: Connection closed by 45.4.148.12 [preauth]
Jul 10 12:46:39 server sshd[7114]: Disconnecting: Too many authentication failures for at [preauth]
Jul 10 12:46:41 server sshd[4318]: Connection closed by 5.186.77.66 [preauth]
Jul 10 12:46:47 server sshd[7114]: Connection closed by 119.79.225.226 [preauth]
Jul 10 12:46:49 server sshd[5586]: Failed password for invalid user blankendes from 122.112.213.173 port 8234 ssh2
Jul 10 12:46:53 server sshd[5586]: Disconnecting: Too many authentication failures for blankendes [preauth]
Jul 10 12:46:57 server sshd[5586]: Connection closed by 122.112.213.173 [preauth]
Jul 10 12:46:59 server sshd[1925]: Accepted publickey for Margie from 61.8.76.194 port 3497 ssh2: RSA f6:49:27:fe:ea:55:ef:9d:78:a7:10:f6:f0:ae:55:53
Jul 10 12:47:02 server sshd[1925]: pam_unix(sshd:session): session opened for user Margie by (uid=0)
Jul 10 12:47:05 server sshd[1566]: Failed password for invalid user ftpguest from 158.85.108.45 port 304 ssh2
Jul 10 12:47:05 server sshd[1925]: Received disconnect from Margie: disconnected by user
Jul 10 12:47:14 server sshd[5415]: Failed password for invalid user r3dhat123 from 202.74.238.27 port 5393 ssh2
Jul 10 12:47:19 server sshd[1925]: Connection closed by 61.8.76.194 [preauth]
Jul 10 12:47:21 server sshd[5694]: Failed password for invalid user gmod from 163.172.217.50 port 2780 ssh2
Jul 10 12:47:22 server sshd[1566]: Disconnecting: Too many authentication failures for ftpguest [preauth]
Jul 10 12:47:23 server sshd[5415]: Disconnecting: Too many authentication failures for r3dhat123 [preauth]
Jul 10 12:47:27 server sshd[5694]: Disconnecting: Too many authentication failures for gmod [preauth]
Jul 10 12:47:30 server sshd[5415]: Connection closed by 202.74.238.27 [preauth]
Jul 10 12:47:41 server sshd[1566]: Connection closed by 158.85.108.45 [preauth]
Jul 10 12:47:51 server sshd[9695]: Failed password for invalid user london from 181.48.114.67 port 7503 ssh2
Jul 10 12:47:53 server sshd[9695]: Disconnecting: Too many authentication failures for london [preauth]
Jul 10 12:48:02 server sshd[1034]: Accepted publickey for Weylin from 85.248.227.163 port 9562 ssh2: RSA f6:89:24:fe:ea:90:ef:9d:78:a7:59:f6:f0:ae:26:79
Jul 10 12:48:05 server sshd[1034]: pam_unix(sshd:session): session opened for user Weylin by (uid=0)
Jul 10 12:48:21 server sshd[9695]: Connection closed by 181.48.114.67 [preauth]
Jul 10 12:48:25 server sshd[1034]: Received disconnect from Weylin: disconnected by user
Jul 10 12:48:34 server sshd[1034]: Connection closed by 85.248.227.163 [preauth]
Jul 10 12:48:43 server sshd[6137]: Accepted publickey for Desmond from 82.212.106.190 port 9627 ssh2: RSA f6:58:25:fe:ea:39:ef:9d:78:a7:14:f6:f0:ae:68:67
Jul 10 12:48:51 server sshd[3294]: Accepted publickey for Kaine from 83.98.193.151 port 2920 ssh2: RSA f6:46:6:fe:ea:97:ef:9d:78:a7:74:f6:f0:ae:49:7
Jul 10 12:48:55 server sshd[3294]: pam_unix(sshd:session): session opened for user Kaine by (uid=0)
Jul 10 12:48:57 server sshd[3294]: Received disconnect from Kaine: disconnected by user
Jul 10 12:49:02 server sshd[5694]: Connection closed by 163.172.217.50 [preauth]
Jul 10 12:49:09 server sshd[6137]: pam_unix(sshd:session): session opened for user Desmond by (uid=0)
Jul 10 12:49:12 server sshd[6137]: Received disconnect from Desmond: disconnected by user
Jul 10 12:49:24 server sshd[3294]: Connection closed by 83.98.193.151 [preauth]
Jul 10 12:49:25 server sshd[6137]: Connection closed by 82.212.106.190 [preauth]
Jul 10 12:49:27 server sshd[6632]: Failed password for invalid user log from 181.214.87.87 port 8968 ssh2
Jul 10 12:49:35 server sshd[8302]: Failed password for invalid user mohanraj from 185.216.26.153 port 2708 ssh2
Jul 10 12:49:35 server sshd[8302]: Disconnecting: Too many authentication failures for mohanraj [preauth]
Jul 10 12:49:37 server sshd[1683]: Failed password for invalid user marie from 182.71.48.178 port 7678 ssh2
Jul 10 12:49:39 server sshd[1683]: Disconnecting: Too many authentication failures for marie [preauth]
Jul 10 12:49:40 server sshd[1683]: Connection closed by 182.71.48.178 [preauth]
Jul 10 12:49:47 server sshd[8302]: Connection closed by 185.216.26.153 [preauth]
Jul 10 12:49:48 server sshd[6632]: Disconnecting: Too many authentication failures for log [preauth]
Jul 10 12:49:49 server sshd[6632]: Connection closed by 181.214.87.87 [preauth]
Jul 10 12:49:50 server sshd[7430]: Failed password for invalid user jyoti from 179.184.37.124 port 2897 ssh2
Jul 10 12:49:58 server sshd[3543]: Failed password for invalid user administrator123 from 115.74.254.226 port 9449 ssh2
Jul 10 12:50:01 server sshd[3543]: Disconnecting: Too many authentication failures for administrator123 [preauth]
Jul 10 12:50:05 server sshd[3543]: Connection closed by 115.74.254.226 [preauth]
Jul 10 12:50:14 server sshd[7430]: Disconnecting: Too many authentication failures for jyoti [preauth]
Jul 10 12:50:20 server sshd[7430]: Connection closed by 179.184.37.124 [preauth]
Jul 10 12:50:43 server sshd[5300]: Failed password for invalid user aaa from 114.251.39.161 port 234 ssh2
Jul 10 12:50:51 server sshd[5300]: Disconnecting: Too many authentication failures for aaa [preauth]
Jul 10 12:50:52 server sshd[5915]: Failed password for invalid user news from 188.226.162.114 port 5744 ssh2
Jul 10 12:51:11 server sshd[5915]: Disconnecting: Too many authentication failures for news [preauth]
Jul 10 12:51:13 server sshd[5915]: Connection closed by 188.226.162.114 [preauth]
Jul 10 12:51:14 server sshd[5300]: Connection closed by 114.251.39.161 [preauth]
Jul 10 12:51:15 server sshd[4424]: Failed password for invalid user manis from 182.254.130.32 port 8822 ssh2
Jul 10 12:51:18 server sshd[4424]: Disconnecting: Too many authentication failures for manis [preauth]
Jul 10 12:51:18 server sshd[4424]: Connection closed by 182.254.130.32 [preauth]
Jul 10 12:51:24 server sshd[3341]: Accepted publickey for Peterus from 58.64.192.60 port 4014 ssh2: RSA f6:9:76:fe:ea:55:ef:9d:78:a7:58:f6:f0:ae:6:38
Jul 10 12:51:44 server sshd[8229]: Failed password for invalid user alauda from 117.121.39.29 port 341 ssh2
Jul 10 12:51:48 server sshd[8229]: Disconnecting: Too many authentication failures for alauda [preauth]
Jul 10 12:51:49 server sshd[5709]: Accepted publickey for Gaylor from 58.16.71.114 port 1555 ssh2: RSA f6:32:29:fe:ea:36:ef:9d:78:a7:74:f6:f0:ae:14:81
Jul 10 12:51:52 server sshd[3341]: pam_unix(sshd:session): session opened for user Peterus by (uid=0)
Jul 10 12:51:57 server sshd[8229]: Connection closed by 117.121.39.29 [preauth]
Jul 10 12:52:08 server sshd[5709]: pam_unix(sshd:session): session opened for user Gaylor by (uid=0)
Jul 10 12:52:11 server sshd[3341]: Received disconnect from Peterus: disconnected by user
Jul 10 12:52:14 server sshd[5709]: Received disconnect from Gaylor: disconnected by user
Jul 10 12:52:17 server sshd[3341]: Connection closed by 58.64.192.60 [preauth]
Jul 10 12:52:19 server sshd[5709]: Connection closed by 58.16.71.114 [preauth]
Jul 10 12:52:19 server sshd[2867]: Accepted publickey for Bradford from 54.242.5.5 port 8131 ssh2: RSA f6:29:59:fe:ea:50:ef:9d:78:a7:8:f6:f0:ae:95:94
Jul 10 12:52:31 server sshd[1279]: Accepted publickey for Jessalyn from 85.222.46.201 port 1410 ssh2: RSA f6:74:71:fe:ea:2:ef:9d:78:a7:17:f6:f0:ae:86:68
Jul 10 12:52:31 server sshd[6047]: Failed password for invalid user man from 182.230.11.251 port 6848 ssh2
Jul 10 12:52:36 server sshd[1279]: pam_unix(sshd:session): session opened for user Jessalyn by (uid=0)
Jul 10 12:52:46 server sshd[2867]: pam_unix(sshd:session): session opened for user Bradford by (uid=0)
Jul 10 12:52:48 server sshd[1279]: Received disconnect from Jessalyn: disconnected by user
Jul 10 12:52:56 server sshd[6047]: Disconnecting: Too many authentication failures for man [preauth]
Jul 10 12:52:56 server sshd[2867]: Received disconnect from Bradford: disconnected by user
Jul 10 12:52:57 server sshd[2867]: Connection closed by 54.242.5.5 [preauth]
Jul 10 12:53:00 server sshd[1279]: Connection closed by 85.222.46.201 [preauth]
Jul 10 12:53:02 server sshd[6047]: Connection closed by 182.230.11.251 [preauth]
Jul 10 12:53:11 server sshd[6352]: Failed password for invalid user live from 181.143.236.115 port 3229 ssh2
Jul 10 12:53:14 server sshd[6352]: Disconnecting: Too many authentication failures for live [preauth]
Jul 10 12:53:16 server sshd[3268]: Accepted publickey for Erasmus from 74.105.43.141 port 1963 ssh2: RSA f6:3:43:fe:ea:55:ef:9d:78:a7:76:f6:f0:ae:76:86
Jul 10 12:53:19 server sshd[6352]: Connection closed by 181.143.236.115 [preauth]
Jul 10 12:53:28 server sshd[3268]: pam_unix(sshd:session): session opened for user Erasmus by (uid=0)
Jul 10 12:53:34 server sshd[8042]: Failed password for invalid user alain from 116.6.88.244 port 3928 ssh2
Jul 10 12:53:47 server sshd[8042]: Disconnecting: Too many authentication failures for alain [preauth]
Jul 10 12:53:49 server sshd[8545]: Accepted publickey for Goldi from 87.97.227.72 port 2274 ssh2: RSA f6:63:43:fe:ea:64:ef:9d:78:a7:43:f6:f0:ae:36:9
Jul 10 12:53:53 server sshd[8545]: pam_unix(sshd:session): session opened for user Goldi by (uid=0)
Jul 10 12:54:02 server sshd[8545]: Received disconnect from Goldi: disconnected by user
Jul 10 12:54:10 server sshd[3268]: Received disconnect from Erasmus: disconnected by user
Jul 10 12:54:11 server sshd[8042]: Connection closed by 116.6.88.244 [preauth]
Jul 10 12:54:11 server sshd[3268]: Connection closed by 74.105.43.141 [preauth]
Jul 10 12:54:29 server sshd[8545]: Connection closed by 87.97.227.72 [preauth]
Jul 10 12:54:30 server sshd[9105]: Accepted publickey for Ebenezer from 54.202.167.246 port 9089 ssh2: RSA f6:93:15:fe:ea:17:ef:9d:78:a7:60:f6:f0:ae:0:38
Jul 10 12:54:34 server sshd[426]: Failed password for invalid user network from 192.168.152.23 port 8577 ssh2
Jul 10 12:54:36 server sshd[426]: Disconnecting: Too many authentication failures for network [preauth]
Jul 10 12:54:47 server sshd[426]: Connection closed by 192.168.152.23 [preauth]
Jul 10 12:54:48 server sshd[3750]: Failed password for invalid user accounts from 115.159.198.209 port 6324 ssh2
Jul 10 12:54:54 server sshd[9105]: pam_unix(sshd:session): session opened for user Ebenezer by (uid=0)
Jul 10 12:54:55 server sshd[9105]: Received disconnect from Ebenezer: disconnected by user
Jul 10 12:55:00 server sshd[9105]: Connection closed by 54.202.167.246 [preauth]
Jul 10 12:55:16 server sshd[3242]: Accepted publickey for Susanetta from 71.6.98.115 port 3103 ssh2: RSA f6:94:12:fe:ea:82:ef:9d:78:a7:90:f6:f0:ae:79:94
Jul 10 12:55:16 server sshd[3242]: pam_unix(sshd:session): session opened for user Susanetta by (uid=0)
Jul 10 12:55:18 server sshd[3242]: Received disconnect from Susanetta: disconnected by user
Jul 10 12:55:22 server sshd[3750]: Disconnecting: Too many authentication failures for accounts [preauth]
Jul 10 12:55:23 server sshd[3750]: Connection closed by 115.159.198.209 [preauth]
Jul 10 12:55:30 server sshd[3242]: Connection closed by 71.6.98.115 [preauth]
Jul 10 12:55:40 server sshd[3713]: Failed password for invalid user centos from 123.206.76.252 port 9564 ssh2
Jul 10 12:55:42 server sshd[3713]: Disconnecting: Too many authentication failures for centos [preauth]
Jul 10 12:55:43 server sshd[1345]: Failed password for invalid user ingres from 176.163.107.71 port 5676 ssh2
Jul 10 12:55:48 server sshd[1345]: Disconnecting: Too many authentication failures for ingres [preauth]
Jul 10 12:55:51 server sshd[9586]: Accepted publickey for Amitie from 49.205.176.22 port 488 ssh2: RSA f6:52:69:fe:ea:59:ef:9d:78:a7:31:f6:f0:ae:86:77
Jul 10 12:55:52 server sshd[1345]: Connection closed by 176.163.107.71 [preauth]
Jul 10 12:56:02 server sshd[9586]: pam_unix(sshd:session): session opened for user Amitie by (uid=0)
Jul 10 12:56:06 server sshd[3713]: Connection closed by 123.206.76.252 [preauth]
Jul 10 12:56:07 server sshd[9586]: Received disconnect from Amitie: disconnected by user
Jul 10 12:56:07 server sshd[9661]: Failed password for invalid user device from 139.159.216.125 port 240 ssh2
Jul 10 12:56:33 server sshd[9661]: Disconnecting: Too many authentication failures for device [preauth]
Jul 10 12:56:37 server sshd[9661]: Connection closed by 139.159.216.125 [preauth]
Jul 10 12:56:39 server sshd[6221]: Failed password for invalid user squid from 218.76.53.226 port 5099 ssh2
Jul 10 12:56:39 server sshd[6221]: Disconnecting: Too many authentication failures for squid [preauth]
Jul 10 12:56:45 server sshd[6221]: Connection closed by 218.76.53.226 [preauth]
Jul 10 12:56:47 server sshd[9586]: Connection closed by 49.205.176.22 [preauth]
Jul 10 12:56:50 server sshd[8390]: Accepted publickey for Sascha from 43.239.158.16 port 8467 ssh2: RSA f6:77:94:fe:ea:13:ef:9d:78:a7:74:f6:f0:ae:83:46
Jul 10 12:56:56 server sshd[8390]: pam_unix(sshd:session): session opened for user Sascha by (uid=0)
Jul 10 12:57:01 server sshd[4853]: Failed password for invalid user msmith from 187.1.180.235 port 9470 ssh2
Jul 10 12:57:02 server sshd[4853]: Disconnecting: Too many authentication failures for msmith [preauth]
Jul 10 12:57:17 server sshd[4853]: Connection closed by 187.1.180.235 [preauth]
Jul 10 12:57:22 server sshd[4774]: Accepted publickey for Doug from 192.27.77.80 port 1236 ssh2: RSA f6:49:23:fe:ea:68:ef:9d:78:a7:40:f6:f0:ae:0:21
Jul 10 12:57:24 server sshd[4774]: pam_unix(sshd:session): session opened for user Doug by (uid=0)
Jul 10 12:57:44 server sshd[8390]: Received disconnect from Sascha: disconnected by user
Jul 10 12:57:48 server sshd[4774]: Received disconnect from Doug: disconnected by user
Jul 10 12:57:51 server sshd[8390]: Connection closed by 43.239.158.16 [preauth]
Jul 10 12:57:54 server sshd[3572]: Failed password for invalid user judy from 179.153.76.116 port 634 ssh2
Jul 10 12:58:02 server sshd[3572]: Disconnecting: Too many authentication failures for judy [preauth]
Jul 10 12:58:06 server sshd[2452]: Failed password for invalid user Aladin21 from 110.45.144.200 port 2499 ssh2
Jul 10 12:58:11 server sshd[2452]: Disconnecting: Too many authentication failures for Aladin21 [preauth]
Jul 10 12:58:15 server sshd[2452]: Connection closed by 110.45.144.200 [preauth]
Jul 10 12:58:15 server sshd[4774]: Connection closed by 192.27.77.80 [preauth]
Jul 10 12:58:21 server sshd[3569]: Failed password for invalid user ashley from 192.29.72.91 port 8566 ssh2
Jul 10 12:58:30 server sshd[3569]: Disconnecting: Too many authentication failures for ashley [preauth]
Jul 10 12:58:38 server sshd[7634]: Accepted publickey for Dedie from 85.230.149.52 port 4329 ssh2: RSA f6:72:73:fe:ea:28:ef:9d:78:a7:50:f6:f0:ae:0:67
Jul 10 12:58:40 server sshd[3569]: Connection closed by 192.29.72.91 [preauth]
Jul 10 12:58:42 server sshd[7634]: pam_unix(sshd:session): session opened for user Dedie by (uid=0)
Jul 10 12:58:46 server sshd[7634]: Received disconnect from Dedie: disconnected by user
Jul 10 12:59:00 server sshd[3572]: Connection closed by 179.153.76.116 [preauth]
Jul 10 12:59:15 server sshd[7634]: Connection closed by 85.230.149.52 [preauth]
Jul 10 12:59:17 server sshd[9833]: Failed password for invalid user jeevitha from 177.75.84.193 port 8493 ssh2
Jul 10 12:59:20 server sshd[9833]: Disconnecting: Too many authentication failures for jeevitha [preauth]
Jul 10 12:59:22 server sshd[9833]: Connection closed by 177.75.84.193 [preauth]
Jul 10 12:59:23 server sshd[8414]: Failed password for invalid user demo2 from 132.148.23.126 port 9896 ssh2
Jul 10 12:59:29 server sshd[8414]: Disconnecting: Too many authentication failures for demo2 [preauth]
Jul 10 12:59:41 server sshd[8414]: Connection closed by 132.148.23.126 [preauth]
Jul 10 12:59:47 server sshd[8939]: Failed password for invalid user site02 from 218.10.105.100 port 5854 ssh2
Jul 10 12:59:59 server sshd[8939]: Disconnecting: Too many authentication failures for site02 [preauth]
Jul 10 13:00:00 server sshd[8939]: Connection closed by 218.10.105.100 [preauth]
Jul 10 13:00:02 server sshd[3883]: Accepted publickey for Ikey from 64.62.163.2 port 1501 ssh2: RSA f6:83:7:fe:ea:84:ef:9d:78:a7:37:f6:f0:ae:92:83
Jul 10 13:00:02 server sshd[3235]: Failed password for invalid user anon from 118.89.45.36 port 3277 ssh2
Jul 10 13:00:03 server sshd[3883]: pam_unix(sshd:session): session opened for user Ikey by (uid=0)
Jul 10 13:00:11 server sshd[3883]: Received disconnect from Ikey: disconnected by user
Jul 10 13:00:44 server sshd[3235]: Disconnecting: Too many authentication failures for anon [preauth]
Jul 10 13:00:47 server sshd[3883]: Connection closed by 64.62.163.2 [preauth]
Jul 10 13:01:09 server sshd[890]: Failed password for invalid user newgeneration from 188.166.252.61 port 4825 ssh2
Jul 10 13:01:10 server sshd[890]: Disconnecting: Too many authentication failures for newgeneration [preauth]
Jul 10 13:01:26 server sshd[890]: Connection closed by 188.166.252.61 [preauth]
Jul 10 13:01:28 server sshd[1621]: Accepted publickey for Addia from 59.63.182.63 port 374 ssh2: RSA f6:0:3:fe:ea:27:ef:9d:78:a7:43:f6:f0:ae:38:77
Jul 10 13:01:40 server sshd[1621]: pam_unix(sshd:session): session opened for user Addia by (uid=0)
Jul 10 13:01:41 server sshd[1621]: Received disconnect from Addia: disconnected by user
Jul 10 13:01:46 server sshd[1621]: Connection closed by 59.63.182.63 [preauth]
Jul 10 13:01:47 server sshd[1428]: Accepted publickey for Lindy from 192.255.185.238 port 6811 ssh2: RSA f6:62:23:fe:ea:1:ef:9d:78:a7:53:f6:f0:ae:17:60
Jul 10 13:01:55 server sshd[3235]: Connection closed by 118.89.45.36 [preauth]
Jul 10 13:01:56 server sshd[758]: Failed password for invalid user apache2 from 192.15.136.254 port 5484 ssh2
Jul 10 13:01:56 server sshd[758]: Disconnecting: Too many authentication failures for apache2 [preauth]
Jul 10 13:02:10 server sshd[758]: Connection closed by 192.15.136.254 [preauth]
Jul 10 13:02:11 server sshd[3324]: Failed password for invalid user admin03 from 115.238.93.133 port 3459 ssh2
Jul 10 13:02:22 server sshd[1428]: pam_unix(sshd:session): session opened for user Lindy by (uid=0)
Jul 10 13:02:25 server sshd[3324]: Disconnecting: Too many authentication failures for admin03 [preauth]
Jul 10 13:02:29 server sshd[3324]: Connection closed by 115.238.93.133 [preauth]
Jul 10 13:02:32 server sshd[7385]: Accepted publickey for Matteo from 94.177.201.106 port 9809 ssh2: RSA f6:13:58:fe:ea:95:ef:9d:78:a7:14:f6:f0:ae:80:5
Jul 10 13:02:35 server sshd[7385]: pam_unix(sshd:session): session opened for user Matteo by (uid=0)
Jul 10 13:02:40 server sshd[1428]: Received disconnect from Lindy: disconnected by user
Jul 10 13:02:44 server sshd[1428]: Connection closed by 192.255.185.238 [preauth]
Jul 10 13:02:51 server sshd[7385]: Received disconnect from Matteo: disconnected by user
Jul 10 13:02:55 server sshd[5783]: Failed password for invalid user menu from 185.100.87.206 port 697 ssh2
Jul 10 13:02:58 server sshd[7385]: Connection closed by 94.177.201.106 [preauth]
Jul 10 13:03:14 server sshd[5783]: Disconnecting: Too many authentication failures for menu [preauth]
Jul 10 13:03:15 server sshd[5783]: Connection closed by 185.100.87.206 [preauth]
Jul 10 13:03:16 server sshd[1971]: Failed password for invalid user User from 114.115.202.208 port 7316 ssh2
Jul 10 13:03:20 server sshd[9466]: Failed password for invalid user bwadmin from 122.252.231.250 port 6043 ssh2
Jul 10 13:03:25 server sshd[1971]: Disconnecting: Too many authentication failures for User [preauth]
Jul 10 13:03:28 server sshd[1971]: Connection closed by 114.115.202.208 [preauth]
Jul 10 13:03:29 server sshd[9466]: Disconnecting: Too many authentication failures for bwadmin [preauth]
Jul 10 13:03:43 server sshd[9466]: Connection closed by 122.252.231.250 [preauth]
Jul 10 13:03:47 server sshd[3681]: Failed password for invalid user star from 218.95.165.243 port 7982 ssh2
Jul 10 13:04:06 server sshd[3681]: Disconnecting: Too many authentication failures for star [preauth]
Jul 10 13:04:15 server sshd[3681]: Connection closed by 218.95.165.243 [preauth]
Jul 10 13:04:23 server sshd[1235]: Accepted publickey for Xymenes from 90192154.98.162 port 4043 ssh2: RSA f6:84:15:fe:ea:25:ef:9d:78:a7:90:f6:f0:ae:60:43
Jul 10 13:04:24 server sshd[4035]: Accepted publickey for Killie from 47.22.51.154 port 9551 ssh2: RSA f6:34:86:fe:ea:83:ef:9d:78:a7:19:f6:f0:ae:4:81
Jul 10 13:04:41 server sshd[2913]: Failed password for invalid user sbot from 212.15.8.35 port 8798 ssh2
Jul 10 13:04:42 server sshd[1235]: pam_unix(sshd:session): session opened for user Xymenes by (uid=0)
Jul 10 13:04:45 server sshd[1235]: Received disconnect from Xymenes: disconnected by user
Jul 10 13:04:47 server sshd[4035]: pam_unix(sshd:session): session opened for user Killie by (uid=0)
Jul 10 13:04:50 server sshd[2913]: Disconnecting: Too many authentication failures for sbot [preauth]
Jul 10 13:04:51 server sshd[1235]: Connection closed by 90192154.98.162 [preauth]
Jul 10 13:04:53 server sshd[4035]: Received disconnect from Killie: disconnected by user
Jul 10 13:04:55 server sshd[2913]: Connection closed by 212.15.8.35 [preauth]
Jul 10 13:04:55 server sshd[4035]: Connection closed by 47.22.51.154 [preauth]
Jul 10 13:05:06 server sshd[810]: Failed password for invalid user Master from 111.160.180.10 port 2581 ssh2
Jul 10 13:05:13 server sshd[2028]: Failed password for invalid user samba123 from 211.253.25.249 port 4658 ssh2
Jul 10 13:05:20 server sshd[2028]: Disconnecting: Too many authentication failures for samba123 [preauth]
Jul 10 13:05:22 server sshd[9640]: Accepted publickey for Bibbie from 54.76.159.54 port 2397 ssh2: RSA f6:34:36:fe:ea:82:ef:9d:78:a7:61:f6:f0:ae:53:10
Jul 10 13:05:37 server sshd[9640]: pam_unix(sshd:session): session opened for user Bibbie by (uid=0)
Jul 10 13:05:41 server sshd[9640]: Received disconnect from Bibbie: disconnected by user
Jul 10 13:05:43 server sshd[9640]: Connection closed by 54.76.159.54 [preauth]
Jul 10 13:05:43 server sshd[4959]: Failed password for invalid user studio from 221.161.235.169 port 7863 ssh2
Jul 10 13:06:03 server sshd[4959]: Disconnecting: Too many authentication failures for studio [preauth]
Jul 10 13:06:05 server sshd[4959]: Connection closed by 221.161.235.169 [preauth]
Jul 10 13:06:07 server sshd[1618]: Failed password for invalid user l3tm31n from 180.179.198.210 port 5206 ssh2
Jul 10 13:06:15 server sshd[1618]: Disconnecting: Too many authentication failures for l3tm31n [preauth]
