Jul 10 17:00:45 server sshd[1314]: Failed password for invalid user descan from 138.118.214.71 port 5986 ssh2
Jul 10 17:00:45 server sshd[1314]: Disconnecting: Too many authentication failures for descan [preauth]
Jul 10 17:00:47 server sshd[1314]: Connection closed by 138.118.214.71 [preauth]
Jul 10 17:00:53 server sshd[1575]: Accepted publickey for Averil from 89.169.0.52 port 6572 ssh2: RSA f6:13:27:fe:ea:87:ef:9d:78:a7:5:f6:f0:ae:9:79
Jul 10 17:01:02 server sshd[1575]: pam_unix(sshd:session): session opened for user Averil by (uid=0)
Jul 10 17:01:03 server sshd[1575]: Received disconnect from Averil: disconnected by user
Jul 10 17:01:06 server sshd[1575]: Connection closed by 89.169.0.52 [preauth]
Jul 10 17:01:09 server sshd[8618]: Accepted publickey for Arline from 51.255.46.112 port 2699 ssh2: RSA f6:87:51:fe:ea:69:ef:9d:78:a7:79:f6:f0:ae:87:62
Jul 10 17:01:23 server sshd[9667]: Failed password for invalid user git from 162.243.10.52 port 7825 ssh2
Jul 10 17:01:33 server sshd[6262]: Connection closed by 13.82.222.81 [preauth]
Jul 10 17:01:36 server sshd[9096]: Accepted publickey for Jania from 62.210.105.116 port 5678 ssh2: RSA f6:64:43:fe:ea:76:ef:9d:78:a7:21:f6:f0:ae:40:55
Jul 10 17:01:55 server sshd[8618]: pam_unix(sshd:session): session opened for user Arline by (uid=0)
Jul 10 17:01:57 server sshd[8618]: Received disconnect from Arline: disconnected by user
Jul 10 17:01:58 server sshd[9096]: pam_unix(sshd:session): session opened for user Jania by (uid=0)
Jul 10 17:01:59 server sshd[9667]: Disconnecting: Too many authentication failures for git [preauth]
Jul 10 17:02:03 server sshd[8618]: Connection closed by 51.255.46.112 [preauth]
Jul 10 17:02:05 server sshd[9096]: Received disconnect from Jania: disconnected by user
Jul 10 17:02:12 server sshd[9667]: Connection closed by 162.243.10.52 [preauth]
Jul 10 17:02:12 server sshd[9096]: Connection closed by 62.210.105.116 [preauth]
Jul 10 17:02:15 server sshd[3975]: Failed password for invalid user ee from 14.33.201.195 port 302 ssh2
Jul 10 17:02:32 server sshd[3975]: Disconnecting: Too many authentication failures for ee [preauth]
Jul 10 17:02:45 server sshd[6617]: Accepted publickey for Auria from 192.200.12.57 port 535 ssh2: RSA f6:92:30:fe:ea:20:ef:9d:78:a7:35:f6:f0:ae:8:81
Jul 10 17:02:48 server sshd[9034]: Accepted publickey for Pattin from 58.162.144.188 port 5715 ssh2: RSA f6:26:30:fe:ea:97:ef:9d:78:a7:32:f6:f0:ae:19:13
Jul 10 17:02:53 server sshd[6617]: pam_unix(sshd:session): session opened for user Auria by (uid=0)
Jul 10 17:02:58 server sshd[6617]: Received disconnect from Auria: disconnected by user
Jul 10 17:02:59 server sshd[3975]: Connection closed by 14.33.201.195 [preauth]
Jul 10 17:03:05 server sshd[6617]: Connection closed by 192.200.12.57 [preauth]
Jul 10 17:03:12 server sshd[9034]: pam_unix(sshd:session): session opened for user Pattin by (uid=0)
Jul 10 17:03:14 server sshd[9034]: Received disconnect from Pattin: disconnected by user
Jul 10 17:03:14 server sshd[6906]: Failed password for invalid user test5 from 23.129.64.15 port 1955 ssh2
Jul 10 17:03:19 server sshd[9034]: Connection closed by 58.162.144.188 [preauth]
Jul 10 17:03:25 server sshd[8496]: Failed password for invalid user echo from 14.162.93.187 port 7889 ssh2
Jul 10 17:03:31 server sshd[6906]: Disconnecting: Too many authentication failures for test5 [preauth]
Jul 10 17:03:34 server sshd[8496]: Disconnecting: Too many authentication failures for echo [preauth]
Jul 10 17:03:37 server sshd[8496]: Connection closed by 14.162.93.187 [preauth]
Jul 10 17:03:40 server sshd[521]: Failed password for invalid user toortoor from 27.36.113.112 port 7758 ssh2
Jul 10 17:03:54 server sshd[6906]: Connection closed by 23.129.64.15 [preauth]
Jul 10 17:03:57 server sshd[521]: Disconnecting: Too many authentication failures for toortoor [preauth]
Jul 10 17:03:58 server sshd[521]: Connection closed by 27.36.113.112 [preauth]
Jul 10 17:04:04 server sshd[347]: Failed password for invalid user pat from 193.90.12.119 port 1220 ssh2
Jul 10 17:04:12 server sshd[347]: Disconnecting: Too many authentication failures for pat [preauth]
Jul 10 17:04:12 server sshd[8817]: Failed password for invalid user pc1 from 194.226.214.4 port 4851 ssh2
Jul 10 17:04:14 server sshd[347]: Connection closed by 193.90.12.119 [preauth]
Jul 10 17:04:28 server sshd[5373]: Failed password for invalid user p4$$w0rd from 192.141.180.242 port 6009 ssh2
Jul 10 17:04:35 server sshd[5373]: Disconnecting: Too many authentication failures for p4$$w0rd [preauth]
Jul 10 17:04:36 server sshd[4939]: Accepted publickey for Dannie from 54.204.145.176 port 2381 ssh2: RSA f6:76:33:fe:ea:21:ef:9d:78:a7:68:f6:f0:ae:41:86
Jul 10 17:04:49 server sshd[4939]: pam_unix(sshd:session): session opened for user Dannie by (uid=0)
Jul 10 17:05:07 server sshd[8817]: Disconnecting: Too many authentication failures for pc1 [preauth]
Jul 10 17:05:15 server sshd[8817]: Connection closed by 194.226.214.4 [preauth]
Jul 10 17:05:16 server sshd[5373]: Connection closed by 192.141.180.242 [preauth]
Jul 10 17:05:22 server sshd[4939]: Received disconnect from Dannie: disconnected by user
Jul 10 17:05:25 server sshd[4939]: Connection closed by 54.204.145.176 [preauth]
Jul 10 17:05:28 server sshd[1769]: Failed password for invalid user david from 13.57.24.18 port 5471 ssh2
Jul 10 17:06:03 server sshd[1769]: Disconnecting: Too many authentication failures for david [preauth]
Jul 10 17:06:05 server sshd[1769]: Connection closed by 13.57.24.18 [preauth]
Jul 10 17:06:14 server sshd[2558]: Accepted publickey for Lennie from 36.2.154.19 port 6821 ssh2: RSA f6:9:33:fe:ea:90:ef:9d:78:a7:23:f6:f0:ae:88:73
Jul 10 17:06:42 server sshd[2558]: pam_unix(sshd:session): session opened for user Lennie by (uid=0)
Jul 10 17:06:45 server sshd[4752]: Failed password for invalid user teste from 23.96.59.253 port 7358 ssh2
Jul 10 17:06:46 server sshd[4752]: Disconnecting: Too many authentication failures for teste [preauth]
Jul 10 17:06:48 server sshd[3743]: Failed password for invalid user cron from 125.110.162.125 port 2008 ssh2
Jul 10 17:06:50 server sshd[2558]: Received disconnect from Lennie: disconnected by user
Jul 10 17:07:00 server sshd[4752]: Connection closed by 23.96.59.253 [preauth]
Jul 10 17:07:03 server sshd[3743]: Disconnecting: Too many authentication failures for cron [preauth]
Jul 10 17:07:06 server sshd[2558]: Connection closed by 36.2.154.19 [preauth]
Jul 10 17:07:16 server sshd[3743]: Connection closed by 125.110.162.125 [preauth]
Jul 10 17:07:16 server sshd[9303]: Failed password for invalid user renee from 203.27.138.60 port 2930 ssh2
Jul 10 17:07:28 server sshd[9303]: Disconnecting: Too many authentication failures for renee [preauth]
Jul 10 17:07:40 server sshd[9303]: Connection closed by 203.27.138.60 [preauth]
Jul 10 17:07:46 server sshd[6177]: Failed password for invalid user scanner from 212.21.66.6 port 7147 ssh2
Jul 10 17:07:48 server sshd[6177]: Disconnecting: Too many authentication failures for scanner [preauth]
Jul 10 17:07:59 server sshd[5999]: Failed password for invalid user desop from 138.197.194.254 port 9126 ssh2
Jul 10 17:08:00 server sshd[5999]: Disconnecting: Too many authentication failures for desop [preauth]
Jul 10 17:08:06 server sshd[6608]: Failed password for invalid user messagebus from 185.100.87.207 port 8464 ssh2
Jul 10 17:08:11 server sshd[6608]: Disconnecting: Too many authentication failures for messagebus [preauth]
Jul 10 17:08:11 server sshd[5999]: Connection closed by 138.197.194.254 [preauth]
Jul 10 17:08:19 server sshd[6177]: Connection closed by 212.21.66.6 [preauth]
Jul 10 17:08:29 server sshd[6608]: Connection closed by 185.100.87.207 [preauth]
Jul 10 17:08:35 server sshd[945]: Failed password for invalid user space from 218.28.72.111 port 2871 ssh2
Jul 10 17:08:37 server sshd[6721]: Failed password for invalid user q1w2e3r4t5 from 200.60.117.210 port 2054 ssh2
Jul 10 17:08:54 server sshd[6721]: Disconnecting: Too many authentication failures for q1w2e3r4t5 [preauth]
Jul 10 17:08:59 server sshd[6721]: Connection closed by 200.60.117.210 [preauth]
Jul 10 17:09:12 server sshd[945]: Disconnecting: Too many authentication failures for space [preauth]
Jul 10 17:09:13 server sshd[4825]: Accepted publickey for Angelle from 58.84.34.218 port 5008 ssh2: RSA f6:20:46:fe:ea:35:ef:9d:78:a7:95:f6:f0:ae:26:21
Jul 10 17:09:20 server sshd[945]: Connection closed by 218.28.72.111 [preauth]
Jul 10 17:09:26 server sshd[6787]: Failed password for invalid user asdfgh from 119.29.37.29 port 3034 ssh2
Jul 10 17:09:33 server sshd[6787]: Disconnecting: Too many authentication failures for asdfgh [preauth]
Jul 10 17:09:35 server sshd[4825]: pam_unix(sshd:session): session opened for user Angelle by (uid=0)
Jul 10 17:09:39 server sshd[6787]: Connection closed by 119.29.37.29 [preauth]
Jul 10 17:10:01 server sshd[3406]: Accepted publickey for Seline from 85.187.94.202 port 9089 ssh2: RSA f6:21:85:fe:ea:91:ef:9d:78:a7:10:f6:f0:ae:40:48
Jul 10 17:10:02 server sshd[5105]: Failed password for invalid user 258963 from 99.69.137.151 port 154 ssh2
Jul 10 17:10:04 server sshd[5105]: Disconnecting: Too many authentication failures for 258963 [preauth]
Jul 10 17:10:11 server sshd[5105]: Connection closed by 99.69.137.151 [preauth]
Jul 10 17:10:11 server sshd[3406]: pam_unix(sshd:session): session opened for user Seline by (uid=0)
Jul 10 17:10:20 server sshd[3406]: Received disconnect from Seline: disconnected by user
Jul 10 17:10:27 server sshd[3406]: Connection closed by 85.187.94.202 [preauth]
Jul 10 17:10:28 server sshd[4825]: Received disconnect from Angelle: disconnected by user
Jul 10 17:10:30 server sshd[4825]: Connection closed by 58.84.34.218 [preauth]
Jul 10 17:10:42 server sshd[6790]: Accepted publickey for Sigfrid from 80.11.135.215 port 7276 ssh2: RSA f6:1:78:fe:ea:0:ef:9d:78:a7:70:f6:f0:ae:96:75
Jul 10 17:10:45 server sshd[6790]: pam_unix(sshd:session): session opened for user Sigfrid by (uid=0)
Jul 10 17:10:46 server sshd[6790]: Received disconnect from Sigfrid: disconnected by user
Jul 10 17:10:57 server sshd[6790]: Connection closed by 80.11.135.215 [preauth]
Jul 10 17:10:57 server sshd[3167]: Failed password for invalid user newadmin from 188.166.239.79 port 2137 ssh2
Jul 10 17:10:59 server sshd[1668]: Accepted publickey for Justino from 96.111.8.250 port 714 ssh2: RSA f6:6:20:fe:ea:71:ef:9d:78:a7:73:f6:f0:ae:82:19
Jul 10 17:11:01 server sshd[1668]: pam_unix(sshd:session): session opened for user Justino by (uid=0)
Jul 10 17:11:05 server sshd[1668]: Received disconnect from Justino: disconnected by user
Jul 10 17:11:21 server sshd[3167]: Disconnecting: Too many authentication failures for newadmin [preauth]
Jul 10 17:11:28 server sshd[3167]: Connection closed by 188.166.239.79 [preauth]
Jul 10 17:11:31 server sshd[1668]: Connection closed by 96.111.8.250 [preauth]
Jul 10 17:11:48 server sshd[2098]: Failed password for invalid user qwert12345 from 201.86.95.126 port 7085 ssh2
Jul 10 17:11:53 server sshd[2098]: Disconnecting: Too many authentication failures for qwert12345 [preauth]
Jul 10 17:11:54 server sshd[2098]: Connection closed by 201.86.95.126 [preauth]
Jul 10 17:12:06 server sshd[4206]: Failed password for invalid user app from 119.204.246.89 port 902 ssh2
Jul 10 17:12:16 server sshd[4206]: Disconnecting: Too many authentication failures for app [preauth]
Jul 10 17:12:20 server sshd[4206]: Connection closed by 119.204.246.89 [preauth]
Jul 10 17:12:20 server sshd[5009]: Failed password for invalid user data from 129.150.72.47 port 3887 ssh2
Jul 10 17:12:24 server sshd[5009]: Disconnecting: Too many authentication failures for data [preauth]
Jul 10 17:12:24 server sshd[577]: Failed password for invalid user admin12345 from 115.249.65.130 port 9727 ssh2
Jul 10 17:12:26 server sshd[5009]: Connection closed by 129.150.72.47 [preauth]
Jul 10 17:12:40 server sshd[577]: Disconnecting: Too many authentication failures for admin12345 [preauth]
Jul 10 17:13:11 server sshd[4772]: Accepted publickey for Rebecka from 61.0.191.23 port 5932 ssh2: RSA f6:49:27:fe:ea:68:ef:9d:78:a7:51:f6:f0:ae:38:41
Jul 10 17:13:15 server sshd[577]: Connection closed by 115.249.65.130 [preauth]
Jul 10 17:13:15 server sshd[5909]: Failed password for invalid user init from 176.223.113.26 port 5714 ssh2
Jul 10 17:13:24 server sshd[4772]: pam_unix(sshd:session): session opened for user Rebecka by (uid=0)
Jul 10 17:13:24 server sshd[5909]: Disconnecting: Too many authentication failures for init [preauth]
Jul 10 17:13:29 server sshd[5909]: Connection closed by 176.223.113.26 [preauth]
Jul 10 17:13:34 server sshd[3701]: Failed password for invalid user marketing from 182.93.154.78 port 7256 ssh2
Jul 10 17:13:39 server sshd[4772]: Received disconnect from Rebecka: disconnected by user
Jul 10 17:13:44 server sshd[3701]: Disconnecting: Too many authentication failures for marketing [preauth]
Jul 10 17:13:45 server sshd[3701]: Connection closed by 182.93.154.78 [preauth]
Jul 10 17:13:54 server sshd[3814]: Failed password for invalid user tritter from 104.52.24.81 port 6878 ssh2
Jul 10 17:13:58 server sshd[3814]: Disconnecting: Too many authentication failures for tritter [preauth]
Jul 10 17:14:16 server sshd[2562]: Failed password for invalid user richards from 205.185.116.81 port 3298 ssh2
Jul 10 17:14:20 server sshd[4772]: Connection closed by 61.0.191.23 [preauth]
Jul 10 17:14:27 server sshd[3814]: Connection closed by 104.52.24.81 [preauth]
Jul 10 17:14:45 server sshd[9077]: Failed password for invalid user arma3server from 119.29.191.40 port 8687 ssh2
Jul 10 17:14:46 server sshd[2562]: Disconnecting: Too many authentication failures for richards [preauth]
Jul 10 17:14:46 server sshd[9077]: Disconnecting: Too many authentication failures for arma3server [preauth]
Jul 10 17:15:06 server sshd[2562]: Connection closed by 205.185.116.81 [preauth]
Jul 10 17:15:25 server sshd[9077]: Connection closed by 119.29.191.40 [preauth]
Jul 10 17:15:29 server sshd[1183]: Failed password for invalid user dev from 138.197.95.215 port 1331 ssh2
Jul 10 17:15:30 server sshd[1183]: Disconnecting: Too many authentication failures for dev [preauth]
Jul 10 17:15:34 server sshd[7551]: Failed password for invalid user redmine from 222.221.253.183 port 1384 ssh2
Jul 10 17:15:40 server sshd[7551]: Disconnecting: Too many authentication failures for redmine [preauth]
Jul 10 17:15:45 server sshd[1183]: Connection closed by 138.197.95.215 [preauth]
Jul 10 17:15:46 server sshd[8905]: Failed password for invalid user odoo from 190.147.178.101 port 2968 ssh2
Jul 10 17:15:50 server sshd[7551]: Connection closed by 222.221.253.183 [preauth]
Jul 10 17:15:51 server sshd[8905]: Disconnecting: Too many authentication failures for odoo [preauth]
Jul 10 17:15:56 server sshd[8905]: Connection closed by 190.147.178.101 [preauth]
Jul 10 17:16:02 server sshd[8223]: Failed password for invalid user kiki from 180.151.1.114 port 730 ssh2
Jul 10 17:16:04 server sshd[8223]: Disconnecting: Too many authentication failures for kiki [preauth]
Jul 10 17:16:09 server sshd[8223]: Connection closed by 180.151.1.114 [preauth]
Jul 10 17:16:09 server sshd[7431]: Failed password for invalid user richard from 204.9.200.244 port 3012 ssh2
Jul 10 17:16:10 server sshd[7431]: Disconnecting: Too many authentication failures for richard [preauth]
Jul 10 17:16:17 server sshd[5827]: Accepted publickey for Reinold from 36.110.114.130 port 3508 ssh2: RSA f6:0:30:fe:ea:47:ef:9d:78:a7:15:f6:f0:ae:41:74
Jul 10 17:16:19 server sshd[5827]: pam_unix(sshd:session): session opened for user Reinold by (uid=0)
Jul 10 17:16:22 server sshd[7431]: Connection closed by 204.9.200.244 [preauth]
Jul 10 17:16:22 server sshd[5827]: Received disconnect from Reinold: disconnected by user
Jul 10 17:16:24 server sshd[5827]: Connection closed by 36.110.114.130 [preauth]
Jul 10 17:16:32 server sshd[4977]: Failed password for invalid user stpi from 219.92.16.253 port 7143 ssh2
Jul 10 17:16:33 server sshd[4716]: Accepted publickey for Ceil from 42.159.249.108 port 7338 ssh2: RSA f6:51:55:fe:ea:42:ef:9d:78:a7:70:f6:f0:ae:78:93
Jul 10 17:16:34 server sshd[4977]: Disconnecting: Too many authentication failures for stpi [preauth]
Jul 10 17:16:44 server sshd[4977]: Connection closed by 219.92.16.253 [preauth]
Jul 10 17:16:44 server sshd[3241]: Failed password for invalid user castis from 123.206.30.186 port 6653 ssh2
Jul 10 17:17:07 server sshd[4716]: pam_unix(sshd:session): session opened for user Ceil by (uid=0)
Jul 10 17:17:17 server sshd[1611]: Accepted publickey for Ulla from 40.68.221.3 port 1422 ssh2: RSA f6:89:20:fe:ea:96:ef:9d:78:a7:13:f6:f0:ae:22:3
Jul 10 17:17:18 server sshd[1611]: pam_unix(sshd:session): session opened for user Ulla by (uid=0)
Jul 10 17:17:20 server sshd[1611]: Received disconnect from Ulla: disconnected by user
Jul 10 17:17:38 server sshd[1611]: Connection closed by 40.68.221.3 [preauth]
Jul 10 17:17:39 server sshd[4716]: Received disconnect from Ceil: disconnected by user
Jul 10 17:17:50 server sshd[8201]: Accepted publickey for Nahum from 52.166.112.31 port 6858 ssh2: RSA f6:14:33:fe:ea:27:ef:9d:78:a7:79:f6:f0:ae:85:73
Jul 10 17:18:03 server sshd[4716]: Connection closed by 42.159.249.108 [preauth]
Jul 10 17:18:04 server sshd[475]: Failed password for invalid user postbox5050$ from 198.96.155.3 port 7833 ssh2
Jul 10 17:18:08 server sshd[475]: Disconnecting: Too many authentication failures for postbox5050$ [preauth]
Jul 10 17:18:10 server sshd[475]: Connection closed by 198.96.155.3 [preauth]
Jul 10 17:18:17 server sshd[8201]: pam_unix(sshd:session): session opened for user Nahum by (uid=0)
Jul 10 17:18:21 server sshd[3241]: Disconnecting: Too many authentication failures for castis [preauth]
Jul 10 17:18:23 server sshd[3241]: Connection closed by 123.206.30.186 [preauth]
Jul 10 17:18:26 server sshd[8201]: Received disconnect from Nahum: disconnected by user
Jul 10 17:18:28 server sshd[4723]: Failed password for invalid user a1b2c3 from 114.228.81.44 port 9043 ssh2
Jul 10 17:18:30 server sshd[9102]: Failed password for invalid user steambot from 219.143.232.221 port 8383 ssh2
Jul 10 17:18:30 server sshd[9102]: Disconnecting: Too many authentication failures for steambot [preauth]
Jul 10 17:18:31 server sshd[9102]: Connection closed by 219.143.232.221 [preauth]
Jul 10 17:18:37 server sshd[8201]: Connection closed by 52.166.112.31 [preauth]
Jul 10 17:18:37 server sshd[3134]: Accepted publickey for Alexa from 52.174.93.191 port 8757 ssh2: RSA f6:23:16:fe:ea:58:ef:9d:78:a7:82:f6:f0:ae:1:31
Jul 10 17:18:38 server sshd[3134]: pam_unix(sshd:session): session opened for user Alexa by (uid=0)
Jul 10 17:19:05 server sshd[3134]: Received disconnect from Alexa: disconnected by user
Jul 10 17:19:15 server sshd[3134]: Connection closed by 52.174.93.191 [preauth]
Jul 10 17:19:17 server sshd[4723]: Disconnecting: Too many authentication failures for a1b2c3 [preauth]
Jul 10 17:19:28 server sshd[4723]: Connection closed by 114.228.81.44 [preauth]
Jul 10 17:19:29 server sshd[8235]: Failed password for invalid user cacti from 123.127.107.70 port 6957 ssh2
Jul 10 17:19:29 server sshd[8235]: Disconnecting: Too many authentication failures for cacti [preauth]
Jul 10 17:19:34 server sshd[977]: Failed password for invalid user rob from 208.180.231.14 port 4743 ssh2
Jul 10 17:19:35 server sshd[977]: Disconnecting: Too many authentication failures for rob [preauth]
Jul 10 17:19:39 server sshd[977]: Connection closed by 208.180.231.14 [preauth]
Jul 10 17:19:46 server sshd[8235]: Connection closed by 123.127.107.70 [preauth]
Jul 10 17:19:47 server sshd[4659]: Failed password for invalid user kaz from 179.52.63.25 port 1448 ssh2
Jul 10 17:19:52 server sshd[4659]: Disconnecting: Too many authentication failures for kaz [preauth]
Jul 10 17:20:00 server sshd[4659]: Connection closed by 179.52.63.25 [preauth]
Jul 10 17:20:00 server sshd[8712]: Failed password for invalid user ask from 192.51.90.34 port 5499 ssh2
Jul 10 17:20:04 server sshd[8712]: Disconnecting: Too many authentication failures for ask [preauth]
Jul 10 17:20:12 server sshd[8712]: Connection closed by 192.51.90.34 [preauth]
Jul 10 17:20:12 server sshd[8703]: Accepted publickey for Eleanor from 61.237.131.45 port 3862 ssh2: RSA f6:87:71:fe:ea:41:ef:9d:78:a7:79:f6:f0:ae:33:95
Jul 10 17:20:13 server sshd[8703]: pam_unix(sshd:session): session opened for user Eleanor by (uid=0)
Jul 10 17:20:13 server sshd[8703]: Received disconnect from Eleanor: disconnected by user
Jul 10 17:20:14 server sshd[778]: Failed password for invalid user cpanelsolr from 124.95.159.69 port 3507 ssh2
Jul 10 17:20:18 server sshd[778]: Disconnecting: Too many authentication failures for cpanelsolr [preauth]
Jul 10 17:20:21 server sshd[778]: Connection closed by 124.95.159.69 [preauth]
Jul 10 17:20:34 server sshd[3351]: Failed password for invalid user passwd from 193.248.58.278 port 7058 ssh2
Jul 10 17:20:39 server sshd[3351]: Disconnecting: Too many authentication failures for passwd [preauth]
Jul 10 17:20:57 server sshd[3351]: Connection closed by 193.248.58.278 [preauth]
Jul 10 17:20:58 server sshd[8703]: Connection closed by 61.237.131.45 [preauth]
Jul 10 17:21:45 server sshd[9407]: Failed password for invalid user kernoops from 179.90.58.193 port 7883 ssh2
Jul 10 17:21:48 server sshd[2871]: Failed password for invalid user kid from 180.141.89.241 port 1339 ssh2
Jul 10 17:21:48 server sshd[9407]: Disconnecting: Too many authentication failures for kernoops [preauth]
Jul 10 17:21:53 server sshd[2871]: Disconnecting: Too many authentication failures for kid [preauth]
Jul 10 17:21:56 server sshd[2871]: Connection closed by 180.141.89.241 [preauth]
Jul 10 17:21:58 server sshd[8801]: Failed password for invalid user netman from 188.165.248.33 port 6918 ssh2
Jul 10 17:21:58 server sshd[9407]: Connection closed by 179.90.58.193 [preauth]
Jul 10 17:22:00 server sshd[8801]: Disconnecting: Too many authentication failures for netman [preauth]
Jul 10 17:22:07 server sshd[8801]: Connection closed by 188.165.248.33 [preauth]
Jul 10 17:22:22 server sshd[4070]: Failed password for invalid user qwer1234 from 201.4.64.218 port 7443 ssh2
Jul 10 17:22:26 server sshd[4944]: Failed password for invalid user sshpro from 218.87.109.154 port 8578 ssh2
Jul 10 17:22:27 server sshd[8209]: Accepted publickey for Dell from 82.234.95.199 port 707 ssh2: RSA f6:65:46:fe:ea:3:ef:9d:78:a7:47:f6:f0:ae:96:81
Jul 10 17:22:29 server sshd[4944]: Disconnecting: Too many authentication failures for sshpro [preauth]
Jul 10 17:22:49 server sshd[4944]: Connection closed by 218.87.109.154 [preauth]
Jul 10 17:22:52 server sshd[8209]: pam_unix(sshd:session): session opened for user Dell by (uid=0)
Jul 10 17:23:00 server sshd[7957]: Failed password for invalid user mine from 185.13.37.134 port 2755 ssh2
Jul 10 17:23:01 server sshd[7957]: Disconnecting: Too many authentication failures for mine [preauth]
Jul 10 17:23:10 server sshd[7957]: Connection closed by 185.13.37.134 [preauth]
Jul 10 17:23:16 server sshd[8209]: Received disconnect from Dell: disconnected by user
Jul 10 17:23:24 server sshd[8209]: Connection closed by 82.234.95.199 [preauth]
Jul 10 17:23:26 server sshd[4070]: Disconnecting: Too many authentication failures for qwer1234 [preauth]
Jul 10 17:23:27 server sshd[9315]: Failed password for invalid user root123 from 210.245.8.79 port 9566 ssh2
Jul 10 17:23:35 server sshd[9315]: Disconnecting: Too many authentication failures for root123 [preauth]
Jul 10 17:23:35 server sshd[4070]: Connection closed by 201.4.64.218 [preauth]
Jul 10 17:23:38 server sshd[587]: Accepted publickey for Flor from 5.99.213.53 port 981 ssh2: RSA f6:48:88:fe:ea:10:ef:9d:78:a7:56:f6:f0:ae:48:76
Jul 10 17:23:39 server sshd[1711]: Failed password for invalid user informix123 from 176.136.1.152 port 7240 ssh2
Jul 10 17:23:48 server sshd[9315]: Connection closed by 210.245.8.79 [preauth]
Jul 10 17:23:48 server sshd[587]: pam_unix(sshd:session): session opened for user Flor by (uid=0)
Jul 10 17:23:50 server sshd[587]: Received disconnect from Flor: disconnected by user
Jul 10 17:23:53 server sshd[1711]: Disconnecting: Too many authentication failures for informix123 [preauth]
Jul 10 17:23:54 server sshd[587]: Connection closed by 5.99.213.53 [preauth]
Jul 10 17:23:57 server sshd[6326]: Failed password for invalid user arul from 119.29.208.154 port 8637 ssh2
Jul 10 17:24:02 server sshd[1711]: Connection closed by 176.136.1.152 [preauth]
Jul 10 17:24:08 server sshd[7578]: Accepted publickey for Kort from 41.79.92.1 port 9766 ssh2: RSA f6:67:34:fe:ea:91:ef:9d:78:a7:60:f6:f0:ae:75:47
Jul 10 17:24:12 server sshd[6699]: Failed password for invalid user atendimento from 119.80.240.21 port 9658 ssh2
Jul 10 17:24:17 server sshd[6326]: Disconnecting: Too many authentication failures for arul [preauth]
Jul 10 17:24:17 server sshd[6699]: Disconnecting: Too many authentication failures for atendimento [preauth]
Jul 10 17:24:21 server sshd[6326]: Connection closed by 119.29.208.154 [preauth]
Jul 10 17:24:26 server sshd[6699]: Connection closed by 119.80.240.21 [preauth]
Jul 10 17:24:31 server sshd[7578]: pam_unix(sshd:session): session opened for user Kort by (uid=0)
Jul 10 17:24:34 server sshd[3520]: Failed password for invalid user telnet from 222.92.178.2 port 8575 ssh2
Jul 10 17:24:35 server sshd[7578]: Received disconnect from Kort: disconnected by user
Jul 10 17:24:39 server sshd[3520]: Disconnecting: Too many authentication failures for telnet [preauth]
Jul 10 17:24:42 server sshd[7578]: Connection closed by 41.79.92.1 [preauth]
Jul 10 17:24:49 server sshd[6018]: Failed password for invalid user amsftp from 117.78.44.33 port 19 ssh2
Jul 10 17:24:51 server sshd[886]: Accepted publickey for Mariele from 86.217.165.91 port 3027 ssh2: RSA f6:96:58:fe:ea:74:ef:9d:78:a7:17:f6:f0:ae:0:71
Jul 10 17:24:53 server sshd[3520]: Connection closed by 222.92.178.2 [preauth]
Jul 10 17:24:59 server sshd[886]: pam_unix(sshd:session): session opened for user Mariele by (uid=0)
Jul 10 17:25:05 server sshd[5016]: Failed password for invalid user qWeRtYuIoP from 200.71.120.46 port 3291 ssh2
Jul 10 17:25:14 server sshd[886]: Received disconnect from Mariele: disconnected by user
Jul 10 17:25:19 server sshd[886]: Connection closed by 86.217.165.91 [preauth]
Jul 10 17:25:21 server sshd[6018]: Disconnecting: Too many authentication failures for amsftp [preauth]
Jul 10 17:25:23 server sshd[5016]: Disconnecting: Too many authentication failures for qWeRtYuIoP [preauth]
Jul 10 17:25:28 server sshd[5016]: Connection closed by 200.71.120.46 [preauth]
Jul 10 17:25:29 server sshd[6018]: Connection closed by 117.78.44.33 [preauth]
Jul 10 17:25:31 server sshd[9701]: Failed password for invalid user radware from 202.97.246.21 port 5517 ssh2
Jul 10 17:25:44 server sshd[8992]: Accepted publickey for Eyde from 80.14.28.58 port 150 ssh2: RSA f6:50:49:fe:ea:65:ef:9d:78:a7:60:f6:f0:ae:91:84
Jul 10 17:25:45 server sshd[8992]: pam_unix(sshd:session): session opened for user Eyde by (uid=0)
Jul 10 17:25:54 server sshd[8992]: Received disconnect from Eyde: disconnected by user
Jul 10 17:26:03 server sshd[8992]: Connection closed by 80.14.28.58 [preauth]
Jul 10 17:26:23 server sshd[9701]: Disconnecting: Too many authentication failures for radware [preauth]
Jul 10 17:26:34 server sshd[9298]: Failed password for invalid user oliver from 204.12.248.74 port 5030 ssh2
Jul 10 17:26:38 server sshd[9701]: Connection closed by 202.97.246.21 [preauth]
Jul 10 17:26:42 server sshd[9298]: Disconnecting: Too many authentication failures for oliver [preauth]
Jul 10 17:26:45 server sshd[9298]: Connection closed by 204.12.248.74 [preauth]
Jul 10 17:26:46 server sshd[9786]: Failed password for invalid user fcweb from 150.95.79.34 port 2688 ssh2
Jul 10 17:26:47 server sshd[9786]: Disconnecting: Too many authentication failures for fcweb [preauth]
Jul 10 17:26:59 server sshd[908]: Failed password for invalid user matthieu from 183.6.189.164 port 2849 ssh2
Jul 10 17:27:03 server sshd[353]: Accepted publickey for Rosetta from 58.56.37.118 port 1742 ssh2: RSA f6:67:89:fe:ea:93:ef:9d:78:a7:27:f6:f0:ae:31:23
Jul 10 17:27:05 server sshd[9786]: Connection closed by 150.95.79.34 [preauth]
Jul 10 17:27:09 server sshd[353]: pam_unix(sshd:session): session opened for user Rosetta by (uid=0)
Jul 10 17:27:12 server sshd[7029]: Accepted publickey for Sallie from 82.117.202.122 port 1310 ssh2: RSA f6:25:86:fe:ea:1:ef:9d:78:a7:77:f6:f0:ae:96:49
Jul 10 17:27:13 server sshd[908]: Disconnecting: Too many authentication failures for matthieu [preauth]
Jul 10 17:27:20 server sshd[908]: Connection closed by 183.6.189.164 [preauth]
Jul 10 17:27:34 server sshd[353]: Received disconnect from Rosetta: disconnected by user
Jul 10 17:27:38 server sshd[7029]: pam_unix(sshd:session): session opened for user Sallie by (uid=0)
Jul 10 17:27:42 server sshd[7029]: Received disconnect from Sallie: disconnected by user
Jul 10 17:27:43 server sshd[7029]: Connection closed by 82.117.202.122 [preauth]
Jul 10 17:27:54 server sshd[353]: Connection closed by 58.56.37.118 [preauth]
Jul 10 17:27:56 server sshd[2781]: Accepted publickey for Eziechiele from 51.254.123.31 port 3778 ssh2: RSA f6:89:30:fe:ea:32:ef:9d:78:a7:29:f6:f0:ae:65:2
Jul 10 17:27:58 server sshd[2781]: pam_unix(sshd:session): session opened for user Eziechiele by (uid=0)
Jul 10 17:28:02 server sshd[3889]: Failed password for invalid user sshvpn from 218.94.120.140 port 9078 ssh2
Jul 10 17:28:03 server sshd[1096]: Accepted publickey for Rubetta from 5.196.1.129 port 3140 ssh2: RSA f6:91:55:fe:ea:8:ef:9d:78:a7:41:f6:f0:ae:32:84
Jul 10 17:28:25 server sshd[1096]: pam_unix(sshd:session): session opened for user Rubetta by (uid=0)
Jul 10 17:28:28 server sshd[3889]: Disconnecting: Too many authentication failures for sshvpn [preauth]
Jul 10 17:28:33 server sshd[1096]: Received disconnect from Rubetta: disconnected by user
Jul 10 17:28:33 server sshd[1096]: Connection closed by 5.196.1.129 [preauth]
Jul 10 17:28:38 server sshd[3889]: Connection closed by 218.94.120.140 [preauth]
Jul 10 17:28:41 server sshd[409]: Accepted publickey for Mersey from 59.45.175.97 port 6727 ssh2: RSA f6:7:34:fe:ea:32:ef:9d:78:a7:9:f6:f0:ae:81:67
Jul 10 17:28:42 server sshd[2781]: Received disconnect from Eziechiele: disconnected by user
Jul 10 17:29:00 server sshd[6647]: Failed password for invalid user proftpd from 200.195.164.151 port 4489 ssh2
Jul 10 17:29:00 server sshd[2781]: Connection closed by 51.254.123.31 [preauth]
Jul 10 17:29:05 server sshd[6647]: Disconnecting: Too many authentication failures for proftpd [preauth]
Jul 10 17:29:08 server sshd[6647]: Connection closed by 200.195.164.151 [preauth]
Jul 10 17:29:23 server sshd[3451]: Failed password for invalid user Password12 from 112.220.221.60 port 8751 ssh2
Jul 10 17:29:33 server sshd[3451]: Disconnecting: Too many authentication failures for Password12 [preauth]
Jul 10 17:29:34 server sshd[409]: pam_unix(sshd:session): session opened for user Mersey by (uid=0)
Jul 10 17:29:40 server sshd[3451]: Connection closed by 112.220.221.60 [preauth]
Jul 10 17:29:51 server sshd[409]: Received disconnect from Mersey: disconnected by user
Jul 10 17:30:00 server sshd[452]: Failed password for invalid user adcadmin from 115.171.168.239 port 7585 ssh2
Jul 10 17:30:03 server sshd[452]: Disconnecting: Too many authentication failures for adcadmin [preauth]
Jul 10 17:30:04 server sshd[452]: Connection closed by 115.171.168.239 [preauth]
Jul 10 17:30:23 server sshd[7144]: Failed password for invalid user adfexc from 115.236.20.14 port 8897 ssh2
Jul 10 17:30:32 server sshd[7144]: Disconnecting: Too many authentication failures for adfexc [preauth]
Jul 10 17:30:39 server sshd[7144]: Connection closed by 115.236.20.14 [preauth]
Jul 10 17:30:59 server sshd[598]: Failed password for invalid user backup from 121.133.177.171 port 1352 ssh2
Jul 10 17:31:02 server sshd[9917]: Failed password for invalid user n from 187.45.127.40 port 1622 ssh2
Jul 10 17:31:05 server sshd[9917]: Disconnecting: Too many authentication failures for n [preauth]
Jul 10 17:31:18 server sshd[598]: Disconnecting: Too many authentication failures for backup [preauth]
Jul 10 17:31:20 server sshd[409]: Connection closed by 59.45.175.97 [preauth]
Jul 10 17:31:22 server sshd[9917]: Connection closed by 187.45.127.40 [preauth]
Jul 10 17:31:31 server sshd[5160]: Failed password for invalid user qwerty123123 from 202.105.142.54 port 964 ssh2
Jul 10 17:31:40 server sshd[5160]: Disconnecting: Too many authentication failures for qwerty123123 [preauth]
Jul 10 17:31:44 server sshd[598]: Connection closed by 121.133.177.171 [preauth]
Jul 10 17:31:51 server sshd[235]: Failed password for invalid user P@ssword1 from 192.252.208.82 port 7232 ssh2
Jul 10 17:31:51 server sshd[7277]: Failed password for invalid user ftp2 from 158.69.222.224 port 7303 ssh2
Jul 10 17:31:54 server sshd[5160]: Connection closed by 202.105.142.54 [preauth]
Jul 10 17:31:56 server sshd[7277]: Disconnecting: Too many authentication failures for ftp2 [preauth]
Jul 10 17:32:02 server sshd[7277]: Connection closed by 158.69.222.224 [preauth]
Jul 10 17:32:04 server sshd[235]: Disconnecting: Too many authentication failures for P@ssword1 [preauth]
Jul 10 17:32:06 server sshd[235]: Connection closed by 192.252.208.82 [preauth]
Jul 10 17:32:08 server sshd[7306]: Failed password for invalid user finance from 151.80.34.219 port 3676 ssh2
Jul 10 17:32:08 server sshd[7306]: Disconnecting: Too many authentication failures for finance [preauth]
Jul 10 17:32:09 server sshd[3634]: Failed password for invalid user transfer from 31.54.237.27 port 3990 ssh2
Jul 10 17:32:12 server sshd[7306]: Connection closed by 151.80.34.219 [preauth]
Jul 10 17:32:14 server sshd[5570]: Failed password for invalid user servercsgo from 213.136.81.74 port 6561 ssh2
Jul 10 17:32:16 server sshd[3634]: Disconnecting: Too many authentication failures for transfer [preauth]
Jul 10 17:32:22 server sshd[3634]: Connection closed by 31.54.237.27 [preauth]
Jul 10 17:32:30 server sshd[9713]: Failed password for invalid user server1 from 213.135.84.123 port 3808 ssh2
Jul 10 17:32:33 server sshd[4404]: Failed password for invalid user terraria from 223.196.98.5 port 8253 ssh2
Jul 10 17:32:44 server sshd[9713]: Disconnecting: Too many authentication failures for server1 [preauth]
Jul 10 17:32:45 server sshd[5570]: Disconnecting: Too many authentication failures for servercsgo [preauth]
Jul 10 17:32:49 server sshd[5570]: Connection closed by 213.136.81.74 [preauth]
Jul 10 17:32:55 server sshd[9713]: Connection closed by 213.135.84.123 [preauth]
Jul 10 17:32:58 server sshd[4404]: Disconnecting: Too many authentication failures for terraria [preauth]
Jul 10 17:32:59 server sshd[4404]: Connection closed by 223.196.98.5 [preauth]
Jul 10 17:33:15 server sshd[5442]: Accepted publickey for Phillie from 46.172.78.247 port 1467 ssh2: RSA f6:15:14:fe:ea:68:ef:9d:78:a7:91:f6:f0:ae:71:56
Jul 10 17:33:17 server sshd[1939]: Failed password for invalid user isaac from 177.103.249.189 port 7868 ssh2
Jul 10 17:33:24 server sshd[6792]: Failed password for invalid user takashi from 222.222.30.46 port 4371 ssh2
Jul 10 17:33:30 server sshd[6792]: Disconnecting: Too many authentication failures for takashi [preauth]
Jul 10 17:33:32 server sshd[6792]: Connection closed by 222.222.30.46 [preauth]
Jul 10 17:33:33 server sshd[1939]: Disconnecting: Too many authentication failures for isaac [preauth]
Jul 10 17:33:34 server sshd[1939]: Connection closed by 177.103.249.189 [preauth]
Jul 10 17:33:41 server sshd[5442]: pam_unix(sshd:session): session opened for user Phillie by (uid=0)
Jul 10 17:33:47 server sshd[457]: Accepted publickey for Myra from 81.148.189.80 port 7208 ssh2: RSA f6:87:71:fe:ea:58:ef:9d:78:a7:20:f6:f0:ae:59:64
Jul 10 17:33:53 server sshd[5442]: Received disconnect from Phillie: disconnected by user
Jul 10 17:33:54 server sshd[5442]: Connection closed by 46.172.78.247 [preauth]
Jul 10 17:34:00 server sshd[457]: pam_unix(sshd:session): session opened for user Myra by (uid=0)
Jul 10 17:34:16 server sshd[457]: Received disconnect from Myra: disconnected by user
Jul 10 17:34:27 server sshd[9325]: Failed password for invalid user cvs from 125.70.13.95 port 4258 ssh2
Jul 10 17:34:28 server sshd[457]: Connection closed by 81.148.189.80 [preauth]
Jul 10 17:34:44 server sshd[9325]: Disconnecting: Too many authentication failures for cvs [preauth]
Jul 10 17:34:45 server sshd[9325]: Connection closed by 125.70.13.95 [preauth]
Jul 10 17:34:46 server sshd[4080]: Failed password for invalid user angelo from 118.89.142.148 port 435 ssh2
Jul 10 17:34:48 server sshd[6398]: Accepted publickey for Halsey from 36.255.3.83 port 120 ssh2: RSA f6:53:66:fe:ea:31:ef:9d:78:a7:95:f6:f0:ae:85:6
Jul 10 17:34:53 server sshd[4080]: Disconnecting: Too many authentication failures for angelo [preauth]
Jul 10 17:35:11 server sshd[6398]: pam_unix(sshd:session): session opened for user Halsey by (uid=0)
Jul 10 17:35:12 server sshd[6398]: Received disconnect from Halsey: disconnected by user
Jul 10 17:35:37 server sshd[6398]: Connection closed by 36.255.3.83 [preauth]
Jul 10 17:35:47 server sshd[4080]: Connection closed by 118.89.142.148 [preauth]
Jul 10 17:35:56 server sshd[1634]: Accepted publickey for Benedicto from 88.206.169.81 port 7829 ssh2: RSA f6:55:10:fe:ea:77:ef:9d:78:a7:95:f6:f0:ae:38:39
Jul 10 17:35:56 server sshd[1634]: pam_unix(sshd:session): session opened for user Benedicto by (uid=0)
Jul 10 17:36:05 server sshd[1385]: Failed password for invalid user angelo from 118.89.142.148 port 2017 ssh2
Jul 10 17:36:24 server sshd[1385]: Disconnecting: Too many authentication failures for angelo [preauth]
Jul 10 17:36:37 server sshd[1385]: Connection closed by 118.89.142.148 [preauth]
Jul 10 17:36:50 server sshd[7401]: Accepted publickey for Laurice from 192.81.113.159 port 7593 ssh2: RSA f6:81:94:fe:ea:42:ef:9d:78:a7:0:f6:f0:ae:93:95
Jul 10 17:37:04 server sshd[1634]: Received disconnect from Benedicto: disconnected by user
Jul 10 17:37:06 server sshd[1634]: Connection closed by 88.206.169.81 [preauth]
Jul 10 17:37:14 server sshd[7401]: pam_unix(sshd:session): session opened for user Laurice by (uid=0)
Jul 10 17:37:19 server sshd[7401]: Received disconnect from Laurice: disconnected by user
Jul 10 17:37:23 server sshd[6205]: Accepted publickey for Karisa from 64.124.32.84 port 9557 ssh2: RSA f6:86:10:fe:ea:52:ef:9d:78:a7:43:f6:f0:ae:0:50
Jul 10 17:37:49 server sshd[6205]: pam_unix(sshd:session): session opened for user Karisa by (uid=0)
Jul 10 17:38:15 server sshd[6205]: Received disconnect from Karisa: disconnected by user
Jul 10 17:38:17 server sshd[7401]: Connection closed by 192.81.113.159 [preauth]
Jul 10 17:38:28 server sshd[7085]: Failed password for invalid user image from 175.207.13.114 port 1593 ssh2
Jul 10 17:38:31 server sshd[975]: Failed password for invalid user adela from 115.178.73.2 port 8552 ssh2
Jul 10 17:38:51 server sshd[6205]: Connection closed by 64.124.32.84 [preauth]
Jul 10 17:39:01 server sshd[7085]: Disconnecting: Too many authentication failures for image [preauth]
Jul 10 17:39:04 server sshd[975]: Disconnecting: Too many authentication failures for adela [preauth]
Jul 10 17:39:05 server sshd[975]: Connection closed by 115.178.73.2 [preauth]
Jul 10 17:39:05 server sshd[7085]: Connection closed by 175.207.13.114 [preauth]
Jul 10 17:39:11 server sshd[8415]: Accepted publickey for Roslyn from 80.109.33.139 port 6893 ssh2: RSA f6:59:26:fe:ea:65:ef:9d:78:a7:92:f6:f0:ae:77:38
Jul 10 17:39:13 server sshd[6432]: Failed password for invalid user lab from 180.183.103.78 port 3657 ssh2
Jul 10 17:39:28 server sshd[8415]: pam_unix(sshd:session): session opened for user Roslyn by (uid=0)
Jul 10 17:39:34 server sshd[6432]: Disconnecting: Too many authentication failures for lab [preauth]
Jul 10 17:39:36 server sshd[8415]: Received disconnect from Roslyn: disconnected by user
Jul 10 17:39:41 server sshd[8415]: Connection closed by 80.109.33.139 [preauth]
Jul 10 17:39:48 server sshd[6432]: Connection closed by 180.183.103.78 [preauth]
Jul 10 17:39:55 server sshd[3553]: Accepted publickey for Jaquenette from 49.50.193.106 port 3136 ssh2: RSA f6:30:72:fe:ea:37:ef:9d:78:a7:79:f6:f0:ae:87:0
Jul 10 17:39:55 server sshd[3553]: pam_unix(sshd:session): session opened for user Jaquenette by (uid=0)
Jul 10 17:40:05 server sshd[2460]: Accepted publickey for Lisabeth from 192.158.212.84 port 8578 ssh2: RSA f6:7:50:fe:ea:33:ef:9d:78:a7:59:f6:f0:ae:14:67
Jul 10 17:40:07 server sshd[3553]: Received disconnect from Jaquenette: disconnected by user
Jul 10 17:40:35 server sshd[2460]: pam_unix(sshd:session): session opened for user Lisabeth by (uid=0)
Jul 10 17:40:38 server sshd[42]: Failed password for invalid user irene from 176.68.168.179 port 2473 ssh2
Jul 10 17:40:43 server sshd[42]: Disconnecting: Too many authentication failures for irene [preauth]
Jul 10 17:40:45 server sshd[3553]: Connection closed by 49.50.193.106 [preauth]
Jul 10 17:40:52 server sshd[2460]: Received disconnect from Lisabeth: disconnected by user
Jul 10 17:40:59 server sshd[2460]: Connection closed by 192.158.212.84 [preauth]
Jul 10 17:41:00 server sshd[42]: Connection closed by 176.68.168.179 [preauth]
Jul 10 17:41:02 server sshd[6196]: Failed password for invalid user gnat from 163.172.69.250 port 8791 ssh2
Jul 10 17:41:04 server sshd[7948]: Failed password for invalid user nwes from 190.14.224.132 port 1267 ssh2
Jul 10 17:41:08 server sshd[6196]: Disconnecting: Too many authentication failures for gnat [preauth]
Jul 10 17:41:09 server sshd[6196]: Connection closed by 163.172.69.250 [preauth]
Jul 10 17:41:18 server sshd[5298]: Accepted publickey for Hyacintha from 82.207.46.234 port 9200 ssh2: RSA f6:97:59:fe:ea:7:ef:9d:78:a7:12:f6:f0:ae:2:88
Jul 10 17:41:21 server sshd[7374]: Failed password for invalid user karthik from 179.43.155.99 port 4941 ssh2
Jul 10 17:41:29 server sshd[5298]: pam_unix(sshd:session): session opened for user Hyacintha by (uid=0)
Jul 10 17:41:57 server sshd[7374]: Disconnecting: Too many authentication failures for karthik [preauth]
Jul 10 17:42:02 server sshd[7374]: Connection closed by 179.43.155.99 [preauth]
Jul 10 17:42:06 server sshd[5421]: Accepted publickey for Ddene from 80.161.190.250 port 8700 ssh2: RSA f6:64:32:fe:ea:69:ef:9d:78:a7:93:f6:f0:ae:6:9
Jul 10 17:42:08 server sshd[5421]: pam_unix(sshd:session): session opened for user Ddene by (uid=0)
Jul 10 17:42:08 server sshd[7948]: Disconnecting: Too many authentication failures for nwes [preauth]
Jul 10 17:42:10 server sshd[5298]: Received disconnect from Hyacintha: disconnected by user
Jul 10 17:42:36 server sshd[7948]: Connection closed by 190.14.224.132 [preauth]
Jul 10 17:42:42 server sshd[5298]: Connection closed by 82.207.46.234 [preauth]
Jul 10 17:42:52 server sshd[8658]: Failed password for invalid user pmd from 198.100.147.68 port 6948 ssh2
Jul 10 17:42:58 server sshd[5421]: Received disconnect from Ddene: disconnected by user
Jul 10 17:43:04 server sshd[8658]: Disconnecting: Too many authentication failures for pmd [preauth]
Jul 10 17:43:21 server sshd[4401]: Accepted publickey for Ddene from 80.161.190.250 port 2845 ssh2: RSA f6:87:70:fe:ea:80:ef:9d:78:a7:85:f6:f0:ae:83:37
Jul 10 17:43:21 server sshd[5421]: Connection closed by 80.161.190.250 [preauth]
Jul 10 17:43:22 server sshd[4846]: Failed password for invalid user lightdm from 181.120.212.246 port 5165 ssh2
Jul 10 17:43:42 server sshd[4401]: pam_unix(sshd:session): session opened for user Ddene by (uid=0)
Jul 10 17:43:43 server sshd[4401]: Received disconnect from Ddene: disconnected by user
Jul 10 17:43:45 server sshd[8658]: Connection closed by 198.100.147.68 [preauth]
Jul 10 17:44:04 server sshd[4401]: Connection closed by 80.161.190.250 [preauth]
Jul 10 17:44:07 server sshd[4846]: Disconnecting: Too many authentication failures for lightdm [preauth]
Jul 10 17:44:15 server sshd[7017]: Failed password for invalid user console from 124.42.66.91 port 7131 ssh2
Jul 10 17:44:40 server sshd[4846]: Connection closed by 181.120.212.246 [preauth]
Jul 10 17:44:41 server sshd[8174]: Accepted publickey for Minni from 80.82.77.139 port 964 ssh2: RSA f6:42:19:fe:ea:71:ef:9d:78:a7:40:f6:f0:ae:46:87
Jul 10 17:44:47 server sshd[7017]: Disconnecting: Too many authentication failures for console [preauth]
Jul 10 17:44:51 server sshd[7017]: Connection closed by 124.42.66.91 [preauth]
Jul 10 17:45:02 server sshd[8174]: pam_unix(sshd:session): session opened for user Minni by (uid=0)
Jul 10 17:45:03 server sshd[8174]: Received disconnect from Minni: disconnected by user
Jul 10 17:45:07 server sshd[4697]: Failed password for invalid user tests from 24.154.239.124 port 5677 ssh2
Jul 10 17:45:07 server sshd[4697]: Disconnecting: Too many authentication failures for tests [preauth]
Jul 10 17:45:07 server sshd[1943]: Accepted publickey for Paulie from 84.200.206.50 port 1549 ssh2: RSA f6:24:9:fe:ea:53:ef:9d:78:a7:9:f6:f0:ae:47:47
Jul 10 17:45:11 server sshd[8174]: Connection closed by 80.82.77.139 [preauth]
Jul 10 17:45:15 server sshd[1943]: pam_unix(sshd:session): session opened for user Paulie by (uid=0)
Jul 10 17:45:17 server sshd[4697]: Connection closed by 24.154.239.124 [preauth]
Jul 10 17:45:19 server sshd[6862]: Failed password for invalid user chef from 123.207.172.15 port 5258 ssh2
Jul 10 17:45:28 server sshd[1943]: Received disconnect from Paulie: disconnected by user
Jul 10 17:45:37 server sshd[1943]: Connection closed by 84.200.206.50 [preauth]
Jul 10 17:45:40 server sshd[6862]: Disconnecting: Too many authentication failures for chef [preauth]
Jul 10 17:46:05 server sshd[6862]: Connection closed by 123.207.172.15 [preauth]
Jul 10 17:46:10 server sshd[5838]: Failed password for invalid user oracle123 from 190.85.163.45 port 2099 ssh2
Jul 10 17:46:12 server sshd[379]: Failed password for invalid user andrew from 118.194.132.112 port 5772 ssh2
Jul 10 17:46:14 server sshd[5838]: Disconnecting: Too many authentication failures for oracle123 [preauth]
Jul 10 17:46:20 server sshd[5838]: Connection closed by 190.85.163.45 [preauth]
Jul 10 17:46:33 server sshd[379]: Disconnecting: Too many authentication failures for andrew [preauth]
Jul 10 17:46:35 server sshd[5297]: Failed password for invalid user musikbot from 187.188.205.108 port 7084 ssh2
Jul 10 17:46:39 server sshd[379]: Connection closed by 118.194.132.112 [preauth]
Jul 10 17:46:40 server sshd[5297]: Disconnecting: Too many authentication failures for musikbot [preauth]
Jul 10 17:46:41 server sshd[5297]: Connection closed by 187.188.205.108 [preauth]
Jul 10 17:46:48 server sshd[2815]: Failed password for invalid user butget from 122.228.158.54 port 2312 ssh2
Jul 10 17:46:51 server sshd[2815]: Disconnecting: Too many authentication failures for butget [preauth]
Jul 10 17:46:51 server sshd[3921]: Failed password for invalid user leo from 180.76.165.244 port 6818 ssh2
Jul 10 17:46:56 server sshd[3921]: Disconnecting: Too many authentication failures for leo [preauth]
Jul 10 17:46:56 server sshd[2815]: Connection closed by 122.228.158.54 [preauth]
Jul 10 17:46:58 server sshd[3921]: Connection closed by 180.76.165.244 [preauth]
Jul 10 17:46:59 server sshd[1276]: Failed password for invalid user WP from 114.119.41.82 port 829 ssh2
Jul 10 17:47:04 server sshd[1276]: Disconnecting: Too many authentication failures for WP [preauth]
Jul 10 17:47:06 server sshd[1276]: Connection closed by 114.119.41.82 [preauth]
Jul 10 17:47:11 server sshd[6388]: Failed password for invalid user nevada from 188.166.188.233 port 9501 ssh2
Jul 10 17:47:12 server sshd[6388]: Disconnecting: Too many authentication failures for nevada [preauth]
Jul 10 17:47:16 server sshd[6388]: Connection closed by 188.166.188.233 [preauth]
Jul 10 17:47:17 server sshd[6946]: Failed password for invalid user kodi from 180.169.228.38 port 6892 ssh2
Jul 10 17:47:24 server sshd[6946]: Disconnecting: Too many authentication failures for kodi [preauth]
Jul 10 17:47:24 server sshd[9591]: Accepted publickey for Briano from 80.189.148.81 port 3908 ssh2: RSA f6:8:11:fe:ea:4:ef:9d:78:a7:73:f6:f0:ae:6:2
Jul 10 17:47:27 server sshd[9591]: pam_unix(sshd:session): session opened for user Briano by (uid=0)
Jul 10 17:47:38 server sshd[6946]: Connection closed by 180.169.228.38 [preauth]
Jul 10 17:47:39 server sshd[9591]: Received disconnect from Briano: disconnected by user
Jul 10 17:47:45 server sshd[9591]: Connection closed by 80.189.148.81 [preauth]
Jul 10 17:47:51 server sshd[7029]: Accepted publickey for Pail from 58.242.83.32 port 844 ssh2: RSA f6:69:49:fe:ea:14:ef:9d:78:a7:67:f6:f0:ae:70:97
Jul 10 17:47:58 server sshd[7284]: Failed password for invalid user import from 175.211.102.67 port 9974 ssh2
Jul 10 17:48:08 server sshd[7029]: pam_unix(sshd:session): session opened for user Pail by (uid=0)
Jul 10 17:48:09 server sshd[7284]: Disconnecting: Too many authentication failures for import [preauth]
Jul 10 17:48:38 server sshd[7284]: Connection closed by 175.211.102.67 [preauth]
Jul 10 17:48:45 server sshd[7029]: Received disconnect from Pail: disconnected by user
Jul 10 17:48:49 server sshd[7476]: Failed password for invalid user info from 175.6.27.49 port 8543 ssh2
Jul 10 17:48:51 server sshd[7476]: Disconnecting: Too many authentication failures for info [preauth]
Jul 10 17:48:52 server sshd[995]: Failed password for invalid user ec2 from 14.161.16.18 port 158 ssh2
Jul 10 17:48:57 server sshd[7029]: Connection closed by 58.242.83.32 [preauth]
Jul 10 17:49:00 server sshd[5877]: Failed password for invalid user agent from 116.228.44.22 port 8159 ssh2
Jul 10 17:49:02 server sshd[995]: Disconnecting: Too many authentication failures for ec2 [preauth]
Jul 10 17:49:15 server sshd[5877]: Disconnecting: Too many authentication failures for agent [preauth]
Jul 10 17:49:23 server sshd[7476]: Connection closed by 175.6.27.49 [preauth]
Jul 10 17:49:24 server sshd[5877]: Connection closed by 116.228.44.22 [preauth]
