Jul 10 14:44:58 server sshd[8201]: Accepted publickey for Worthy from 45.79.151.44 port 6694 ssh2: RSA f6:31:5:fe:ea:65:ef:9d:78:a7:0:f6:f0:ae:45:60
Jul 10 14:45:01 server sshd[8201]: pam_unix(sshd:session): session opened for user Worthy by (uid=0)
Jul 10 14:45:02 server sshd[8201]: Received disconnect from Worthy: disconnected by user
Jul 10 14:45:23 server sshd[5629]: Failed password for invalid user debian from 13.94.154.24 port 4543 ssh2
Jul 10 14:45:26 server sshd[8201]: Connection closed by 45.79.151.44 [preauth]
Jul 10 14:45:28 server sshd[5629]: Disconnecting: Too many authentication failures for debian [preauth]
Jul 10 14:45:31 server sshd[5481]: Failed password for invalid user enrique from 142.44.164.5 port 48 ssh2
Jul 10 14:45:39 server sshd[5629]: Connection closed by 13.94.154.24 [preauth]
Jul 10 14:45:39 server sshd[5481]: Disconnecting: Too many authentication failures for enrique [preauth]
Jul 10 14:45:42 server sshd[5481]: Connection closed by 142.44.164.5 [preauth]
Jul 10 14:45:49 server sshd[8678]: Failed password for invalid user csgo from 125.131.65.31 port 4311 ssh2
Jul 10 14:45:55 server sshd[8678]: Disconnecting: Too many authentication failures for csgo [preauth]
Jul 10 14:45:56 server sshd[6760]: Failed password for invalid user prueba123 from 200.24.212.196 port 1719 ssh2
Jul 10 14:46:02 server sshd[8678]: Connection closed by 125.131.65.31 [preauth]
Jul 10 14:46:09 server sshd[2984]: Failed password for invalid user sysadm from 222.103.136.117 port 4715 ssh2
Jul 10 14:46:15 server sshd[6760]: Disconnecting: Too many authentication failures for prueba123 [preauth]
Jul 10 14:46:18 server sshd[2984]: Disconnecting: Too many authentication failures for sysadm [preauth]
Jul 10 14:46:23 server sshd[6760]: Connection closed by 200.24.212.196 [preauth]
Jul 10 14:46:30 server sshd[2984]: Connection closed by 222.103.136.117 [preauth]
Jul 10 14:46:35 server sshd[1673]: Failed password for invalid user francesco from 155.133.64.182 port 3194 ssh2
Jul 10 14:46:42 server sshd[763]: Failed password for invalid user irc from 176.67.242.98 port 3403 ssh2
Jul 10 14:46:45 server sshd[763]: Disconnecting: Too many authentication failures for irc [preauth]
Jul 10 14:46:47 server sshd[9240]: Failed password for invalid user sally from 211.249.35.204 port 7042 ssh2
Jul 10 14:46:51 server sshd[1673]: Disconnecting: Too many authentication failures for francesco [preauth]
Jul 10 14:46:52 server sshd[763]: Connection closed by 176.67.242.98 [preauth]
Jul 10 14:47:00 server sshd[9240]: Disconnecting: Too many authentication failures for sally [preauth]
Jul 10 14:47:04 server sshd[5160]: Failed password for invalid user francesco from 155.133.64.182 port 6225 ssh2
Jul 10 14:47:05 server sshd[1673]: Connection closed by 155.133.64.182 [preauth]
Jul 10 14:47:06 server sshd[9240]: Connection closed by 211.249.35.204 [preauth]
Jul 10 14:47:15 server sshd[5418]: Accepted publickey for Carmela from 46.140.157.157 port 8727 ssh2: RSA f6:26:63:fe:ea:64:ef:9d:78:a7:71:f6:f0:ae:36:46
Jul 10 14:47:22 server sshd[5160]: Disconnecting: Too many authentication failures for francesco [preauth]
Jul 10 14:47:28 server sshd[5160]: Connection closed by 155.133.64.182 [preauth]
Jul 10 14:47:34 server sshd[5418]: pam_unix(sshd:session): session opened for user Carmela by (uid=0)
Jul 10 14:48:06 server sshd[5418]: Received disconnect from Carmela: disconnected by user
Jul 10 14:48:10 server sshd[4993]: Failed password for invalid user srvadmin from 218.84.31.197 port 2918 ssh2
Jul 10 14:48:11 server sshd[3929]: Accepted publickey for Rex from 51.255.95.66 port 3356 ssh2: RSA f6:77:46:fe:ea:78:ef:9d:78:a7:95:f6:f0:ae:70:20
Jul 10 14:48:14 server sshd[4993]: Disconnecting: Too many authentication failures for srvadmin [preauth]
Jul 10 14:48:17 server sshd[4993]: Connection closed by 218.84.31.197 [preauth]
Jul 10 14:48:26 server sshd[3929]: pam_unix(sshd:session): session opened for user Rex by (uid=0)
Jul 10 14:48:33 server sshd[3094]: Failed password for invalid user retag from 204.101.44.238 port 2468 ssh2
Jul 10 14:48:35 server sshd[5418]: Connection closed by 46.140.157.157 [preauth]
Jul 10 14:48:47 server sshd[2759]: Failed password for invalid user qsczse from 201.238.217.12 port 5253 ssh2
Jul 10 14:48:51 server sshd[3929]: Received disconnect from Rex: disconnected by user
Jul 10 14:49:13 server sshd[2759]: Disconnecting: Too many authentication failures for qsczse [preauth]
Jul 10 14:49:16 server sshd[3094]: Disconnecting: Too many authentication failures for retag [preauth]
Jul 10 14:49:19 server sshd[3929]: Connection closed by 51.255.95.66 [preauth]
Jul 10 14:49:19 server sshd[3094]: Connection closed by 204.101.44.238 [preauth]
Jul 10 14:49:19 server sshd[1983]: Accepted publickey for Sayer from 87.141.103.114 port 6358 ssh2: RSA f6:92:84:fe:ea:57:ef:9d:78:a7:45:f6:f0:ae:84:71
Jul 10 14:49:20 server sshd[2759]: Connection closed by 201.238.217.12 [preauth]
Jul 10 14:49:21 server sshd[4303]: Failed password for invalid user ave from 120.146.192.70 port 8516 ssh2
Jul 10 14:49:23 server sshd[4248]: Failed password for invalid user roottoor from 211.105.30.53 port 9185 ssh2
Jul 10 14:49:26 server sshd[4248]: Disconnecting: Too many authentication failures for roottoor [preauth]
Jul 10 14:49:40 server sshd[4248]: Connection closed by 211.105.30.53 [preauth]
Jul 10 14:49:44 server sshd[1983]: pam_unix(sshd:session): session opened for user Sayer by (uid=0)
Jul 10 14:49:46 server sshd[4303]: Disconnecting: Too many authentication failures for ave [preauth]
Jul 10 14:49:47 server sshd[4303]: Connection closed by 120.146.192.70 [preauth]
Jul 10 14:49:55 server sshd[1983]: Received disconnect from Sayer: disconnected by user
Jul 10 14:50:00 server sshd[8902]: Failed password for invalid user asdf from 119.29.27.181 port 3954 ssh2
Jul 10 14:50:01 server sshd[6808]: Failed password for invalid user kelly from 179.85.152.180 port 8819 ssh2
Jul 10 14:50:02 server sshd[1983]: Connection closed by 87.141.103.114 [preauth]
Jul 10 14:50:07 server sshd[8902]: Disconnecting: Too many authentication failures for asdf [preauth]
Jul 10 14:50:29 server sshd[6808]: Disconnecting: Too many authentication failures for kelly [preauth]
Jul 10 14:50:33 server sshd[8902]: Connection closed by 119.29.27.181 [preauth]
Jul 10 14:50:38 server sshd[2162]: Accepted publickey for Michelle from 58.242.83.36 port 6722 ssh2: RSA f6:3:57:fe:ea:88:ef:9d:78:a7:63:f6:f0:ae:69:18
Jul 10 14:50:40 server sshd[6808]: Connection closed by 179.85.152.180 [preauth]
Jul 10 14:50:41 server sshd[2162]: pam_unix(sshd:session): session opened for user Michelle by (uid=0)
Jul 10 14:50:44 server sshd[2162]: Received disconnect from Michelle: disconnected by user
Jul 10 14:50:44 server sshd[2162]: Connection closed by 58.242.83.36 [preauth]
Jul 10 14:50:48 server sshd[4778]: Failed password for invalid user engineer from 142.44.136.102 port 4845 ssh2
Jul 10 14:50:52 server sshd[4778]: Disconnecting: Too many authentication failures for engineer [preauth]
Jul 10 14:50:59 server sshd[4778]: Connection closed by 142.44.136.102 [preauth]
Jul 10 14:51:00 server sshd[9648]: Failed password for invalid user maria from 182.61.30.7 port 2524 ssh2
Jul 10 14:51:01 server sshd[4539]: Failed password for invalid user joe from 178.254.243.244 port 6920 ssh2
Jul 10 14:51:12 server sshd[3364]: Failed password for invalid user english from 142.44.154.192 port 2812 ssh2
Jul 10 14:51:21 server sshd[4539]: Disconnecting: Too many authentication failures for joe [preauth]
Jul 10 14:51:29 server sshd[9648]: Disconnecting: Too many authentication failures for maria [preauth]
Jul 10 14:51:48 server sshd[4539]: Connection closed by 178.254.243.244 [preauth]
Jul 10 14:51:51 server sshd[9648]: Connection closed by 182.61.30.7 [preauth]
Jul 10 14:51:54 server sshd[3364]: Disconnecting: Too many authentication failures for english [preauth]
Jul 10 14:52:08 server sshd[8193]: Failed password for invalid user teacher1 from 222.239.97.173 port 2272 ssh2
Jul 10 14:52:09 server sshd[3364]: Connection closed by 142.44.154.192 [preauth]
Jul 10 14:52:12 server sshd[8193]: Disconnecting: Too many authentication failures for teacher1 [preauth]
Jul 10 14:52:19 server sshd[3384]: Accepted publickey for Michal from 40.114.52.201 port 7894 ssh2: RSA f6:92:68:fe:ea:75:ef:9d:78:a7:89:f6:f0:ae:68:8
Jul 10 14:52:30 server sshd[1591]: Failed password for invalid user ahmad from 116.231.150.228 port 2959 ssh2
Jul 10 14:52:34 server sshd[8193]: Connection closed by 222.239.97.173 [preauth]
Jul 10 14:52:44 server sshd[3384]: pam_unix(sshd:session): session opened for user Michal by (uid=0)
Jul 10 14:52:49 server sshd[3384]: Received disconnect from Michal: disconnected by user
Jul 10 14:52:54 server sshd[1591]: Disconnecting: Too many authentication failures for ahmad [preauth]
Jul 10 14:53:43 server sshd[2345]: Failed password for invalid user biotop from 121.33.200.218 port 5534 ssh2
Jul 10 14:53:46 server sshd[1591]: Connection closed by 116.231.150.228 [preauth]
Jul 10 14:53:48 server sshd[2345]: Disconnecting: Too many authentication failures for biotop [preauth]
Jul 10 14:53:52 server sshd[2345]: Connection closed by 121.33.200.218 [preauth]
Jul 10 14:53:54 server sshd[3384]: Connection closed by 40.114.52.201 [preauth]
Jul 10 14:54:02 server sshd[4503]: Failed password for invalid user penguin from 195.158.29.222 port 3716 ssh2
Jul 10 14:54:07 server sshd[4503]: Disconnecting: Too many authentication failures for penguin [preauth]
Jul 10 14:54:09 server sshd[4503]: Connection closed by 195.158.29.222 [preauth]
Jul 10 14:54:12 server sshd[8567]: Failed password for invalid user plcmspip from 197.13.2.215 port 2106 ssh2
Jul 10 14:54:19 server sshd[6789]: Accepted publickey for Jeanine from 45.249.94.86 port 9386 ssh2: RSA f6:73:62:fe:ea:98:ef:9d:78:a7:23:f6:f0:ae:0:57
Jul 10 14:54:26 server sshd[8958]: Failed password for invalid user amin2 from 117.78.34.221 port 6399 ssh2
Jul 10 14:54:36 server sshd[8567]: Disconnecting: Too many authentication failures for plcmspip [preauth]
Jul 10 14:54:43 server sshd[8958]: Disconnecting: Too many authentication failures for amin2 [preauth]
Jul 10 14:54:49 server sshd[8958]: Connection closed by 117.78.34.221 [preauth]
Jul 10 14:54:50 server sshd[6789]: pam_unix(sshd:session): session opened for user Jeanine by (uid=0)
Jul 10 14:54:50 server sshd[6789]: Received disconnect from Jeanine: disconnected by user
Jul 10 14:54:53 server sshd[6789]: Connection closed by 45.249.94.86 [preauth]
Jul 10 14:54:56 server sshd[8567]: Connection closed by 197.13.2.215 [preauth]
Jul 10 14:54:57 server sshd[4258]: Accepted publickey for Olympie from 78.130.128.106 port 9310 ssh2: RSA f6:48:16:fe:ea:92:ef:9d:78:a7:66:f6:f0:ae:82:63
Jul 10 14:54:58 server sshd[4258]: pam_unix(sshd:session): session opened for user Olympie by (uid=0)
Jul 10 14:54:58 server sshd[7561]: Failed password for invalid user t5r4e3w2q1 from 222.190.98.29 port 8879 ssh2
Jul 10 14:55:01 server sshd[4258]: Received disconnect from Olympie: disconnected by user
Jul 10 14:55:05 server sshd[6723]: Accepted publickey for Joli from 59.90.170.110 port 5183 ssh2: RSA f6:78:44:fe:ea:96:ef:9d:78:a7:37:f6:f0:ae:57:59
Jul 10 14:55:07 server sshd[6723]: pam_unix(sshd:session): session opened for user Joli by (uid=0)
Jul 10 14:55:25 server sshd[7561]: Disconnecting: Too many authentication failures for t5r4e3w2q1 [preauth]
Jul 10 14:55:28 server sshd[4258]: Connection closed by 78.130.128.106 [preauth]
Jul 10 14:55:28 server sshd[7561]: Connection closed by 222.190.98.29 [preauth]
Jul 10 14:55:29 server sshd[6723]: Received disconnect from Joli: disconnected by user
Jul 10 14:55:36 server sshd[3187]: Failed password for invalid user gino from 162.105.92.214 port 439 ssh2
Jul 10 14:55:38 server sshd[6723]: Connection closed by 59.90.170.110 [preauth]
Jul 10 14:55:39 server sshd[3187]: Disconnecting: Too many authentication failures for gino [preauth]
Jul 10 14:55:46 server sshd[3948]: Accepted publickey for Sherwynd from 61.160.254.19 port 6895 ssh2: RSA f6:31:30:fe:ea:22:ef:9d:78:a7:6:f6:f0:ae:49:93
Jul 10 14:55:54 server sshd[3948]: pam_unix(sshd:session): session opened for user Sherwynd by (uid=0)
Jul 10 14:55:56 server sshd[3948]: Received disconnect from Sherwynd: disconnected by user
Jul 10 14:55:56 server sshd[3948]: Connection closed by 61.160.254.19 [preauth]
Jul 10 14:56:06 server sshd[3187]: Connection closed by 162.105.92.214 [preauth]
Jul 10 14:56:08 server sshd[7210]: Accepted publickey for Ravi from 59.126.254.98 port 9072 ssh2: RSA f6:69:55:fe:ea:27:ef:9d:78:a7:19:f6:f0:ae:26:8
Jul 10 14:56:10 server sshd[3136]: Failed password for invalid user student from 220.132.238.76 port 784 ssh2
Jul 10 14:56:12 server sshd[7210]: pam_unix(sshd:session): session opened for user Ravi by (uid=0)
Jul 10 14:56:22 server sshd[3136]: Disconnecting: Too many authentication failures for student [preauth]
Jul 10 14:56:23 server sshd[7210]: Received disconnect from Ravi: disconnected by user
Jul 10 14:56:35 server sshd[1004]: Accepted publickey for Jamesy from 51.15.54.136 port 8997 ssh2: RSA f6:55:31:fe:ea:95:ef:9d:78:a7:93:f6:f0:ae:65:12
Jul 10 14:56:40 server sshd[7210]: Connection closed by 59.126.254.98 [preauth]
Jul 10 14:56:49 server sshd[1004]: pam_unix(sshd:session): session opened for user Jamesy by (uid=0)
Jul 10 14:56:58 server sshd[1004]: Received disconnect from Jamesy: disconnected by user
Jul 10 14:56:59 server sshd[3136]: Connection closed by 220.132.238.76 [preauth]
Jul 10 14:57:01 server sshd[1251]: Failed password for invalid user qweqwe123 from 201.251.63.115 port 2454 ssh2
Jul 10 14:57:02 server sshd[9944]: Accepted publickey for Elspeth from 78.235.136.144 port 4393 ssh2: RSA f6:84:86:fe:ea:9:ef:9d:78:a7:95:f6:f0:ae:60:92
Jul 10 14:57:13 server sshd[9944]: pam_unix(sshd:session): session opened for user Elspeth by (uid=0)
Jul 10 14:57:16 server sshd[1251]: Disconnecting: Too many authentication failures for qweqwe123 [preauth]
Jul 10 14:57:19 server sshd[9944]: Received disconnect from Elspeth: disconnected by user
Jul 10 14:57:21 server sshd[1004]: Connection closed by 51.15.54.136 [preauth]
Jul 10 14:57:31 server sshd[9944]: Connection closed by 78.235.136.144 [preauth]
Jul 10 14:57:35 server sshd[1251]: Connection closed by 201.251.63.115 [preauth]
Jul 10 14:57:35 server sshd[6291]: Accepted publickey for Jan from 71.225.204.99 port 7760 ssh2: RSA f6:62:79:fe:ea:18:ef:9d:78:a7:88:f6:f0:ae:44:6
Jul 10 14:57:38 server sshd[6291]: pam_unix(sshd:session): session opened for user Jan by (uid=0)
Jul 10 14:57:40 server sshd[6291]: Received disconnect from Jan: disconnected by user
Jul 10 14:57:54 server sshd[1817]: Failed password for invalid user muie123 from 187.17.17.156 port 2060 ssh2
Jul 10 14:58:02 server sshd[1817]: Disconnecting: Too many authentication failures for muie123 [preauth]
Jul 10 14:58:03 server sshd[1817]: Connection closed by 187.17.17.156 [preauth]
Jul 10 14:58:18 server sshd[4159]: Failed password for invalid user ftp_user from 158.69.95.104 port 2920 ssh2
Jul 10 14:58:19 server sshd[6291]: Connection closed by 71.225.204.99 [preauth]
Jul 10 14:58:27 server sshd[2866]: Failed password for invalid user cvsadmin from 125.71.204.87 port 9582 ssh2
Jul 10 14:58:32 server sshd[4478]: Failed password for invalid user elsearch from 140.207.213.31 port 8974 ssh2
Jul 10 14:58:34 server sshd[4159]: Disconnecting: Too many authentication failures for ftp_user [preauth]
Jul 10 14:58:35 server sshd[2866]: Disconnecting: Too many authentication failures for cvsadmin [preauth]
Jul 10 14:58:37 server sshd[2866]: Connection closed by 125.71.204.87 [preauth]
Jul 10 14:58:45 server sshd[4159]: Connection closed by 158.69.95.104 [preauth]
Jul 10 14:58:54 server sshd[4478]: Disconnecting: Too many authentication failures for elsearch [preauth]
Jul 10 14:58:55 server sshd[7876]: Failed password for invalid user craft from 125.110.139.1 port 4666 ssh2
Jul 10 14:58:57 server sshd[7876]: Disconnecting: Too many authentication failures for craft [preauth]
Jul 10 14:59:03 server sshd[1429]: Failed password for invalid user testuser from 24.231.7.41 port 2390 ssh2
Jul 10 14:59:08 server sshd[1429]: Disconnecting: Too many authentication failures for testuser [preauth]
Jul 10 14:59:15 server sshd[7876]: Connection closed by 125.110.139.1 [preauth]
Jul 10 14:59:19 server sshd[3543]: Accepted publickey for Valma from 42.116.7.139 port 4966 ssh2: RSA f6:97:40:fe:ea:92:ef:9d:78:a7:10:f6:f0:ae:43:12
Jul 10 14:59:21 server sshd[4478]: Connection closed by 140.207.213.31 [preauth]
Jul 10 14:59:24 server sshd[3543]: pam_unix(sshd:session): session opened for user Valma by (uid=0)
Jul 10 14:59:28 server sshd[1429]: Connection closed by 24.231.7.41 [preauth]
Jul 10 14:59:31 server sshd[3543]: Received disconnect from Valma: disconnected by user
Jul 10 14:59:40 server sshd[614]: Accepted publickey for Judd from 52.175.34.212 port 2337 ssh2: RSA f6:58:33:fe:ea:20:ef:9d:78:a7:46:f6:f0:ae:61:63
Jul 10 14:59:48 server sshd[614]: pam_unix(sshd:session): session opened for user Judd by (uid=0)
Jul 10 14:59:50 server sshd[3543]: Connection closed by 42.116.7.139 [preauth]
Jul 10 14:59:56 server sshd[8192]: Failed password for invalid user admin12 from 115.248.249.97 port 5355 ssh2
Jul 10 15:00:02 server sshd[8192]: Disconnecting: Too many authentication failures for admin12 [preauth]
Jul 10 15:00:03 server sshd[8192]: Connection closed by 115.248.249.97 [preauth]
Jul 10 15:00:14 server sshd[614]: Received disconnect from Judd: disconnected by user
Jul 10 15:00:15 server sshd[614]: Connection closed by 52.175.34.212 [preauth]
Jul 10 15:00:17 server sshd[5769]: Failed password for invalid user babygirl from 121.131.99.10 port 9329 ssh2
Jul 10 15:00:26 server sshd[5769]: Disconnecting: Too many authentication failures for babygirl [preauth]
Jul 10 15:00:26 server sshd[3491]: Failed password for invalid user riki from 206.122.185.93 port 4108 ssh2
Jul 10 15:00:31 server sshd[5769]: Connection closed by 121.131.99.10 [preauth]
Jul 10 15:00:42 server sshd[2963]: Failed password for invalid user repair from 203.76.208.188 port 13 ssh2
Jul 10 15:00:44 server sshd[2963]: Disconnecting: Too many authentication failures for repair [preauth]
Jul 10 15:00:44 server sshd[2963]: Connection closed by 203.76.208.188 [preauth]
Jul 10 15:00:48 server sshd[6744]: Failed password for invalid user pablo from 192.241.186.59 port 3746 ssh2
Jul 10 15:00:54 server sshd[6744]: Disconnecting: Too many authentication failures for pablo [preauth]
Jul 10 15:00:54 server sshd[6744]: Connection closed by 192.241.186.59 [preauth]
Jul 10 15:01:09 server sshd[5034]: Accepted publickey for Garvey from 61.148.16.14 port 8892 ssh2: RSA f6:30:78:fe:ea:94:ef:9d:78:a7:32:f6:f0:ae:77:42
Jul 10 15:01:24 server sshd[5034]: pam_unix(sshd:session): session opened for user Garvey by (uid=0)
Jul 10 15:01:25 server sshd[5034]: Received disconnect from Garvey: disconnected by user
Jul 10 15:01:26 server sshd[3491]: Disconnecting: Too many authentication failures for riki [preauth]
Jul 10 15:01:40 server sshd[5034]: Connection closed by 61.148.16.14 [preauth]
Jul 10 15:01:43 server sshd[3491]: Connection closed by 206.122.185.93 [preauth]
Jul 10 15:01:45 server sshd[1688]: Failed password for invalid user sigit from 217.114.188.142 port 4447 ssh2
Jul 10 15:01:50 server sshd[1688]: Disconnecting: Too many authentication failures for sigit [preauth]
Jul 10 15:01:54 server sshd[2752]: Accepted publickey for Loree from 54.164.32.81 port 4990 ssh2: RSA f6:80:97:fe:ea:58:ef:9d:78:a7:65:f6:f0:ae:60:28
Jul 10 15:02:05 server sshd[2752]: pam_unix(sshd:session): session opened for user Loree by (uid=0)
Jul 10 15:02:17 server sshd[1688]: Connection closed by 217.114.188.142 [preauth]
Jul 10 15:02:18 server sshd[656]: Accepted publickey for Keen from 73.76.228.79 port 8295 ssh2: RSA f6:7:69:fe:ea:29:ef:9d:78:a7:82:f6:f0:ae:94:12
Jul 10 15:02:27 server sshd[656]: pam_unix(sshd:session): session opened for user Keen by (uid=0)
Jul 10 15:02:36 server sshd[2752]: Received disconnect from Loree: disconnected by user
Jul 10 15:02:36 server sshd[2752]: Connection closed by 54.164.32.81 [preauth]
Jul 10 15:02:44 server sshd[656]: Received disconnect from Keen: disconnected by user
Jul 10 15:02:50 server sshd[5528]: Failed password for invalid user PlcmSpIp from 112.26.124.34 port 7351 ssh2
Jul 10 15:02:53 server sshd[656]: Connection closed by 73.76.228.79 [preauth]
Jul 10 15:03:05 server sshd[8558]: Failed password for invalid user ehsan from 14.58.118.69 port 7305 ssh2
Jul 10 15:03:07 server sshd[5528]: Disconnecting: Too many authentication failures for PlcmSpIp [preauth]
Jul 10 15:03:11 server sshd[5528]: Connection closed by 112.26.124.34 [preauth]
Jul 10 15:03:17 server sshd[2798]: Failed password for invalid user landscape from 180.211.162.102 port 59 ssh2
Jul 10 15:03:19 server sshd[2798]: Disconnecting: Too many authentication failures for landscape [preauth]
Jul 10 15:03:26 server sshd[8558]: Disconnecting: Too many authentication failures for ehsan [preauth]
Jul 10 15:03:28 server sshd[8558]: Connection closed by 14.58.118.69 [preauth]
Jul 10 15:03:35 server sshd[2798]: Connection closed by 180.211.162.102 [preauth]
Jul 10 15:03:39 server sshd[4582]: Failed password for invalid user superman from 221.194.47.236 port 7552 ssh2
Jul 10 15:03:48 server sshd[5629]: Failed password for invalid user am from 117.239.246.55 port 4160 ssh2
Jul 10 15:04:11 server sshd[1834]: Failed password for invalid user incoming from 175.215.11.45 port 1056 ssh2
Jul 10 15:04:12 server sshd[4582]: Disconnecting: Too many authentication failures for superman [preauth]
Jul 10 15:04:20 server sshd[5629]: Disconnecting: Too many authentication failures for am [preauth]
Jul 10 15:04:41 server sshd[5629]: Connection closed by 117.239.246.55 [preauth]
Jul 10 15:04:43 server sshd[1834]: Disconnecting: Too many authentication failures for incoming [preauth]
Jul 10 15:04:44 server sshd[4582]: Connection closed by 221.194.47.236 [preauth]
Jul 10 15:04:46 server sshd[1834]: Connection closed by 175.215.11.45 [preauth]
Jul 10 15:04:46 server sshd[4225]: Failed password for invalid user professor from 200.187.150.144 port 8118 ssh2
Jul 10 15:04:53 server sshd[7674]: Failed password for invalid user pomodoro from 198.24.151.157 port 3675 ssh2
Jul 10 15:04:53 server sshd[4225]: Disconnecting: Too many authentication failures for professor [preauth]
Jul 10 15:05:04 server sshd[4225]: Connection closed by 200.187.150.144 [preauth]
Jul 10 15:05:09 server sshd[7674]: Disconnecting: Too many authentication failures for pomodoro [preauth]
Jul 10 15:05:20 server sshd[7674]: Connection closed by 198.24.151.157 [preauth]
Jul 10 15:05:23 server sshd[9801]: Accepted publickey for Alexander from 61.151.241.225 port 4669 ssh2: RSA f6:16:91:fe:ea:15:ef:9d:78:a7:11:f6:f0:ae:65:62
Jul 10 15:05:25 server sshd[9801]: pam_unix(sshd:session): session opened for user Alexander by (uid=0)
Jul 10 15:05:31 server sshd[9801]: Received disconnect from Alexander: disconnected by user
Jul 10 15:05:32 server sshd[7966]: Accepted publickey for Ignazio from 91.134.125.190 port 8523 ssh2: RSA f6:96:21:fe:ea:97:ef:9d:78:a7:3:f6:f0:ae:6:46
Jul 10 15:05:32 server sshd[7966]: pam_unix(sshd:session): session opened for user Ignazio by (uid=0)
Jul 10 15:05:37 server sshd[9801]: Connection closed by 61.151.241.225 [preauth]
Jul 10 15:05:42 server sshd[6750]: Accepted publickey for Vasili from 59.16.74.234 port 782 ssh2: RSA f6:2:83:fe:ea:63:ef:9d:78:a7:17:f6:f0:ae:68:0
Jul 10 15:05:44 server sshd[7966]: Received disconnect from Ignazio: disconnected by user
Jul 10 15:05:46 server sshd[5711]: Accepted publickey for Ailsun from 34.212.43.93 port 1453 ssh2: RSA f6:41:90:fe:ea:41:ef:9d:78:a7:91:f6:f0:ae:53:94
Jul 10 15:05:47 server sshd[6750]: pam_unix(sshd:session): session opened for user Vasili by (uid=0)
Jul 10 15:05:48 server sshd[6750]: Received disconnect from Vasili: disconnected by user
Jul 10 15:05:59 server sshd[5711]: pam_unix(sshd:session): session opened for user Ailsun by (uid=0)
Jul 10 15:06:01 server sshd[7966]: Connection closed by 91.134.125.190 [preauth]
Jul 10 15:06:13 server sshd[6750]: Connection closed by 59.16.74.234 [preauth]
Jul 10 15:06:27 server sshd[5711]: Received disconnect from Ailsun: disconnected by user
Jul 10 15:06:28 server sshd[5711]: Connection closed by 34.212.43.93 [preauth]
Jul 10 15:06:39 server sshd[7684]: Accepted publickey for Leese from 59.45.175.95 port 6144 ssh2: RSA f6:87:54:fe:ea:56:ef:9d:78:a7:71:f6:f0:ae:48:63
Jul 10 15:06:43 server sshd[9350]: Failed password for invalid user qwerty123 from 202.104.67.10 port 7451 ssh2
Jul 10 15:06:44 server sshd[9776]: Accepted publickey for Chelsey from 85.182.30.237 port 5871 ssh2: RSA f6:79:96:fe:ea:18:ef:9d:78:a7:96:f6:f0:ae:84:6
Jul 10 15:06:47 server sshd[9776]: pam_unix(sshd:session): session opened for user Chelsey by (uid=0)
Jul 10 15:06:51 server sshd[7684]: pam_unix(sshd:session): session opened for user Leese by (uid=0)
Jul 10 15:06:52 server sshd[9776]: Received disconnect from Chelsey: disconnected by user
Jul 10 15:06:55 server sshd[9350]: Disconnecting: Too many authentication failures for qwerty123 [preauth]
Jul 10 15:07:15 server sshd[7684]: Received disconnect from Leese: disconnected by user
Jul 10 15:07:19 server sshd[9350]: Connection closed by 202.104.67.10 [preauth]
Jul 10 15:07:26 server sshd[9776]: Connection closed by 85.182.30.237 [preauth]
Jul 10 15:07:31 server sshd[6936]: Failed password for invalid user kim from 180.151.80.12 port 3493 ssh2
Jul 10 15:07:37 server sshd[7684]: Connection closed by 59.45.175.95 [preauth]
Jul 10 15:07:42 server sshd[5220]: Failed password for invalid user junior from 179.184.176.114 port 7188 ssh2
Jul 10 15:07:43 server sshd[3368]: Failed password for invalid user public from 200.29.120.94 port 4293 ssh2
Jul 10 15:07:44 server sshd[6936]: Disconnecting: Too many authentication failures for kim [preauth]
Jul 10 15:07:55 server sshd[6936]: Connection closed by 180.151.80.12 [preauth]
Jul 10 15:07:58 server sshd[3368]: Disconnecting: Too many authentication failures for public [preauth]
Jul 10 15:08:04 server sshd[5220]: Disconnecting: Too many authentication failures for junior [preauth]
Jul 10 15:08:13 server sshd[5220]: Connection closed by 179.184.176.114 [preauth]
Jul 10 15:08:15 server sshd[3368]: Connection closed by 200.29.120.94 [preauth]
Jul 10 15:08:17 server sshd[5877]: Accepted publickey for Nellie from 51.15.195.244 port 7210 ssh2: RSA f6:14:46:fe:ea:49:ef:9d:78:a7:88:f6:f0:ae:13:59
Jul 10 15:08:17 server sshd[5877]: pam_unix(sshd:session): session opened for user Nellie by (uid=0)
Jul 10 15:08:27 server sshd[8530]: Failed password for invalid user sachin from 211.238.147.230 port 8009 ssh2
Jul 10 15:08:41 server sshd[8086]: Failed password for invalid user q1w2e3 from 200.57.117.119 port 7852 ssh2
Jul 10 15:08:43 server sshd[8086]: Disconnecting: Too many authentication failures for q1w2e3 [preauth]
Jul 10 15:08:43 server sshd[8530]: Disconnecting: Too many authentication failures for sachin [preauth]
Jul 10 15:08:43 server sshd[5877]: Received disconnect from Nellie: disconnected by user
Jul 10 15:08:44 server sshd[8530]: Connection closed by 211.238.147.230 [preauth]
Jul 10 15:08:45 server sshd[5877]: Connection closed by 51.15.195.244 [preauth]
Jul 10 15:08:49 server sshd[8732]: Failed password for invalid user roger from 210.13.50.109 port 3000 ssh2
Jul 10 15:08:54 server sshd[8086]: Connection closed by 200.57.117.119 [preauth]
Jul 10 15:08:59 server sshd[8732]: Disconnecting: Too many authentication failures for roger [preauth]
Jul 10 15:09:06 server sshd[8732]: Connection closed by 210.13.50.109 [preauth]
Jul 10 15:09:09 server sshd[1715]: Failed password for invalid user git123git from 162.247.72.7 port 1627 ssh2
Jul 10 15:09:16 server sshd[5960]: Failed password for invalid user sysop from 222.103.136.182 port 8641 ssh2
Jul 10 15:09:18 server sshd[6198]: Failed password for invalid user jeremy from 177.94.244.242 port 7324 ssh2
Jul 10 15:09:18 server sshd[6198]: Disconnecting: Too many authentication failures for jeremy [preauth]
Jul 10 15:09:19 server sshd[6198]: Connection closed by 177.94.244.242 [preauth]
Jul 10 15:09:25 server sshd[1715]: Disconnecting: Too many authentication failures for git123git [preauth]
Jul 10 15:09:29 server sshd[1715]: Connection closed by 162.247.72.7 [preauth]
Jul 10 15:09:29 server sshd[6991]: Failed password for invalid user aaron from 114.255.24.2 port 3923 ssh2
Jul 10 15:09:48 server sshd[6467]: Failed password for invalid user jakob from 177.182.105.232 port 3517 ssh2
Jul 10 15:09:53 server sshd[5960]: Disconnecting: Too many authentication failures for sysop [preauth]
Jul 10 15:10:06 server sshd[6991]: Disconnecting: Too many authentication failures for aaron [preauth]
Jul 10 15:10:08 server sshd[5960]: Connection closed by 222.103.136.182 [preauth]
Jul 10 15:10:09 server sshd[6467]: Disconnecting: Too many authentication failures for jakob [preauth]
Jul 10 15:10:29 server sshd[6467]: Connection closed by 177.182.105.232 [preauth]
Jul 10 15:10:47 server sshd[3037]: Accepted publickey for Alisander from 59.15.45.35 port 2982 ssh2: RSA f6:75:28:fe:ea:28:ef:9d:78:a7:34:f6:f0:ae:79:80
Jul 10 15:10:49 server sshd[6991]: Connection closed by 114.255.24.2 [preauth]
Jul 10 15:10:51 server sshd[3037]: pam_unix(sshd:session): session opened for user Alisander by (uid=0)
Jul 10 15:10:57 server sshd[3037]: Received disconnect from Alisander: disconnected by user
Jul 10 15:10:59 server sshd[3037]: Connection closed by 59.15.45.35 [preauth]
Jul 10 15:11:02 server sshd[2041]: Failed password for invalid user mysql from 187.32.215.126 port 1871 ssh2
Jul 10 15:11:06 server sshd[4815]: Failed password for invalid user docker from 187.252.208.82 port 2206 ssh2
Jul 10 15:11:08 server sshd[2041]: Disconnecting: Too many authentication failures for mysql [preauth]
Jul 10 15:11:08 server sshd[5193]: Failed password for invalid user mac from 182.149.204.145 port 5592 ssh2
Jul 10 15:11:17 server sshd[2041]: Connection closed by 187.32.215.126 [preauth]
Jul 10 15:11:29 server sshd[5193]: Disconnecting: Too many authentication failures for mac [preauth]
Jul 10 15:11:35 server sshd[5193]: Connection closed by 182.149.204.145 [preauth]
Jul 10 15:11:38 server sshd[3486]: Failed password for invalid user nas from 187.85.207.19 port 4768 ssh2
Jul 10 15:11:39 server sshd[3486]: Disconnecting: Too many authentication failures for nas [preauth]
Jul 10 15:11:40 server sshd[3486]: Connection closed by 187.85.207.19 [preauth]
Jul 10 15:11:40 server sshd[4815]: Disconnecting: Too many authentication failures for docker [preauth]
Jul 10 15:11:56 server sshd[7549]: Failed password for invalid user mhlee from 185.100.87.250 port 6782 ssh2
Jul 10 15:11:57 server sshd[4815]: Connection closed by 187.252.208.82 [preauth]
Jul 10 15:11:57 server sshd[7549]: Disconnecting: Too many authentication failures for mhlee [preauth]
Jul 10 15:12:00 server sshd[8005]: Accepted publickey for Bernie from 37.236.130.41 port 3548 ssh2: RSA f6:58:18:fe:ea:83:ef:9d:78:a7:62:f6:f0:ae:16:55
Jul 10 15:12:02 server sshd[8005]: pam_unix(sshd:session): session opened for user Bernie by (uid=0)
Jul 10 15:12:13 server sshd[8005]: Received disconnect from Bernie: disconnected by user
Jul 10 15:12:13 server sshd[8005]: Connection closed by 37.236.130.41 [preauth]
Jul 10 15:12:15 server sshd[7549]: Connection closed by 185.100.87.250 [preauth]
Jul 10 15:12:19 server sshd[408]: Failed password for invalid user r00tr00t from 202.29.239.11 port 3413 ssh2
Jul 10 15:12:28 server sshd[4173]: Failed password for invalid user camille from 123.206.102.66 port 296 ssh2
Jul 10 15:12:29 server sshd[408]: Disconnecting: Too many authentication failures for r00tr00t [preauth]
Jul 10 15:12:42 server sshd[4173]: Disconnecting: Too many authentication failures for camille [preauth]
Jul 10 15:12:44 server sshd[408]: Connection closed by 202.29.239.11 [preauth]
Jul 10 15:12:53 server sshd[4173]: Connection closed by 123.206.102.66 [preauth]
Jul 10 15:12:59 server sshd[1274]: Accepted publickey for Floria from 61.91.14.114 port 183 ssh2: RSA f6:78:66:fe:ea:77:ef:9d:78:a7:37:f6:f0:ae:29:12
Jul 10 15:13:03 server sshd[4624]: Failed password for invalid user MANAGER from 111.11.181.52 port 6490 ssh2
Jul 10 15:13:19 server sshd[4624]: Disconnecting: Too many authentication failures for MANAGER [preauth]
Jul 10 15:13:37 server sshd[1274]: pam_unix(sshd:session): session opened for user Floria by (uid=0)
Jul 10 15:13:42 server sshd[1274]: Received disconnect from Floria: disconnected by user
Jul 10 15:13:46 server sshd[924]: Failed password for invalid user jack from 177.147.59.40 port 6885 ssh2
Jul 10 15:13:48 server sshd[4624]: Connection closed by 111.11.181.52 [preauth]
Jul 10 15:13:52 server sshd[1617]: Failed password for invalid user ruby from 211.204.236.178 port 8682 ssh2
Jul 10 15:13:57 server sshd[1617]: Disconnecting: Too many authentication failures for ruby [preauth]
Jul 10 15:14:02 server sshd[1617]: Connection closed by 211.204.236.178 [preauth]
Jul 10 15:14:02 server sshd[924]: Disconnecting: Too many authentication failures for jack [preauth]
Jul 10 15:14:16 server sshd[3212]: Failed password for invalid user lisa from 181.143.226.67 port 1794 ssh2
Jul 10 15:14:42 server sshd[3212]: Disconnecting: Too many authentication failures for lisa [preauth]
Jul 10 15:14:46 server sshd[924]: Connection closed by 177.147.59.40 [preauth]
Jul 10 15:14:46 server sshd[3665]: Failed password for invalid user marc from 182.61.22.80 port 9332 ssh2
Jul 10 15:14:53 server sshd[1274]: Connection closed by 61.91.14.114 [preauth]
Jul 10 15:14:53 server sshd[3212]: Connection closed by 181.143.226.67 [preauth]
Jul 10 15:14:54 server sshd[3665]: Disconnecting: Too many authentication failures for marc [preauth]
Jul 10 15:15:05 server sshd[9923]: Failed password for invalid user bananapi from 121.15.134.106 port 5917 ssh2
Jul 10 15:15:07 server sshd[4653]: Failed password for invalid user bank from 121.154.244.74 port 3656 ssh2
Jul 10 15:15:20 server sshd[3665]: Connection closed by 182.61.22.80 [preauth]
Jul 10 15:15:23 server sshd[4653]: Disconnecting: Too many authentication failures for bank [preauth]
Jul 10 15:15:25 server sshd[9923]: Disconnecting: Too many authentication failures for bananapi [preauth]
Jul 10 15:15:31 server sshd[9923]: Connection closed by 121.15.134.106 [preauth]
Jul 10 15:15:40 server sshd[4653]: Connection closed by 121.154.244.74 [preauth]
Jul 10 15:15:41 server sshd[1393]: Failed password for invalid user ds from 139.59.69.226 port 6807 ssh2
Jul 10 15:15:49 server sshd[1393]: Disconnecting: Too many authentication failures for ds [preauth]
Jul 10 15:15:59 server sshd[1393]: Connection closed by 139.59.69.226 [preauth]
Jul 10 15:16:12 server sshd[6766]: Failed password for invalid user julian from 179.155.95.22 port 9828 ssh2
Jul 10 15:16:22 server sshd[6766]: Disconnecting: Too many authentication failures for julian [preauth]
Jul 10 15:16:27 server sshd[6435]: Failed password for invalid user redis from 203.214.65.55 port 3660 ssh2
Jul 10 15:16:31 server sshd[6435]: Disconnecting: Too many authentication failures for redis [preauth]
Jul 10 15:16:35 server sshd[6766]: Connection closed by 179.155.95.22 [preauth]
Jul 10 15:16:35 server sshd[9177]: Failed password for invalid user o from 190.144.93.111 port 8007 ssh2
Jul 10 15:16:41 server sshd[5851]: Failed password for invalid user tigger from 245.53.151.27 port 3320 ssh2
Jul 10 15:16:47 server sshd[6435]: Connection closed by 203.214.65.55 [preauth]
Jul 10 15:16:54 server sshd[5851]: Disconnecting: Too many authentication failures for tigger [preauth]
Jul 10 15:17:07 server sshd[5851]: Connection closed by 245.53.151.27 [preauth]
Jul 10 15:17:07 server sshd[9177]: Disconnecting: Too many authentication failures for o [preauth]
Jul 10 15:17:10 server sshd[8768]: Failed password for invalid user anne123 from 118.89.33.21 port 1701 ssh2
Jul 10 15:17:12 server sshd[9177]: Connection closed by 190.144.93.111 [preauth]
Jul 10 15:17:21 server sshd[4189]: Failed password for invalid user soporte from 218.233.172.202 port 3118 ssh2
Jul 10 15:17:22 server sshd[4189]: Disconnecting: Too many authentication failures for soporte [preauth]
Jul 10 15:17:23 server sshd[8768]: Disconnecting: Too many authentication failures for anne123 [preauth]
Jul 10 15:17:23 server sshd[8768]: Connection closed by 118.89.33.21 [preauth]
Jul 10 15:17:27 server sshd[6605]: Accepted publickey for Riordan from 80.15.121.231 port 5647 ssh2: RSA f6:27:72:fe:ea:67:ef:9d:78:a7:46:f6:f0:ae:1:38
Jul 10 15:17:30 server sshd[6946]: Failed password for invalid user 266344 from 106.74.112.20 port 3142 ssh2
Jul 10 15:17:33 server sshd[6946]: Disconnecting: Too many authentication failures for 266344 [preauth]
Jul 10 15:17:46 server sshd[4189]: Connection closed by 218.233.172.202 [preauth]
Jul 10 15:17:49 server sshd[6946]: Connection closed by 106.74.112.20 [preauth]
Jul 10 15:18:04 server sshd[4004]: Failed password for invalid user ncuser from 188.121.2.243 port 1344 ssh2
Jul 10 15:18:06 server sshd[6605]: pam_unix(sshd:session): session opened for user Riordan by (uid=0)
Jul 10 15:18:12 server sshd[4004]: Disconnecting: Too many authentication failures for ncuser [preauth]
Jul 10 15:18:12 server sshd[4004]: Connection closed by 188.121.2.243 [preauth]
Jul 10 15:18:13 server sshd[2767]: Failed password for invalid user dummy from 14.139.185.8 port 6372 ssh2
Jul 10 15:18:19 server sshd[1165]: Failed password for invalid user martha from 183.129.166.34 port 3719 ssh2
Jul 10 15:18:22 server sshd[1165]: Disconnecting: Too many authentication failures for martha [preauth]
Jul 10 15:18:25 server sshd[2767]: Disconnecting: Too many authentication failures for dummy [preauth]
Jul 10 15:18:45 server sshd[1165]: Connection closed by 183.129.166.34 [preauth]
Jul 10 15:18:46 server sshd[6605]: Received disconnect from Riordan: disconnected by user
Jul 10 15:19:05 server sshd[2767]: Connection closed by 14.139.185.8 [preauth]
Jul 10 15:19:10 server sshd[6605]: Connection closed by 80.15.121.231 [preauth]
Jul 10 15:19:25 server sshd[7626]: Failed password for invalid user temp123 from 223.112.97.170 port 6133 ssh2
Jul 10 15:19:27 server sshd[7626]: Disconnecting: Too many authentication failures for temp123 [preauth]
Jul 10 15:19:30 server sshd[7626]: Connection closed by 223.112.97.170 [preauth]
Jul 10 15:19:47 server sshd[9044]: Failed password for invalid user JDE from 110.50.84.61 port 857 ssh2
Jul 10 15:19:55 server sshd[5277]: Failed password for invalid user raspberry from 203.157.181.4 port 1399 ssh2
Jul 10 15:19:56 server sshd[9044]: Disconnecting: Too many authentication failures for JDE [preauth]
Jul 10 15:19:58 server sshd[3136]: Failed password for invalid user hadoop123 from 166.62.35.180 port 1233 ssh2
Jul 10 15:19:58 server sshd[5277]: Disconnecting: Too many authentication failures for raspberry [preauth]
Jul 10 15:20:04 server sshd[3136]: Disconnecting: Too many authentication failures for hadoop123 [preauth]
Jul 10 15:20:18 server sshd[9044]: Connection closed by 110.50.84.61 [preauth]
Jul 10 15:20:22 server sshd[3136]: Connection closed by 166.62.35.180 [preauth]
Jul 10 15:20:24 server sshd[5277]: Connection closed by 203.157.181.4 [preauth]
Jul 10 15:20:26 server sshd[7404]: Accepted publickey for Kimball from 82.209.246.122 port 2133 ssh2: RSA f6:73:39:fe:ea:17:ef:9d:78:a7:41:f6:f0:ae:45:37
Jul 10 15:20:30 server sshd[8804]: Failed password for invalid user altibase from 117.211.165.213 port 9111 ssh2
Jul 10 15:20:43 server sshd[7404]: pam_unix(sshd:session): session opened for user Kimball by (uid=0)
Jul 10 15:20:48 server sshd[8804]: Disconnecting: Too many authentication failures for altibase [preauth]
Jul 10 15:20:53 server sshd[7742]: Failed password for invalid user neil from 188.133.149.98 port 4795 ssh2
Jul 10 15:20:53 server sshd[7404]: Received disconnect from Kimball: disconnected by user
Jul 10 15:20:54 server sshd[7404]: Connection closed by 82.209.246.122 [preauth]
Jul 10 15:21:10 server sshd[8804]: Connection closed by 117.211.165.213 [preauth]
Jul 10 15:21:11 server sshd[7742]: Disconnecting: Too many authentication failures for neil [preauth]
Jul 10 15:21:18 server sshd[7446]: Failed password for invalid user member from 185.100.86.154 port 6676 ssh2
Jul 10 15:21:22 server sshd[3628]: Failed password for invalid user pdf from 194.44.219.161 port 4565 ssh2
Jul 10 15:21:47 server sshd[7446]: Disconnecting: Too many authentication failures for member [preauth]
Jul 10 15:21:56 server sshd[7742]: Connection closed by 188.133.149.98 [preauth]
Jul 10 15:22:07 server sshd[7446]: Connection closed by 185.100.86.154 [preauth]
Jul 10 15:22:17 server sshd[9705]: Failed password for invalid user rootadmin from 211.104.171.220 port 9300 ssh2
Jul 10 15:22:17 server sshd[4008]: Failed password for invalid user market from 182.76.255.146 port 8191 ssh2
Jul 10 15:22:20 server sshd[9705]: Disconnecting: Too many authentication failures for rootadmin [preauth]
Jul 10 15:22:22 server sshd[4008]: Disconnecting: Too many authentication failures for market [preauth]
Jul 10 15:22:26 server sshd[3628]: Disconnecting: Too many authentication failures for pdf [preauth]
Jul 10 15:22:27 server sshd[3628]: Connection closed by 194.44.219.161 [preauth]
Jul 10 15:22:29 server sshd[9705]: Connection closed by 211.104.171.220 [preauth]
Jul 10 15:22:29 server sshd[4008]: Connection closed by 182.76.255.146 [preauth]
Jul 10 15:22:32 server sshd[3828]: Failed password for invalid user broin from 122.194.119.242 port 9804 ssh2
Jul 10 15:22:55 server sshd[3828]: Disconnecting: Too many authentication failures for broin [preauth]
Jul 10 15:23:00 server sshd[3828]: Connection closed by 122.194.119.242 [preauth]
Jul 10 15:23:02 server sshd[7248]: Failed password for invalid user diana from 139.162.184.85 port 7307 ssh2
Jul 10 15:23:05 server sshd[161]: Accepted publickey for Luciano from 59.8.21.84 port 1877 ssh2: RSA f6:70:38:fe:ea:33:ef:9d:78:a7:97:f6:f0:ae:3:25
Jul 10 15:23:18 server sshd[7248]: Disconnecting: Too many authentication failures for diana [preauth]
Jul 10 15:23:19 server sshd[7248]: Connection closed by 139.162.184.85 [preauth]
Jul 10 15:23:27 server sshd[9819]: Failed password for invalid user openvpn from 190.57.229.100 port 3512 ssh2
Jul 10 15:23:31 server sshd[161]: pam_unix(sshd:session): session opened for user Luciano by (uid=0)
Jul 10 15:23:37 server sshd[161]: Received disconnect from Luciano: disconnected by user
Jul 10 15:23:51 server sshd[9819]: Disconnecting: Too many authentication failures for openvpn [preauth]
Jul 10 15:23:58 server sshd[837]: Failed password for invalid user cashier from 123.206.232.14 port 6485 ssh2
Jul 10 15:24:00 server sshd[837]: Disconnecting: Too many authentication failures for cashier [preauth]
Jul 10 15:24:02 server sshd[837]: Connection closed by 123.206.232.14 [preauth]
Jul 10 15:24:21 server sshd[161]: Connection closed by 59.8.21.84 [preauth]
Jul 10 15:24:33 server sshd[9819]: Connection closed by 190.57.229.100 [preauth]
Jul 10 15:24:34 server sshd[371]: Failed password for invalid user cmccoll from 123.59.199.40 port 3614 ssh2
Jul 10 15:24:52 server sshd[2066]: Accepted publickey for Heddie from 51.15.219.218 port 1369 ssh2: RSA f6:43:54:fe:ea:17:ef:9d:78:a7:83:f6:f0:ae:22:53
Jul 10 15:24:56 server sshd[4050]: Accepted publickey for Ardelle from 59.56.106.8 port 9775 ssh2: RSA f6:87:56:fe:ea:55:ef:9d:78:a7:96:f6:f0:ae:41:31
Jul 10 15:24:57 server sshd[371]: Disconnecting: Too many authentication failures for cmccoll [preauth]
Jul 10 15:24:58 server sshd[371]: Connection closed by 123.59.199.40 [preauth]
Jul 10 15:24:59 server sshd[4050]: pam_unix(sshd:session): session opened for user Ardelle by (uid=0)
Jul 10 15:25:01 server sshd[3741]: Accepted publickey for Jack from 59.45.175.24 port 6151 ssh2: RSA f6:43:21:fe:ea:50:ef:9d:78:a7:61:f6:f0:ae:0:68
Jul 10 15:25:03 server sshd[4050]: Received disconnect from Ardelle: disconnected by user
Jul 10 15:25:07 server sshd[3741]: pam_unix(sshd:session): session opened for user Jack by (uid=0)
Jul 10 15:25:08 server sshd[3741]: Received disconnect from Jack: disconnected by user
Jul 10 15:25:09 server sshd[4050]: Connection closed by 59.56.106.8 [preauth]
Jul 10 15:25:14 server sshd[3741]: Connection closed by 59.45.175.24 [preauth]
Jul 10 15:25:21 server sshd[2066]: pam_unix(sshd:session): session opened for user Heddie by (uid=0)
Jul 10 15:25:23 server sshd[7087]: Failed password for invalid user password from 193.251.188.160 port 8690 ssh2
Jul 10 15:25:32 server sshd[3583]: Failed password for invalid user empleado from 142.176.55.105 port 2077 ssh2
Jul 10 15:25:33 server sshd[2066]: Received disconnect from Heddie: disconnected by user
Jul 10 15:25:41 server sshd[2066]: Connection closed by 51.15.219.218 [preauth]
Jul 10 15:25:44 server sshd[6724]: Failed password for invalid user elizabethhalper from 140.207.2.182 port 774 ssh2
Jul 10 15:25:47 server sshd[7087]: Disconnecting: Too many authentication failures for password [preauth]
Jul 10 15:25:50 server sshd[7087]: Connection closed by 193.251.188.160 [preauth]
Jul 10 15:25:56 server sshd[3583]: Disconnecting: Too many authentication failures for empleado [preauth]
Jul 10 15:26:01 server sshd[3583]: Connection closed by 142.176.55.105 [preauth]
Jul 10 15:26:02 server sshd[6724]: Disconnecting: Too many authentication failures for elizabethhalper [preauth]
Jul 10 15:26:05 server sshd[3714]: Failed password for invalid user bb from 121.176.21.231 port 8411 ssh2
Jul 10 15:26:09 server sshd[6724]: Connection closed by 140.207.2.182 [preauth]
Jul 10 15:26:10 server sshd[3714]: Disconnecting: Too many authentication failures for bb [preauth]
Jul 10 15:26:13 server sshd[3714]: Connection closed by 121.176.21.231 [preauth]
Jul 10 15:26:15 server sshd[4264]: Accepted publickey for Cecelia from 80.82.70.133 port 5795 ssh2: RSA f6:34:60:fe:ea:98:ef:9d:78:a7:86:f6:f0:ae:46:18
Jul 10 15:26:23 server sshd[4264]: pam_unix(sshd:session): session opened for user Cecelia by (uid=0)
Jul 10 15:26:37 server sshd[4264]: Received disconnect from Cecelia: disconnected by user
Jul 10 15:26:39 server sshd[6595]: Failed password for invalid user rustserver from 211.224.192.167 port 8207 ssh2
Jul 10 15:26:44 server sshd[4264]: Connection closed by 80.82.70.133 [preauth]
Jul 10 15:26:51 server sshd[6595]: Disconnecting: Too many authentication failures for rustserver [preauth]
Jul 10 15:26:55 server sshd[6595]: Connection closed by 211.224.192.167 [preauth]
Jul 10 15:27:09 server sshd[7352]: Accepted publickey for Codee from 36.39.81.176 port 4534 ssh2: RSA f6:91:1:fe:ea:63:ef:9d:78:a7:42:f6:f0:ae:41:90
Jul 10 15:27:10 server sshd[7352]: pam_unix(sshd:session): session opened for user Codee by (uid=0)
Jul 10 15:27:12 server sshd[1972]: Failed password for invalid user terminfo from 223.196.86.229 port 8934 ssh2
Jul 10 15:27:27 server sshd[7352]: Received disconnect from Codee: disconnected by user
Jul 10 15:27:32 server sshd[7352]: Connection closed by 36.39.81.176 [preauth]
Jul 10 15:27:36 server sshd[8050]: Failed password for invalid user pa$$word from 192.169.231.194 port 3088 ssh2
Jul 10 15:27:38 server sshd[8050]: Disconnecting: Too many authentication failures for pa$$word [preauth]
Jul 10 15:27:46 server sshd[1972]: Disconnecting: Too many authentication failures for terminfo [preauth]
Jul 10 15:27:52 server sshd[8050]: Connection closed by 192.169.231.194 [preauth]
Jul 10 15:27:57 server sshd[1972]: Connection closed by 223.196.86.229 [preauth]
Jul 10 15:28:00 server sshd[5185]: Accepted publickey for Clarita from 85.216.200.151 port 3720 ssh2: RSA f6:1:87:fe:ea:54:ef:9d:78:a7:93:f6:f0:ae:57:30
Jul 10 15:28:05 server sshd[2911]: Failed password for invalid user ftp from 1.246.219.206 port 5344 ssh2
Jul 10 15:28:11 server sshd[1093]: Accepted publickey for Ezekiel from 88.67.148.146 port 7841 ssh2: RSA f6:52:36:fe:ea:39:ef:9d:78:a7:82:f6:f0:ae:39:3
Jul 10 15:28:18 server sshd[1093]: pam_unix(sshd:session): session opened for user Ezekiel by (uid=0)
Jul 10 15:28:22 server sshd[1093]: Received disconnect from Ezekiel: disconnected by user
Jul 10 15:28:32 server sshd[2911]: Disconnecting: Too many authentication failures for ftp [preauth]
Jul 10 15:28:36 server sshd[1093]: Connection closed by 88.67.148.146 [preauth]
Jul 10 15:28:57 server sshd[5185]: pam_unix(sshd:session): session opened for user Clarita by (uid=0)
Jul 10 15:29:02 server sshd[9676]: Failed password for invalid user compras from 124.193.150.157 port 5593 ssh2
Jul 10 15:29:13 server sshd[2911]: Connection closed by 1.246.219.206 [preauth]
Jul 10 15:29:17 server sshd[9676]: Disconnecting: Too many authentication failures for compras [preauth]
Jul 10 15:29:19 server sshd[7470]: Failed password for invalid user muhammad from 187.150.20.76 port 4741 ssh2
Jul 10 15:29:20 server sshd[9676]: Connection closed by 124.193.150.157 [preauth]
Jul 10 15:29:24 server sshd[7470]: Disconnecting: Too many authentication failures for muhammad [preauth]
Jul 10 15:29:25 server sshd[7470]: Connection closed by 187.150.20.76 [preauth]
Jul 10 15:29:45 server sshd[993]: Accepted publickey for Leoine from 58.242.83.39 port 2916 ssh2: RSA f6:89:20:fe:ea:54:ef:9d:78:a7:16:f6:f0:ae:46:72
Jul 10 15:29:45 server sshd[5185]: Received disconnect from Clarita: disconnected by user
Jul 10 15:29:56 server sshd[5185]: Connection closed by 85.216.200.151 [preauth]
Jul 10 15:30:05 server sshd[3103]: Accepted publickey for Lindon from 5.101.40.38 port 520 ssh2: RSA f6:59:80:fe:ea:90:ef:9d:78:a7:10:f6:f0:ae:33:18
Jul 10 15:30:06 server sshd[3103]: pam_unix(sshd:session): session opened for user Lindon by (uid=0)
Jul 10 15:30:18 server sshd[104]: Accepted publickey for Illa from 80.67.172.162 port 213 ssh2: RSA f6:55:31:fe:ea:31:ef:9d:78:a7:75:f6:f0:ae:40:33
