Jul 10 09:56:49 server sshd[5614]: Failed password for invalid user #espadon-1256 from 104.52.24.81 port 7813 ssh2
Jul 10 09:56:49 server sshd[5614]: Disconnecting: Too many authentication failures for #espadon-1256 [preauth]
Jul 10 09:56:49 server sshd[5614]: Connection closed by 104.52.24.81 [preauth]
Jul 10 09:57:49 server sshd[7410]: Accepted publickey for Gustave from 47.74.20.70 port 7359 ssh2: RSA f6:77:92:fe:ea:56:ef:9d:78:a7:84:f6:f0:ae:16:54
Jul 10 09:57:54 server sshd[7410]: pam_unix(sshd:session): session opened for user Gustave by (uid=0)
Jul 10 09:57:58 server sshd[7410]: Received disconnect from Gustave: disconnected by user
Jul 10 09:58:09 server sshd[7410]: Connection closed by 47.74.20.70 [preauth]
Jul 10 09:58:10 server sshd[3383]: Failed password for invalid user js from 179.108.131.193 port 6510 ssh2
Jul 10 09:58:12 server sshd[8614]: Failed password for invalid user qwert from 201.53.89.88 port 9790 ssh2
Jul 10 09:58:18 server sshd[3383]: Disconnecting: Too many authentication failures for js [preauth]
Jul 10 09:58:27 server sshd[8614]: Disconnecting: Too many authentication failures for qwert [preauth]
Jul 10 09:58:56 server sshd[8862]: Failed password for invalid user list from 181.143.23.42 port 2613 ssh2
Jul 10 09:59:02 server sshd[3383]: Connection closed by 179.108.131.193 [preauth]
Jul 10 09:59:08 server sshd[8862]: Disconnecting: Too many authentication failures for list [preauth]
Jul 10 09:59:09 server sshd[8614]: Connection closed by 201.53.89.88 [preauth]
Jul 10 09:59:26 server sshd[7067]: Failed password for invalid user pshm from 200.27.163.2 port 6562 ssh2
Jul 10 09:59:29 server sshd[8862]: Connection closed by 181.143.23.42 [preauth]
Jul 10 09:59:34 server sshd[5318]: Failed password for invalid user phpmyadmin from 196.52.43.61 port 7185 ssh2
Jul 10 09:59:38 server sshd[1992]: Accepted publickey for Hercules from 37.17.172.39 port 2790 ssh2: RSA f6:82:49:fe:ea:48:ef:9d:78:a7:5:f6:f0:ae:93:5
Jul 10 09:59:42 server sshd[7067]: Disconnecting: Too many authentication failures for pshm [preauth]
Jul 10 09:59:44 server sshd[1992]: pam_unix(sshd:session): session opened for user Hercules by (uid=0)
Jul 10 09:59:56 server sshd[7067]: Connection closed by 200.27.163.2 [preauth]
Jul 10 09:59:57 server sshd[5318]: Disconnecting: Too many authentication failures for phpmyadmin [preauth]
Jul 10 10:00:00 server sshd[5318]: Connection closed by 196.52.43.61 [preauth]
Jul 10 10:00:02 server sshd[1992]: Received disconnect from Hercules: disconnected by user
Jul 10 10:00:08 server sshd[1992]: Connection closed by 37.17.172.39 [preauth]
Jul 10 10:00:21 server sshd[3714]: Accepted publickey for Sherwood from 192.81.37.218 port 1816 ssh2: RSA f6:76:91:fe:ea:18:ef:9d:78:a7:92:f6:f0:ae:51:46
Jul 10 10:00:29 server sshd[3714]: pam_unix(sshd:session): session opened for user Sherwood by (uid=0)
Jul 10 10:00:32 server sshd[6483]: Failed password for invalid user dn from 139.199.224.64 port 6586 ssh2
Jul 10 10:00:38 server sshd[6483]: Disconnecting: Too many authentication failures for dn [preauth]
Jul 10 10:00:39 server sshd[3714]: Received disconnect from Sherwood: disconnected by user
Jul 10 10:00:42 server sshd[3714]: Connection closed by 192.81.37.218 [preauth]
Jul 10 10:00:47 server sshd[6483]: Connection closed by 139.199.224.64 [preauth]
Jul 10 10:00:55 server sshd[3155]: Failed password for invalid user cafeuser from 123.127.58.195 port 8346 ssh2
Jul 10 10:00:56 server sshd[3155]: Disconnecting: Too many authentication failures for cafeuser [preauth]
Jul 10 10:01:00 server sshd[3155]: Connection closed by 123.127.58.195 [preauth]
Jul 10 10:01:09 server sshd[8205]: Accepted publickey for Ben from 38.88.210.210 port 5285 ssh2: RSA f6:79:73:fe:ea:46:ef:9d:78:a7:59:f6:f0:ae:25:26
Jul 10 10:01:11 server sshd[8539]: Accepted publickey for Gilbert from 52.172.158.43 port 2415 ssh2: RSA f6:17:90:fe:ea:44:ef:9d:78:a7:66:f6:f0:ae:81:45
Jul 10 10:01:19 server sshd[5626]: Failed password for invalid user s198364mply from 211.226.176.47 port 3607 ssh2
Jul 10 10:01:20 server sshd[5626]: Disconnecting: Too many authentication failures for s198364mply [preauth]
Jul 10 10:01:20 server sshd[8539]: pam_unix(sshd:session): session opened for user Gilbert by (uid=0)
Jul 10 10:01:21 server sshd[8205]: pam_unix(sshd:session): session opened for user Ben by (uid=0)
Jul 10 10:01:22 server sshd[8539]: Received disconnect from Gilbert: disconnected by user
Jul 10 10:01:29 server sshd[8539]: Connection closed by 52.172.158.43 [preauth]
Jul 10 10:01:29 server sshd[7177]: Accepted publickey for Bev from 91.121.170.219 port 2335 ssh2: RSA f6:62:13:fe:ea:65:ef:9d:78:a7:14:f6:f0:ae:18:73
Jul 10 10:01:39 server sshd[8205]: Received disconnect from Ben: disconnected by user
Jul 10 10:01:41 server sshd[5626]: Connection closed by 211.226.176.47 [preauth]
Jul 10 10:01:48 server sshd[8205]: Connection closed by 38.88.210.210 [preauth]
Jul 10 10:01:48 server sshd[6193]: Accepted publickey for Johnna from 192.218.73.54 port 6272 ssh2: RSA f6:15:50:fe:ea:17:ef:9d:78:a7:10:f6:f0:ae:28:30
Jul 10 10:01:48 server sshd[773]: Failed password for invalid user jcseg from 177.73.209.164 port 7904 ssh2
Jul 10 10:01:49 server sshd[6193]: pam_unix(sshd:session): session opened for user Johnna by (uid=0)
Jul 10 10:01:49 server sshd[7177]: pam_unix(sshd:session): session opened for user Bev by (uid=0)
Jul 10 10:01:52 server sshd[6193]: Received disconnect from Johnna: disconnected by user
Jul 10 10:01:58 server sshd[7177]: Received disconnect from Bev: disconnected by user
Jul 10 10:02:25 server sshd[773]: Disconnecting: Too many authentication failures for jcseg [preauth]
Jul 10 10:02:27 server sshd[6193]: Connection closed by 192.218.73.54 [preauth]
Jul 10 10:02:34 server sshd[773]: Connection closed by 177.73.209.164 [preauth]
Jul 10 10:02:38 server sshd[7177]: Connection closed by 91.121.170.219 [preauth]
Jul 10 10:02:41 server sshd[8643]: Failed password for invalid user administranto from 115.47.52.109 port 4493 ssh2
Jul 10 10:02:46 server sshd[8643]: Disconnecting: Too many authentication failures for administranto [preauth]
Jul 10 10:02:47 server sshd[8643]: Connection closed by 115.47.52.109 [preauth]
Jul 10 10:02:54 server sshd[6088]: Failed password for invalid user acc from 115.159.152.14 port 2685 ssh2
Jul 10 10:02:56 server sshd[2745]: Accepted publickey for Dolorita from 80.20.62.238 port 4289 ssh2: RSA f6:5:6:fe:ea:71:ef:9d:78:a7:43:f6:f0:ae:86:38
Jul 10 10:02:58 server sshd[6088]: Disconnecting: Too many authentication failures for acc [preauth]
Jul 10 10:03:02 server sshd[8011]: Failed password for invalid user smith from 218.13.10.234 port 2581 ssh2
Jul 10 10:03:03 server sshd[8011]: Disconnecting: Too many authentication failures for smith [preauth]
Jul 10 10:03:27 server sshd[2745]: pam_unix(sshd:session): session opened for user Dolorita by (uid=0)
Jul 10 10:03:30 server sshd[2745]: Received disconnect from Dolorita: disconnected by user
Jul 10 10:03:35 server sshd[2745]: Connection closed by 80.20.62.238 [preauth]
Jul 10 10:03:48 server sshd[6088]: Connection closed by 115.159.152.14 [preauth]
Jul 10 10:03:53 server sshd[4022]: Failed password for invalid user ns from 190.110.90.34 port 8868 ssh2
Jul 10 10:03:59 server sshd[8011]: Connection closed by 218.13.10.234 [preauth]
Jul 10 10:04:03 server sshd[8787]: Failed password for invalid user PaSsWoRd from 192.154.222.159 port 5706 ssh2
Jul 10 10:04:05 server sshd[8787]: Disconnecting: Too many authentication failures for PaSsWoRd [preauth]
Jul 10 10:04:37 server sshd[4022]: Disconnecting: Too many authentication failures for ns [preauth]
Jul 10 10:04:38 server sshd[4022]: Connection closed by 190.110.90.34 [preauth]
Jul 10 10:04:39 server sshd[3136]: Failed password for invalid user pegasus from 195.123.212.34 port 5945 ssh2
Jul 10 10:04:41 server sshd[3136]: Disconnecting: Too many authentication failures for pegasus [preauth]
Jul 10 10:04:55 server sshd[8787]: Connection closed by 192.154.222.159 [preauth]
Jul 10 10:04:56 server sshd[3136]: Connection closed by 195.123.212.34 [preauth]
Jul 10 10:05:00 server sshd[5042]: Failed password for invalid user db2inst3 from 13.75.150.233 port 6991 ssh2
Jul 10 10:05:02 server sshd[5042]: Disconnecting: Too many authentication failures for db2inst3 [preauth]
Jul 10 10:05:05 server sshd[5042]: Connection closed by 13.75.150.233 [preauth]
Jul 10 10:05:18 server sshd[5143]: Failed password for invalid user rds from 203.162.235.235 port 9826 ssh2
Jul 10 10:05:18 server sshd[8784]: Accepted publickey for Dorothee from 192.123.73.123 port 3639 ssh2: RSA f6:84:54:fe:ea:35:ef:9d:78:a7:89:f6:f0:ae:59:51
Jul 10 10:05:18 server sshd[8784]: pam_unix(sshd:session): session opened for user Dorothee by (uid=0)
Jul 10 10:05:19 server sshd[6523]: Accepted publickey for Edwin from 40.71.171.1 port 5995 ssh2: RSA f6:48:18:fe:ea:8:ef:9d:78:a7:97:f6:f0:ae:13:10
Jul 10 10:05:22 server sshd[8784]: Received disconnect from Dorothee: disconnected by user
Jul 10 10:05:22 server sshd[6523]: pam_unix(sshd:session): session opened for user Edwin by (uid=0)
Jul 10 10:05:25 server sshd[6523]: Received disconnect from Edwin: disconnected by user
Jul 10 10:05:28 server sshd[6523]: Connection closed by 40.71.171.1 [preauth]
Jul 10 10:05:31 server sshd[5143]: Disconnecting: Too many authentication failures for rds [preauth]
Jul 10 10:05:32 server sshd[8784]: Connection closed by 192.123.73.123 [preauth]
Jul 10 10:05:39 server sshd[5143]: Connection closed by 203.162.235.235 [preauth]
Jul 10 10:05:42 server sshd[7364]: Failed password for invalid user fepbytr from 151.164.195.200 port 8967 ssh2
Jul 10 10:05:43 server sshd[7364]: Disconnecting: Too many authentication failures for fepbytr [preauth]
Jul 10 10:05:45 server sshd[8025]: Failed password for invalid user monkey from 185.86.4.172 port 5041 ssh2
Jul 10 10:05:46 server sshd[3261]: Failed password for invalid user bastard from 121.165.33.239 port 5557 ssh2
Jul 10 10:05:47 server sshd[7364]: Connection closed by 151.164.195.200 [preauth]
Jul 10 10:05:55 server sshd[3261]: Disconnecting: Too many authentication failures for bastard [preauth]
Jul 10 10:06:11 server sshd[8025]: Disconnecting: Too many authentication failures for monkey [preauth]
Jul 10 10:06:11 server sshd[3261]: Connection closed by 121.165.33.239 [preauth]
Jul 10 10:06:19 server sshd[8025]: Connection closed by 185.86.4.172 [preauth]
Jul 10 10:06:22 server sshd[8809]: Failed password for invalid user RNbTwWVxoblj from 113.160.108.215 port 7877 ssh2
Jul 10 10:06:23 server sshd[8679]: Failed password for invalid user patrol from 194.149.64.19 port 1582 ssh2
Jul 10 10:06:30 server sshd[6704]: Failed password for invalid user ovhusr from 191.5.64.50 port 5510 ssh2
Jul 10 10:06:39 server sshd[8679]: Disconnecting: Too many authentication failures for patrol [preauth]
Jul 10 10:06:46 server sshd[6704]: Disconnecting: Too many authentication failures for ovhusr [preauth]
Jul 10 10:06:46 server sshd[8679]: Connection closed by 194.149.64.19 [preauth]
Jul 10 10:06:48 server sshd[6704]: Connection closed by 191.5.64.50 [preauth]
Jul 10 10:06:54 server sshd[8809]: Disconnecting: Too many authentication failures for RNbTwWVxoblj [preauth]
Jul 10 10:06:54 server sshd[8809]: Connection closed by 113.160.108.215 [preauth]
Jul 10 10:06:55 server sshd[9581]: Failed password for invalid user ovhuser from 191.34.74.100 port 3076 ssh2
Jul 10 10:06:55 server sshd[5813]: Accepted publickey for Arlee from 39.155.212.226 port 8739 ssh2: RSA f6:78:9:fe:ea:55:ef:9d:78:a7:43:f6:f0:ae:57:84
Jul 10 10:06:56 server sshd[5813]: pam_unix(sshd:session): session opened for user Arlee by (uid=0)
Jul 10 10:06:59 server sshd[4724]: Failed password for invalid user study from 221.163.191.92 port 7834 ssh2
Jul 10 10:07:00 server sshd[9581]: Disconnecting: Too many authentication failures for ovhuser [preauth]
Jul 10 10:07:09 server sshd[9581]: Connection closed by 191.34.74.100 [preauth]
Jul 10 10:07:14 server sshd[5813]: Received disconnect from Arlee: disconnected by user
Jul 10 10:07:15 server sshd[5813]: Connection closed by 39.155.212.226 [preauth]
Jul 10 10:07:20 server sshd[1012]: Failed password for invalid user andrei from 118.186.18.34 port 9917 ssh2
Jul 10 10:07:22 server sshd[1012]: Disconnecting: Too many authentication failures for andrei [preauth]
Jul 10 10:07:27 server sshd[4724]: Disconnecting: Too many authentication failures for study [preauth]
Jul 10 10:07:33 server sshd[1012]: Connection closed by 118.186.18.34 [preauth]
Jul 10 10:07:35 server sshd[4724]: Connection closed by 221.163.191.92 [preauth]
Jul 10 10:07:37 server sshd[376]: Accepted publickey for Weidar from 51.15.210.228 port 5645 ssh2: RSA f6:5:39:fe:ea:79:ef:9d:78:a7:53:f6:f0:ae:15:81
Jul 10 10:07:43 server sshd[376]: pam_unix(sshd:session): session opened for user Weidar by (uid=0)
Jul 10 10:07:43 server sshd[376]: Received disconnect from Weidar: disconnected by user
Jul 10 10:07:58 server sshd[7810]: Accepted publickey for Gunther from 49.248.112.46 port 2883 ssh2: RSA f6:87:43:fe:ea:3:ef:9d:78:a7:54:f6:f0:ae:55:68
Jul 10 10:08:01 server sshd[7810]: pam_unix(sshd:session): session opened for user Gunther by (uid=0)
Jul 10 10:08:09 server sshd[7810]: Received disconnect from Gunther: disconnected by user
Jul 10 10:08:09 server sshd[376]: Connection closed by 51.15.210.228 [preauth]
Jul 10 10:08:10 server sshd[7810]: Connection closed by 49.248.112.46 [preauth]
Jul 10 10:08:26 server sshd[5853]: Accepted publickey for Wayne from 192.56.9.18 port 5575 ssh2: RSA f6:21:60:fe:ea:70:ef:9d:78:a7:94:f6:f0:ae:38:21
Jul 10 10:08:26 server sshd[9292]: Failed password for invalid user root01 from 210.236.58.179 port 9477 ssh2
Jul 10 10:08:29 server sshd[9292]: Disconnecting: Too many authentication failures for root01 [preauth]
Jul 10 10:08:43 server sshd[9292]: Connection closed by 210.236.58.179 [preauth]
Jul 10 10:08:44 server sshd[9008]: Failed password for invalid user fly from 153.120.25.51 port 3452 ssh2
Jul 10 10:08:48 server sshd[5853]: pam_unix(sshd:session): session opened for user Wayne by (uid=0)
Jul 10 10:08:49 server sshd[9008]: Disconnecting: Too many authentication failures for fly [preauth]
Jul 10 10:08:50 server sshd[5853]: Received disconnect from Wayne: disconnected by user
Jul 10 10:08:53 server sshd[5853]: Connection closed by 192.56.9.18 [preauth]
Jul 10 10:08:55 server sshd[9008]: Connection closed by 153.120.25.51 [preauth]
Jul 10 10:09:03 server sshd[9523]: Failed password for invalid user 1z2x from 106.120.101.254 port 6004 ssh2
Jul 10 10:09:13 server sshd[7829]: Failed password for invalid user flame from 152.175.32.231 port 2329 ssh2
Jul 10 10:09:30 server sshd[8288]: Accepted publickey for Matt from 192.174.93.133 port 5554 ssh2: RSA f6:87:83:fe:ea:73:ef:9d:78:a7:72:f6:f0:ae:5:61
Jul 10 10:09:31 server sshd[7829]: Disconnecting: Too many authentication failures for flame [preauth]
Jul 10 10:09:31 server sshd[9523]: Disconnecting: Too many authentication failures for 1z2x [preauth]
Jul 10 10:09:45 server sshd[8288]: pam_unix(sshd:session): session opened for user Matt by (uid=0)
Jul 10 10:09:46 server sshd[7829]: Connection closed by 152.175.32.231 [preauth]
Jul 10 10:09:51 server sshd[8288]: Received disconnect from Matt: disconnected by user
Jul 10 10:09:56 server sshd[8288]: Connection closed by 192.174.93.133 [preauth]
Jul 10 10:10:10 server sshd[9523]: Connection closed by 106.120.101.254 [preauth]
Jul 10 10:10:23 server sshd[2978]: Failed password for invalid user dragon from 139.59.29.93 port 8371 ssh2
Jul 10 10:10:25 server sshd[3941]: Failed password for invalid user shoutcast from 217.112.105.157 port 8598 ssh2
Jul 10 10:10:30 server sshd[3941]: Disconnecting: Too many authentication failures for shoutcast [preauth]
Jul 10 10:10:33 server sshd[4810]: Failed password for invalid user alice from 117.158.86.81 port 6293 ssh2
Jul 10 10:10:36 server sshd[2978]: Disconnecting: Too many authentication failures for dragon [preauth]
Jul 10 10:10:38 server sshd[2978]: Connection closed by 139.59.29.93 [preauth]
Jul 10 10:11:05 server sshd[3941]: Connection closed by 217.112.105.157 [preauth]
Jul 10 10:11:08 server sshd[8908]: Accepted publickey for Bell from 44.124.150.200 port 2105 ssh2: RSA f6:58:93:fe:ea:70:ef:9d:78:a7:32:f6:f0:ae:39:76
Jul 10 10:11:10 server sshd[6087]: Failed password for invalid user shipping from 216.218.222.11 port 3237 ssh2
Jul 10 10:11:15 server sshd[6087]: Disconnecting: Too many authentication failures for shipping [preauth]
Jul 10 10:11:16 server sshd[4810]: Disconnecting: Too many authentication failures for alice [preauth]
Jul 10 10:11:18 server sshd[4810]: Connection closed by 117.158.86.81 [preauth]
Jul 10 10:11:19 server sshd[8908]: pam_unix(sshd:session): session opened for user Bell by (uid=0)
Jul 10 10:11:19 server sshd[6087]: Connection closed by 216.218.222.11 [preauth]
Jul 10 10:11:22 server sshd[5317]: Failed password for invalid user github from 162.63.244.123 port 2494 ssh2
Jul 10 10:11:35 server sshd[8908]: Received disconnect from Bell: disconnected by user
Jul 10 10:11:48 server sshd[8908]: Connection closed by 44.124.150.200 [preauth]
Jul 10 10:12:00 server sshd[5317]: Disconnecting: Too many authentication failures for github [preauth]
Jul 10 10:12:08 server sshd[2105]: Failed password for invalid user gitlab from 163.102.182.58 port 2734 ssh2
Jul 10 10:12:13 server sshd[2105]: Disconnecting: Too many authentication failures for gitlab [preauth]
Jul 10 10:12:15 server sshd[5317]: Connection closed by 162.63.244.123 [preauth]
Jul 10 10:12:22 server sshd[2105]: Connection closed by 163.102.182.58 [preauth]
Jul 10 10:12:26 server sshd[8586]: Failed password for invalid user qweasd0000 from 201.251.156.11 port 780 ssh2
Jul 10 10:12:27 server sshd[8586]: Disconnecting: Too many authentication failures for qweasd0000 [preauth]
Jul 10 10:12:31 server sshd[8465]: Failed password for invalid user account from 115.159.237.140 port 5393 ssh2
Jul 10 10:12:35 server sshd[8586]: Connection closed by 201.251.156.11 [preauth]
Jul 10 10:12:35 server sshd[6817]: Failed password for invalid user lextend from 180.76.249.209 port 5401 ssh2
Jul 10 10:12:36 server sshd[8465]: Disconnecting: Too many authentication failures for account [preauth]
Jul 10 10:12:49 server sshd[6817]: Disconnecting: Too many authentication failures for lextend [preauth]
Jul 10 10:12:52 server sshd[6817]: Connection closed by 180.76.249.209 [preauth]
Jul 10 10:12:58 server sshd[8465]: Connection closed by 115.159.237.140 [preauth]
Jul 10 10:13:18 server sshd[152]: Failed password for invalid user printer from 200.116.72.157 port 4942 ssh2
Jul 10 10:13:18 server sshd[152]: Disconnecting: Too many authentication failures for printer [preauth]
Jul 10 10:13:34 server sshd[152]: Connection closed by 200.116.72.157 [preauth]
Jul 10 10:13:34 server sshd[962]: Failed password for invalid user Password1 from 112.220.192.10 port 542 ssh2
Jul 10 10:13:38 server sshd[962]: Disconnecting: Too many authentication failures for Password1 [preauth]
Jul 10 10:13:43 server sshd[1474]: Failed password for invalid user mirc from 185.165.29.122 port 2919 ssh2
Jul 10 10:13:56 server sshd[962]: Connection closed by 112.220.192.10 [preauth]
Jul 10 10:13:57 server sshd[1474]: Disconnecting: Too many authentication failures for mirc [preauth]
Jul 10 10:14:01 server sshd[9049]: Failed password for invalid user peter from 195.22.126.177 port 4853 ssh2
Jul 10 10:14:03 server sshd[5274]: Accepted publickey for Cal from 50.93.12.138 port 8826 ssh2: RSA f6:96:33:fe:ea:23:ef:9d:78:a7:83:f6:f0:ae:44:47
Jul 10 10:14:13 server sshd[9049]: Disconnecting: Too many authentication failures for peter [preauth]
Jul 10 10:14:13 server sshd[1474]: Connection closed by 185.165.29.122 [preauth]
Jul 10 10:14:18 server sshd[9049]: Connection closed by 195.22.126.177 [preauth]
Jul 10 10:14:31 server sshd[5274]: pam_unix(sshd:session): session opened for user Cal by (uid=0)
Jul 10 10:14:34 server sshd[699]: Accepted publickey for Jolynn from 85.214.200.26 port 9330 ssh2: RSA f6:25:57:fe:ea:24:ef:9d:78:a7:54:f6:f0:ae:84:97
Jul 10 10:14:43 server sshd[699]: pam_unix(sshd:session): session opened for user Jolynn by (uid=0)
Jul 10 10:14:57 server sshd[6062]: Failed password for invalid user 321ewq from 107.170.222.125 port 9017 ssh2
Jul 10 10:15:17 server sshd[6062]: Disconnecting: Too many authentication failures for 321ewq [preauth]
Jul 10 10:15:29 server sshd[699]: Received disconnect from Jolynn: disconnected by user
Jul 10 10:15:34 server sshd[6062]: Connection closed by 107.170.222.125 [preauth]
Jul 10 10:15:35 server sshd[5274]: Received disconnect from Cal: disconnected by user
Jul 10 10:15:42 server sshd[3833]: Failed password for invalid user 3comcso from 108.14.52.60 port 7865 ssh2
Jul 10 10:15:48 server sshd[5274]: Connection closed by 50.93.12.138 [preauth]
Jul 10 10:16:02 server sshd[3833]: Disconnecting: Too many authentication failures for 3comcso [preauth]
Jul 10 10:16:05 server sshd[699]: Connection closed by 85.214.200.26 [preauth]
Jul 10 10:16:12 server sshd[3833]: Connection closed by 108.14.52.60 [preauth]
Jul 10 10:16:17 server sshd[5807]: Accepted publickey for Gertrude from 192.252.20.2 port 2997 ssh2: RSA f6:46:14:fe:ea:98:ef:9d:78:a7:5:f6:f0:ae:74:64
Jul 10 10:16:25 server sshd[5807]: pam_unix(sshd:session): session opened for user Gertrude by (uid=0)
Jul 10 10:16:29 server sshd[7756]: Failed password for invalid user tester from 23.97.61.78 port 7781 ssh2
Jul 10 10:16:29 server sshd[5807]: Received disconnect from Gertrude: disconnected by user
Jul 10 10:16:41 server sshd[5807]: Connection closed by 192.252.20.2 [preauth]
Jul 10 10:16:41 server sshd[7756]: Disconnecting: Too many authentication failures for tester [preauth]
Jul 10 10:16:45 server sshd[3066]: Accepted publickey for Esma from 59.45.175.32 port 3192 ssh2: RSA f6:9:69:fe:ea:40:ef:9d:78:a7:69:f6:f0:ae:5:83
Jul 10 10:17:02 server sshd[3066]: pam_unix(sshd:session): session opened for user Esma by (uid=0)
Jul 10 10:17:10 server sshd[3066]: Received disconnect from Esma: disconnected by user
Jul 10 10:17:14 server sshd[3066]: Connection closed by 59.45.175.32 [preauth]
Jul 10 10:17:23 server sshd[174]: Accepted publickey for Tomlin from 72.43.154.125 port 1273 ssh2: RSA f6:6:51:fe:ea:29:ef:9d:78:a7:24:f6:f0:ae:41:62
Jul 10 10:17:26 server sshd[7756]: Connection closed by 23.97.61.78 [preauth]
Jul 10 10:17:28 server sshd[174]: pam_unix(sshd:session): session opened for user Tomlin by (uid=0)
Jul 10 10:17:39 server sshd[174]: Received disconnect from Tomlin: disconnected by user
Jul 10 10:17:40 server sshd[4742]: Failed password for invalid user parking from 192.99.79.175 port 9492 ssh2
Jul 10 10:17:41 server sshd[596]: Failed password for invalid user qsax from 201.236.225.231 port 9099 ssh2
Jul 10 10:17:43 server sshd[4742]: Disconnecting: Too many authentication failures for parking [preauth]
Jul 10 10:17:51 server sshd[596]: Disconnecting: Too many authentication failures for qsax [preauth]
Jul 10 10:17:55 server sshd[596]: Connection closed by 201.236.225.231 [preauth]
Jul 10 10:17:56 server sshd[3246]: Failed password for invalid user freebsd from 157.7.161.34 port 9236 ssh2
Jul 10 10:17:58 server sshd[4742]: Connection closed by 192.99.79.175 [preauth]
Jul 10 10:18:03 server sshd[174]: Connection closed by 72.43.154.125 [preauth]
Jul 10 10:18:05 server sshd[3246]: Disconnecting: Too many authentication failures for freebsd [preauth]
Jul 10 10:18:17 server sshd[3246]: Connection closed by 157.7.161.34 [preauth]
Jul 10 10:18:39 server sshd[8025]: Failed password for invalid user admin2 from 115.249.75.29 port 9816 ssh2
Jul 10 10:18:41 server sshd[6224]: Accepted publickey for Packston from 38.122.227.170 port 3422 ssh2: RSA f6:4:3:fe:ea:87:ef:9d:78:a7:4:f6:f0:ae:12:2
Jul 10 10:18:48 server sshd[6458]: Accepted publickey for Geraldine from 79.61.51.195 port 7722 ssh2: RSA f6:55:12:fe:ea:98:ef:9d:78:a7:81:f6:f0:ae:47:75
Jul 10 10:18:50 server sshd[6224]: pam_unix(sshd:session): session opened for user Packston by (uid=0)
Jul 10 10:19:21 server sshd[8025]: Disconnecting: Too many authentication failures for admin2 [preauth]
Jul 10 10:19:32 server sshd[8025]: Connection closed by 115.249.75.29 [preauth]
Jul 10 10:19:36 server sshd[6458]: pam_unix(sshd:session): session opened for user Geraldine by (uid=0)
Jul 10 10:19:46 server sshd[6628]: Failed password for invalid user trac from 31.159.150.188 port 3561 ssh2
Jul 10 10:19:50 server sshd[6224]: Received disconnect from Packston: disconnected by user
Jul 10 10:19:52 server sshd[6458]: Received disconnect from Geraldine: disconnected by user
Jul 10 10:19:57 server sshd[6628]: Disconnecting: Too many authentication failures for trac [preauth]
Jul 10 10:19:59 server sshd[6458]: Connection closed by 79.61.51.195 [preauth]
Jul 10 10:19:59 server sshd[6628]: Connection closed by 31.159.150.188 [preauth]
Jul 10 10:20:05 server sshd[1168]: Failed password for invalid user food from 154.16.149.74 port 2334 ssh2
Jul 10 10:20:22 server sshd[6224]: Connection closed by 38.122.227.170 [preauth]
Jul 10 10:20:24 server sshd[1168]: Disconnecting: Too many authentication failures for food [preauth]
Jul 10 10:20:34 server sshd[1168]: Connection closed by 154.16.149.74 [preauth]
Jul 10 10:20:35 server sshd[7049]: Failed password for invalid user alyssa from 117.232.96.204 port 2439 ssh2
Jul 10 10:20:38 server sshd[7049]: Disconnecting: Too many authentication failures for alyssa [preauth]
Jul 10 10:20:39 server sshd[7049]: Connection closed by 117.232.96.204 [preauth]
Jul 10 10:20:41 server sshd[8024]: Failed password for invalid user media from 183.88.78.210 port 6110 ssh2
Jul 10 10:20:48 server sshd[8024]: Disconnecting: Too many authentication failures for media [preauth]
Jul 10 10:20:52 server sshd[9913]: Failed password for invalid user hadi from 166.62.102.29 port 8915 ssh2
Jul 10 10:20:57 server sshd[8024]: Connection closed by 183.88.78.210 [preauth]
Jul 10 10:21:02 server sshd[9913]: Disconnecting: Too many authentication failures for hadi [preauth]
Jul 10 10:21:04 server sshd[9913]: Connection closed by 166.62.102.29 [preauth]
Jul 10 10:21:06 server sshd[9593]: Accepted publickey for Wendye from 59.63.166.83 port 7159 ssh2: RSA f6:42:65:fe:ea:57:ef:9d:78:a7:63:f6:f0:ae:47:48
Jul 10 10:21:19 server sshd[7913]: Failed password for invalid user Plm123plm from 112.35.28.189 port 5044 ssh2
Jul 10 10:21:20 server sshd[7913]: Disconnecting: Too many authentication failures for Plm123plm [preauth]
Jul 10 10:21:25 server sshd[7913]: Connection closed by 112.35.28.189 [preauth]
Jul 10 10:21:30 server sshd[7528]: Failed password for invalid user deskres from 138.197.15.97 port 2636 ssh2
Jul 10 10:21:32 server sshd[7528]: Disconnecting: Too many authentication failures for deskres [preauth]
Jul 10 10:21:32 server sshd[7528]: Connection closed by 138.197.15.97 [preauth]
Jul 10 10:21:42 server sshd[3551]: Failed password for invalid user puebra from 200.31.38.30 port 429 ssh2
Jul 10 10:21:43 server sshd[9593]: pam_unix(sshd:session): session opened for user Wendye by (uid=0)
Jul 10 10:21:50 server sshd[5810]: Accepted publickey for Cross from 62.198.42.152 port 7337 ssh2: RSA f6:1:39:fe:ea:30:ef:9d:78:a7:63:f6:f0:ae:6:53
Jul 10 10:21:54 server sshd[3551]: Disconnecting: Too many authentication failures for puebra [preauth]
Jul 10 10:22:08 server sshd[9593]: Received disconnect from Wendye: disconnected by user
Jul 10 10:22:25 server sshd[3551]: Connection closed by 200.31.38.30 [preauth]
Jul 10 10:22:52 server sshd[5810]: pam_unix(sshd:session): session opened for user Cross by (uid=0)
Jul 10 10:23:00 server sshd[5810]: Received disconnect from Cross: disconnected by user
Jul 10 10:23:00 server sshd[9593]: Connection closed by 59.63.166.83 [preauth]
Jul 10 10:23:01 server sshd[6741]: Failed password for invalid user oracle1 from 190.85.108.186 port 722 ssh2
Jul 10 10:23:07 server sshd[6741]: Disconnecting: Too many authentication failures for oracle1 [preauth]
Jul 10 10:23:09 server sshd[1348]: Accepted publickey for Timotheus from 49.5.1.180 port 2347 ssh2: RSA f6:85:50:fe:ea:97:ef:9d:78:a7:30:f6:f0:ae:13:94
Jul 10 10:23:20 server sshd[1348]: pam_unix(sshd:session): session opened for user Timotheus by (uid=0)
Jul 10 10:23:24 server sshd[1348]: Received disconnect from Timotheus: disconnected by user
Jul 10 10:23:29 server sshd[6741]: Connection closed by 190.85.108.186 [preauth]
Jul 10 10:23:30 server sshd[1348]: Connection closed by 49.5.1.180 [preauth]
Jul 10 10:23:44 server sshd[5810]: Connection closed by 62.198.42.152 [preauth]
Jul 10 10:23:52 server sshd[8785]: Failed password for invalid user simona from 217.144.52.81 port 579 ssh2
Jul 10 10:23:56 server sshd[7564]: Failed password for invalid user gentoo from 159.203.60.99 port 7015 ssh2
Jul 10 10:24:01 server sshd[7564]: Disconnecting: Too many authentication failures for gentoo [preauth]
Jul 10 10:24:08 server sshd[7564]: Connection closed by 159.203.60.99 [preauth]
Jul 10 10:24:08 server sshd[9738]: Accepted publickey for Cherry from 81.149.118.254 port 6952 ssh2: RSA f6:50:45:fe:ea:69:ef:9d:78:a7:18:f6:f0:ae:4:24
Jul 10 10:24:22 server sshd[8074]: Failed password for invalid user moose from 186.213.101.24 port 4682 ssh2
Jul 10 10:24:29 server sshd[8785]: Disconnecting: Too many authentication failures for simona [preauth]
Jul 10 10:24:32 server sshd[8074]: Disconnecting: Too many authentication failures for moose [preauth]
Jul 10 10:24:33 server sshd[8785]: Connection closed by 217.144.52.81 [preauth]
Jul 10 10:24:34 server sshd[8624]: Accepted publickey for Orion from 61.164.34.78 port 2162 ssh2: RSA f6:59:6:fe:ea:0:ef:9d:78:a7:72:f6:f0:ae:31:10
Jul 10 10:24:42 server sshd[8624]: pam_unix(sshd:session): session opened for user Orion by (uid=0)
Jul 10 10:24:43 server sshd[9738]: pam_unix(sshd:session): session opened for user Cherry by (uid=0)
Jul 10 10:24:46 server sshd[8624]: Received disconnect from Orion: disconnected by user
Jul 10 10:24:50 server sshd[8074]: Connection closed by 186.213.101.24 [preauth]
Jul 10 10:24:55 server sshd[8624]: Connection closed by 61.164.34.78 [preauth]
Jul 10 10:25:09 server sshd[9738]: Received disconnect from Cherry: disconnected by user
Jul 10 10:25:09 server sshd[9738]: Connection closed by 81.149.118.254 [preauth]
Jul 10 10:25:10 server sshd[4608]: Failed password for invalid user myftp from 187.248.46.3 port 1207 ssh2
Jul 10 10:25:13 server sshd[1385]: Failed password for invalid user danny from 128.199.72.218 port 8012 ssh2
Jul 10 10:25:26 server sshd[1385]: Disconnecting: Too many authentication failures for danny [preauth]
Jul 10 10:25:27 server sshd[1385]: Connection closed by 128.199.72.218 [preauth]
Jul 10 10:25:28 server sshd[9918]: Accepted publickey for Marcelline from 59.125.177.160 port 6566 ssh2: RSA f6:61:75:fe:ea:92:ef:9d:78:a7:93:f6:f0:ae:24:66
Jul 10 10:25:31 server sshd[4608]: Disconnecting: Too many authentication failures for myftp [preauth]
Jul 10 10:25:39 server sshd[4608]: Connection closed by 187.248.46.3 [preauth]
Jul 10 10:25:40 server sshd[9918]: pam_unix(sshd:session): session opened for user Marcelline by (uid=0)
Jul 10 10:25:41 server sshd[9918]: Received disconnect from Marcelline: disconnected by user
Jul 10 10:25:44 server sshd[9918]: Connection closed by 59.125.177.160 [preauth]
Jul 10 10:25:46 server sshd[5266]: Failed password for invalid user rakesh from 203.109.110.180 port 7671 ssh2
Jul 10 10:25:54 server sshd[9416]: Failed password for invalid user falcon from 149.202.84.214 port 4925 ssh2
Jul 10 10:25:59 server sshd[9416]: Disconnecting: Too many authentication failures for falcon [preauth]
Jul 10 10:26:00 server sshd[9416]: Connection closed by 149.202.84.214 [preauth]
Jul 10 10:26:00 server sshd[9436]: Failed password for invalid user avahi from 120.136.174.11 port 2693 ssh2
Jul 10 10:26:04 server sshd[9436]: Disconnecting: Too many authentication failures for avahi [preauth]
Jul 10 10:26:06 server sshd[3172]: Failed password for invalid user rendszergaz from 203.239.163.20 port 4987 ssh2
Jul 10 10:26:07 server sshd[3172]: Disconnecting: Too many authentication failures for rendszergaz [preauth]
Jul 10 10:26:12 server sshd[3172]: Connection closed by 203.239.163.20 [preauth]
Jul 10 10:26:17 server sshd[5266]: Disconnecting: Too many authentication failures for rakesh [preauth]
Jul 10 10:26:19 server sshd[9436]: Connection closed by 120.136.174.11 [preauth]
Jul 10 10:26:35 server sshd[1483]: Failed password for invalid user devuser from 139.159.216.55 port 5576 ssh2
Jul 10 10:26:47 server sshd[56]: Failed password for invalid user mary from 183.17.232.52 port 3832 ssh2
Jul 10 10:26:51 server sshd[5266]: Connection closed by 203.109.110.180 [preauth]
Jul 10 10:27:27 server sshd[1483]: Disconnecting: Too many authentication failures for devuser [preauth]
Jul 10 10:27:31 server sshd[3590]: Failed password for invalid user owner from 191.96.249.126 port 1548 ssh2
Jul 10 10:27:33 server sshd[1483]: Connection closed by 139.159.216.55 [preauth]
Jul 10 10:27:38 server sshd[56]: Disconnecting: Too many authentication failures for mary [preauth]
Jul 10 10:27:55 server sshd[3590]: Disconnecting: Too many authentication failures for owner [preauth]
Jul 10 10:28:00 server sshd[3590]: Connection closed by 191.96.249.126 [preauth]
Jul 10 10:28:14 server sshd[2589]: Failed password for invalid user ftp_id from 158.69.228.204 port 1010 ssh2
Jul 10 10:28:28 server sshd[56]: Connection closed by 183.17.232.52 [preauth]
Jul 10 10:28:29 server sshd[3112]: Failed password for invalid user logger from 181.39.74.66 port 4067 ssh2
Jul 10 10:28:29 server sshd[2589]: Disconnecting: Too many authentication failures for ftp_id [preauth]
Jul 10 10:28:36 server sshd[3112]: Disconnecting: Too many authentication failures for logger [preauth]
Jul 10 10:28:42 server sshd[3112]: Connection closed by 181.39.74.66 [preauth]
Jul 10 10:28:47 server sshd[8154]: Failed password for invalid user rr from 222.221.253.183 port 5674 ssh2
Jul 10 10:28:55 server sshd[8154]: Disconnecting: Too many authentication failures for rr [preauth]
Jul 10 10:29:07 server sshd[8154]: Connection closed by 222.221.253.183 [preauth]
Jul 10 10:29:08 server sshd[2589]: Connection closed by 158.69.228.204 [preauth]
Jul 10 10:29:10 server sshd[1428]: Failed password for invalid user manager from 182.253.69.178 port 2650 ssh2
Jul 10 10:29:11 server sshd[1428]: Disconnecting: Too many authentication failures for manager [preauth]
Jul 10 10:29:15 server sshd[5271]: Accepted publickey for Gail from 41.204.9.121 port 2331 ssh2: RSA f6:96:62:fe:ea:55:ef:9d:78:a7:22:f6:f0:ae:63:55
Jul 10 10:29:18 server sshd[1428]: Connection closed by 182.253.69.178 [preauth]
Jul 10 10:29:18 server sshd[5271]: pam_unix(sshd:session): session opened for user Gail by (uid=0)
Jul 10 10:29:21 server sshd[5271]: Received disconnect from Gail: disconnected by user
Jul 10 10:29:26 server sshd[3861]: Failed password for invalid user oracle from 190.85.103.147 port 8146 ssh2
Jul 10 10:29:27 server sshd[3861]: Disconnecting: Too many authentication failures for oracle [preauth]
Jul 10 10:29:29 server sshd[5271]: Connection closed by 41.204.9.121 [preauth]
Jul 10 10:29:34 server sshd[1038]: Accepted publickey for Giraldo from 51.52.43.9 port 8890 ssh2: RSA f6:88:58:fe:ea:44:ef:9d:78:a7:5:f6:f0:ae:86:21
Jul 10 10:29:42 server sshd[1038]: pam_unix(sshd:session): session opened for user Giraldo by (uid=0)
Jul 10 10:29:53 server sshd[1038]: Received disconnect from Giraldo: disconnected by user
Jul 10 10:29:53 server sshd[1038]: Connection closed by 51.52.43.9 [preauth]
Jul 10 10:29:53 server sshd[3861]: Connection closed by 190.85.103.147 [preauth]
Jul 10 10:29:57 server sshd[2285]: Accepted publickey for Julust from 66.240.236.119 port 2273 ssh2: RSA f6:49:52:fe:ea:61:ef:9d:78:a7:13:f6:f0:ae:87:86
Jul 10 10:29:58 server sshd[4181]: Failed password for invalid user p from 192.160.102.169 port 6047 ssh2
Jul 10 10:30:10 server sshd[2285]: pam_unix(sshd:session): session opened for user Julust by (uid=0)
Jul 10 10:30:18 server sshd[2285]: Received disconnect from Julust: disconnected by user
Jul 10 10:30:27 server sshd[4181]: Disconnecting: Too many authentication failures for p [preauth]
Jul 10 10:30:41 server sshd[4181]: Connection closed by 192.160.102.169 [preauth]
Jul 10 10:30:57 server sshd[8397]: Failed password for invalid user philip from 195.22.126.92 port 6799 ssh2
Jul 10 10:31:02 server sshd[2285]: Connection closed by 66.240.236.119 [preauth]
Jul 10 10:31:10 server sshd[8397]: Disconnecting: Too many authentication failures for philip [preauth]
Jul 10 10:31:18 server sshd[972]: Failed password for invalid user fax from 150.95.134.35 port 9527 ssh2
Jul 10 10:31:18 server sshd[8397]: Connection closed by 195.22.126.92 [preauth]
Jul 10 10:31:42 server sshd[972]: Disconnecting: Too many authentication failures for fax [preauth]
Jul 10 10:31:45 server sshd[3237]: Failed password for invalid user bobo from 122.114.228.193 port 4189 ssh2
Jul 10 10:31:47 server sshd[3237]: Disconnecting: Too many authentication failures for bobo [preauth]
Jul 10 10:31:47 server sshd[3237]: Connection closed by 122.114.228.193 [preauth]
Jul 10 10:31:47 server sshd[972]: Connection closed by 150.95.134.35 [preauth]
Jul 10 10:31:49 server sshd[722]: Accepted publickey for Corrie from 84.55.161.158 port 6457 ssh2: RSA f6:29:75:fe:ea:69:ef:9d:78:a7:28:f6:f0:ae:52:87
Jul 10 10:31:51 server sshd[722]: pam_unix(sshd:session): session opened for user Corrie by (uid=0)
Jul 10 10:31:55 server sshd[722]: Received disconnect from Corrie: disconnected by user
Jul 10 10:31:56 server sshd[39]: Failed password for invalid user temp from 223.112.20.250 port 2563 ssh2
Jul 10 10:31:56 server sshd[722]: Connection closed by 84.55.161.158 [preauth]
Jul 10 10:31:57 server sshd[39]: Disconnecting: Too many authentication failures for temp [preauth]
Jul 10 10:32:05 server sshd[3436]: Failed password for invalid user master from 183.207.214.35 port 4819 ssh2
Jul 10 10:32:06 server sshd[4280]: Failed password for invalid user temp from 223.112.20.250 port 9816 ssh2
Jul 10 10:32:15 server sshd[39]: Connection closed by 223.112.20.250 [preauth]
Jul 10 10:32:16 server sshd[3436]: Disconnecting: Too many authentication failures for master [preauth]
Jul 10 10:32:26 server sshd[6277]: Failed password for invalid user nolan from 190.110.86.23 port 2281 ssh2
Jul 10 10:32:30 server sshd[6277]: Disconnecting: Too many authentication failures for nolan [preauth]
Jul 10 10:32:34 server sshd[3436]: Connection closed by 183.207.214.35 [preauth]
Jul 10 10:32:59 server sshd[6277]: Connection closed by 190.110.86.23 [preauth]
Jul 10 10:33:01 server sshd[1584]: Failed password for invalid user sunshine from 221.194.47.224 port 881 ssh2
Jul 10 10:33:19 server sshd[4280]: Disconnecting: Too many authentication failures for temp [preauth]
Jul 10 10:33:26 server sshd[4280]: Connection closed by 223.112.20.250 [preauth]
Jul 10 10:33:33 server sshd[7172]: Failed password for invalid user gamer from 159.180.230.193 port 4669 ssh2
Jul 10 10:33:37 server sshd[7172]: Disconnecting: Too many authentication failures for gamer [preauth]
Jul 10 10:33:39 server sshd[7172]: Connection closed by 159.180.230.193 [preauth]
Jul 10 10:33:50 server sshd[1584]: Disconnecting: Too many authentication failures for sunshine [preauth]
Jul 10 10:33:53 server sshd[1584]: Connection closed by 221.194.47.224 [preauth]
Jul 10 10:33:59 server sshd[1540]: Failed password for invalid user mm from 185.165.29.200 port 7721 ssh2
Jul 10 10:34:04 server sshd[1540]: Disconnecting: Too many authentication failures for mm [preauth]
Jul 10 10:34:07 server sshd[9433]: Accepted publickey for Staford from 80.229.16.15 port 3789 ssh2: RSA f6:61:77:fe:ea:45:ef:9d:78:a7:23:f6:f0:ae:15:55
Jul 10 10:34:12 server sshd[1540]: Connection closed by 185.165.29.200 [preauth]
Jul 10 10:34:12 server sshd[91]: Failed password for invalid user family from 149.56.223.241 port 7817 ssh2
Jul 10 10:34:16 server sshd[9433]: pam_unix(sshd:session): session opened for user Staford by (uid=0)
Jul 10 10:34:23 server sshd[91]: Disconnecting: Too many authentication failures for family [preauth]
Jul 10 10:34:24 server sshd[91]: Connection closed by 149.56.223.241 [preauth]
Jul 10 10:34:24 server sshd[9433]: Received disconnect from Staford: disconnected by user
Jul 10 10:34:38 server sshd[9433]: Connection closed by 80.229.16.15 [preauth]
Jul 10 10:34:42 server sshd[4537]: Failed password for invalid user teacher from 222.239.97.157 port 3386 ssh2
Jul 10 10:34:48 server sshd[4537]: Disconnecting: Too many authentication failures for teacher [preauth]
Jul 10 10:34:50 server sshd[4575]: Failed password for invalid user roots from 211.104.172.41 port 1273 ssh2
Jul 10 10:34:50 server sshd[7886]: Failed password for invalid user tempuser from 223.167.85.18 port 3724 ssh2
Jul 10 10:34:53 server sshd[4575]: Disconnecting: Too many authentication failures for roots [preauth]
Jul 10 10:35:09 server sshd[7886]: Disconnecting: Too many authentication failures for tempuser [preauth]
Jul 10 10:35:19 server sshd[4537]: Connection closed by 222.239.97.157 [preauth]
Jul 10 10:35:23 server sshd[4575]: Connection closed by 211.104.172.41 [preauth]
Jul 10 10:35:28 server sshd[7886]: Connection closed by 223.167.85.18 [preauth]
Jul 10 10:35:39 server sshd[2915]: Accepted publickey for Gates from 106.38.3.253 port 7457 ssh2: RSA f6:23:90:fe:ea:71:ef:9d:78:a7:47:f6:f0:ae:51:66
Jul 10 10:35:40 server sshd[2915]: pam_unix(sshd:session): session opened for user Gates by (uid=0)
Jul 10 10:35:42 server sshd[5096]: Failed password for invalid user change from 123.207.147.187 port 9625 ssh2
Jul 10 10:35:49 server sshd[5096]: Disconnecting: Too many authentication failures for change [preauth]
Jul 10 10:35:50 server sshd[2915]: Received disconnect from Gates: disconnected by user
Jul 10 10:35:51 server sshd[2915]: Connection closed by 106.38.3.253 [preauth]
Jul 10 10:35:54 server sshd[393]: Accepted publickey for Ross from 68.15.229.215 port 1048 ssh2: RSA f6:51:89:fe:ea:77:ef:9d:78:a7:94:f6:f0:ae:54:2
Jul 10 10:35:56 server sshd[5096]: Connection closed by 123.207.147.187 [preauth]
Jul 10 10:35:56 server sshd[393]: pam_unix(sshd:session): session opened for user Ross by (uid=0)
Jul 10 10:36:11 server sshd[393]: Received disconnect from Ross: disconnected by user
Jul 10 10:36:11 server sshd[393]: Connection closed by 68.15.229.215 [preauth]
Jul 10 10:36:13 server sshd[7111]: Failed password for invalid user stream from 220.118.150.190 port 8299 ssh2
Jul 10 10:36:45 server sshd[7111]: Disconnecting: Too many authentication failures for stream [preauth]
Jul 10 10:36:59 server sshd[7111]: Connection closed by 220.118.150.190 [preauth]
Jul 10 10:37:04 server sshd[122]: Accepted publickey for Kalil from 51.255.167.195 port 8629 ssh2: RSA f6:31:36:fe:ea:73:ef:9d:78:a7:88:f6:f0:ae:72:59
Jul 10 10:37:07 server sshd[9172]: Accepted publickey for Cherice from 192.29.213.69 port 1275 ssh2: RSA f6:67:46:fe:ea:59:ef:9d:78:a7:7:f6:f0:ae:81:54
Jul 10 10:37:17 server sshd[9172]: pam_unix(sshd:session): session opened for user Cherice by (uid=0)
Jul 10 10:37:19 server sshd[8727]: Failed password for invalid user ace from 192.159.204.234 port 8172 ssh2
Jul 10 10:37:24 server sshd[8727]: Disconnecting: Too many authentication failures for ace [preauth]
Jul 10 10:37:25 server sshd[8727]: Connection closed by 192.159.204.234 [preauth]
Jul 10 10:37:33 server sshd[9172]: Received disconnect from Cherice: disconnected by user
Jul 10 10:37:40 server sshd[9172]: Connection closed by 192.29.213.69 [preauth]
Jul 10 10:37:44 server sshd[122]: pam_unix(sshd:session): session opened for user Kalil by (uid=0)
Jul 10 10:37:54 server sshd[1577]: Failed password for invalid user remoto from 203.229.227.133 port 1182 ssh2
Jul 10 10:38:04 server sshd[122]: Received disconnect from Kalil: disconnected by user
Jul 10 10:38:17 server sshd[5877]: Accepted publickey for Karrah from 80.31.210.196 port 6061 ssh2: RSA f6:16:25:fe:ea:62:ef:9d:78:a7:7:f6:f0:ae:17:47
Jul 10 10:38:18 server sshd[122]: Connection closed by 51.255.167.195 [preauth]
Jul 10 10:38:27 server sshd[5877]: pam_unix(sshd:session): session opened for user Karrah by (uid=0)
Jul 10 10:38:28 server sshd[1577]: Disconnecting: Too many authentication failures for remoto [preauth]
Jul 10 10:38:33 server sshd[5877]: Received disconnect from Karrah: disconnected by user
Jul 10 10:38:35 server sshd[1577]: Connection closed by 203.229.227.133 [preauth]
Jul 10 10:38:39 server sshd[3870]: Failed password for invalid user minecraftserver from 185.140.117.4 port 7454 ssh2
Jul 10 10:38:40 server sshd[5877]: Connection closed by 80.31.210.196 [preauth]
Jul 10 10:38:44 server sshd[3870]: Disconnecting: Too many authentication failures for minecraftserver [preauth]
Jul 10 10:38:48 server sshd[3870]: Connection closed by 185.140.117.4 [preauth]
Jul 10 10:38:58 server sshd[9590]: Failed password for invalid user subversion from 221.178.157.244 port 9211 ssh2
Jul 10 10:38:58 server sshd[2095]: Failed password for invalid user site01 from 217.72.73.2 port 5103 ssh2
Jul 10 10:39:14 server sshd[9590]: Disconnecting: Too many authentication failures for subversion [preauth]
Jul 10 10:39:15 server sshd[9590]: Connection closed by 221.178.157.244 [preauth]
Jul 10 10:39:18 server sshd[2095]: Disconnecting: Too many authentication failures for site01 [preauth]
Jul 10 10:39:22 server sshd[2528]: Failed password for invalid user Manager from 111.125.250.244 port 9622 ssh2
Jul 10 10:39:23 server sshd[8327]: Failed password for invalid user daniel from 128.199.181.237 port 2358 ssh2
Jul 10 10:39:27 server sshd[8327]: Disconnecting: Too many authentication failures for daniel [preauth]
Jul 10 10:39:31 server sshd[2095]: Connection closed by 217.72.73.2 [preauth]
Jul 10 10:39:39 server sshd[8327]: Connection closed by 128.199.181.237 [preauth]
Jul 10 10:39:45 server sshd[353]: Failed password for invalid user antonio from 192.10.50.200 port 3618 ssh2
Jul 10 10:39:51 server sshd[353]: Disconnecting: Too many authentication failures for antonio [preauth]
Jul 10 10:39:53 server sshd[4512]: Failed password for invalid user dasusr1 from 128.52.128.105 port 3764 ssh2
Jul 10 10:40:05 server sshd[353]: Connection closed by 192.10.50.200 [preauth]
Jul 10 10:40:06 server sshd[3440]: Failed password for invalid user pradeep from 199.87.154.255 port 7292 ssh2
Jul 10 10:40:17 server sshd[4512]: Disconnecting: Too many authentication failures for dasusr1 [preauth]
Jul 10 10:40:19 server sshd[2528]: Disconnecting: Too many authentication failures for Manager [preauth]
Jul 10 10:40:37 server sshd[3440]: Disconnecting: Too many authentication failures for pradeep [preauth]
Jul 10 10:40:39 server sshd[4512]: Connection closed by 128.52.128.105 [preauth]
Jul 10 10:40:50 server sshd[3440]: Connection closed by 199.87.154.255 [preauth]
Jul 10 10:40:57 server sshd[3973]: Failed password for invalid user 1z2x3c from 192.168.152.23 port 2322 ssh2
Jul 10 10:41:00 server sshd[2528]: Connection closed by 111.125.250.244 [preauth]
Jul 10 10:41:04 server sshd[2204]: Failed password for invalid user mcserver from 183.88.36.241 port 1191 ssh2
Jul 10 10:41:05 server sshd[3973]: Disconnecting: Too many authentication failures for 1z2x3c [preauth]
Jul 10 10:41:06 server sshd[3973]: Connection closed by 192.168.152.23 [preauth]
Jul 10 10:41:11 server sshd[4767]: Failed password for invalid user matt from 183.57.72.60 port 6773 ssh2
Jul 10 10:41:12 server sshd[7482]: Accepted publickey for Daniel from 50.251.81.198 port 3301 ssh2: RSA f6:81:71:fe:ea:52:ef:9d:78:a7:64:f6:f0:ae:55:25
Jul 10 10:41:13 server sshd[7482]: pam_unix(sshd:session): session opened for user Daniel by (uid=0)
Jul 10 10:41:16 server sshd[2204]: Disconnecting: Too many authentication failures for mcserver [preauth]
Jul 10 10:41:27 server sshd[4767]: Disconnecting: Too many authentication failures for matt [preauth]
Jul 10 10:41:30 server sshd[4767]: Connection closed by 183.57.72.60 [preauth]
Jul 10 10:41:40 server sshd[7482]: Received disconnect from Daniel: disconnected by user
Jul 10 10:41:42 server sshd[2204]: Connection closed by 183.88.36.241 [preauth]
Jul 10 10:41:47 server sshd[7482]: Connection closed by 50.251.81.198 [preauth]
Jul 10 10:41:48 server sshd[7950]: Failed password for invalid user Pa$$w0rd from 192.115.105.90 port 7665 ssh2
Jul 10 10:41:49 server sshd[7779]: Failed password for invalid user office from 190.166.171.102 port 666 ssh2
Jul 10 10:41:52 server sshd[7950]: Disconnecting: Too many authentication failures for Pa$$w0rd [preauth]
Jul 10 10:41:55 server sshd[7779]: Disconnecting: Too many authentication failures for office [preauth]
Jul 10 10:41:57 server sshd[4017]: Accepted publickey for Amabel from 41.73.194.139 port 2545 ssh2: RSA f6:41:66:fe:ea:4:ef:9d:78:a7:54:f6:f0:ae:91:91
Jul 10 10:42:01 server sshd[4017]: pam_unix(sshd:session): session opened for user Amabel by (uid=0)
Jul 10 10:42:04 server sshd[7950]: Connection closed by 192.115.105.90 [preauth]
Jul 10 10:42:14 server sshd[4017]: Received disconnect from Amabel: disconnected by user
Jul 10 10:42:14 server sshd[918]: Failed password for invalid user new from 188.166.232.218 port 4214 ssh2
Jul 10 10:42:23 server sshd[4017]: Connection closed by 41.73.194.139 [preauth]
Jul 10 10:42:23 server sshd[7779]: Connection closed by 190.166.171.102 [preauth]
Jul 10 10:42:36 server sshd[1944]: Failed password for invalid user christian from 123.207.234.56 port 7312 ssh2
Jul 10 10:42:36 server sshd[1944]: Disconnecting: Too many authentication failures for christian [preauth]
Jul 10 10:42:43 server sshd[918]: Disconnecting: Too many authentication failures for new [preauth]
Jul 10 10:42:51 server sshd[918]: Connection closed by 188.166.232.218 [preauth]
Jul 10 10:42:51 server sshd[5503]: Failed password for invalid user robot from 209.141.40.127 port 9596 ssh2
